Archive member included to satisfy reference by file (symbol)

/usr/lib/gap_riscv_toolchain/bin/../lib/gcc/riscv32-unknown-elf/7.1.1/../../../../riscv32-unknown-elf/lib/rv32imcxgap8/ilp32/libm.a(lib_a-s_round.o)
                              /module/deploy/vision/BUILD/GAP8_V2/GCC_RISCV_FREERTOS/imageUtils.o (round)
/usr/lib/gap_riscv_toolchain/bin/../lib/gcc/riscv32-unknown-elf/7.1.1/../../../../riscv32-unknown-elf/lib/rv32imcxgap8/ilp32/libm.a(lib_a-wf_log10.o)
                              /module/deploy/vision/BUILD/GAP8_V2/GCC_RISCV_FREERTOS//gap_sdk/tools/autotiler_v3/DSP_Libraries/MfccBasicKernels.o (log10f)
/usr/lib/gap_riscv_toolchain/bin/../lib/gcc/riscv32-unknown-elf/7.1.1/../../../../riscv32-unknown-elf/lib/rv32imcxgap8/ilp32/libm.a(lib_a-w_sqrt.o)
                              /module/deploy/vision/BUILD/GAP8_V2/GCC_RISCV_FREERTOS//gap_sdk/tools/autotiler_v3/DSP_Libraries/CmplxFunctions.o (sqrt)
/usr/lib/gap_riscv_toolchain/bin/../lib/gcc/riscv32-unknown-elf/7.1.1/../../../../riscv32-unknown-elf/lib/rv32imcxgap8/ilp32/libm.a(lib_a-ef_log10.o)
                              /usr/lib/gap_riscv_toolchain/bin/../lib/gcc/riscv32-unknown-elf/7.1.1/../../../../riscv32-unknown-elf/lib/rv32imcxgap8/ilp32/libm.a(lib_a-wf_log10.o) (__ieee754_log10f)
/usr/lib/gap_riscv_toolchain/bin/../lib/gcc/riscv32-unknown-elf/7.1.1/../../../../riscv32-unknown-elf/lib/rv32imcxgap8/ilp32/libm.a(lib_a-ef_log.o)
                              /usr/lib/gap_riscv_toolchain/bin/../lib/gcc/riscv32-unknown-elf/7.1.1/../../../../riscv32-unknown-elf/lib/rv32imcxgap8/ilp32/libm.a(lib_a-ef_log10.o) (__ieee754_logf)
/usr/lib/gap_riscv_toolchain/bin/../lib/gcc/riscv32-unknown-elf/7.1.1/../../../../riscv32-unknown-elf/lib/rv32imcxgap8/ilp32/libm.a(lib_a-e_sqrt.o)
                              /usr/lib/gap_riscv_toolchain/bin/../lib/gcc/riscv32-unknown-elf/7.1.1/../../../../riscv32-unknown-elf/lib/rv32imcxgap8/ilp32/libm.a(lib_a-w_sqrt.o) (__ieee754_sqrt)
/usr/lib/gap_riscv_toolchain/bin/../lib/gcc/riscv32-unknown-elf/7.1.1/../../../../riscv32-unknown-elf/lib/rv32imcxgap8/ilp32/libm.a(lib_a-s_lib_ver.o)
                              /usr/lib/gap_riscv_toolchain/bin/../lib/gcc/riscv32-unknown-elf/7.1.1/../../../../riscv32-unknown-elf/lib/rv32imcxgap8/ilp32/libm.a(lib_a-wf_log10.o) (__fdlib_version)
/usr/lib/gap_riscv_toolchain/bin/../lib/gcc/riscv32-unknown-elf/7.1.1/../../../../riscv32-unknown-elf/lib/rv32imcxgap8/ilp32/libm.a(lib_a-s_matherr.o)
                              /usr/lib/gap_riscv_toolchain/bin/../lib/gcc/riscv32-unknown-elf/7.1.1/../../../../riscv32-unknown-elf/lib/rv32imcxgap8/ilp32/libm.a(lib_a-wf_log10.o) (matherr)
/usr/lib/gap_riscv_toolchain/bin/../lib/gcc/riscv32-unknown-elf/7.1.1/../../../../riscv32-unknown-elf/lib/rv32imcxgap8/ilp32/libm.a(lib_a-s_nan.o)
                              /usr/lib/gap_riscv_toolchain/bin/../lib/gcc/riscv32-unknown-elf/7.1.1/../../../../riscv32-unknown-elf/lib/rv32imcxgap8/ilp32/libm.a(lib_a-wf_log10.o) (nan)
/usr/lib/gap_riscv_toolchain/bin/../lib/gcc/riscv32-unknown-elf/7.1.1/rv32imcxgap8/ilp32/libgcc.a(_bswapsi2.o)
                              /module/deploy/vision/BUILD/GAP8_V2/GCC_RISCV_FREERTOS//gap_sdk/rtos/pmsis/bsp/fs/lfs/lfs.o (__bswapsi2)
/usr/lib/gap_riscv_toolchain/bin/../lib/gcc/riscv32-unknown-elf/7.1.1/rv32imcxgap8/ilp32/libgcc.a(_divdi3.o)
                              /module/deploy/vision/BUILD/GAP8_V2/GCC_RISCV_FREERTOS//gap_sdk/rtos/freeRTOS/vendors/gwt/pmsis/backend/pmsis_backend_native_task_api.o (__divdi3)
/usr/lib/gap_riscv_toolchain/bin/../lib/gcc/riscv32-unknown-elf/7.1.1/rv32imcxgap8/ilp32/libgcc.a(_udivdi3.o)
                              /module/deploy/vision/BUILD/GAP8_V2/GCC_RISCV_FREERTOS//gap_sdk/rtos/freeRTOS/vendors/gwt/pmsis/backend/pmsis_backend_native_task_api.o (__udivdi3)
/usr/lib/gap_riscv_toolchain/bin/../lib/gcc/riscv32-unknown-elf/7.1.1/rv32imcxgap8/ilp32/libgcc.a(adddf3.o)
                              /module/deploy/vision/BUILD/GAP8_V2/GCC_RISCV_FREERTOS/gatenet.o (__adddf3)
/usr/lib/gap_riscv_toolchain/bin/../lib/gcc/riscv32-unknown-elf/7.1.1/rv32imcxgap8/ilp32/libgcc.a(divdf3.o)
                              /module/deploy/vision/BUILD/GAP8_V2/GCC_RISCV_FREERTOS//gap_sdk/tools/autotiler_v3/DSP_Libraries/FFT_Library.o (__divdf3)
/usr/lib/gap_riscv_toolchain/bin/../lib/gcc/riscv32-unknown-elf/7.1.1/rv32imcxgap8/ilp32/libgcc.a(eqdf2.o)
                              /module/deploy/vision/BUILD/GAP8_V2/GCC_RISCV_FREERTOS//gap_sdk/rtos/freeRTOS/vendors/gwt/libs/printf/printf.o (__nedf2)
/usr/lib/gap_riscv_toolchain/bin/../lib/gcc/riscv32-unknown-elf/7.1.1/rv32imcxgap8/ilp32/libgcc.a(gedf2.o)
                              /module/deploy/vision/BUILD/GAP8_V2/GCC_RISCV_FREERTOS//gap_sdk/rtos/freeRTOS/vendors/gwt/libs/printf/printf.o (__gedf2)
/usr/lib/gap_riscv_toolchain/bin/../lib/gcc/riscv32-unknown-elf/7.1.1/rv32imcxgap8/ilp32/libgcc.a(ledf2.o)
[...]
Memory Configuration

Name             Origin             Length             Attributes
FC_tcdm          0x000000001b000000 0x0000000000004000
fc_tcdm_aliased  0x0000000000000004 0x0000000000003ffc
L2               0x000000001c000000 0x0000000000080000
L1_sram          0x0000000010000000 0x0000000000010000
*default*        0x0000000000000000 0xffffffffffffffff

Linker script and memory map

LOAD /module/deploy/vision/BUILD/GAP8_V2/GCC_RISCV_FREERTOS/gatenet.o
LOAD /module/deploy/vision/BUILD/GAP8_V2/GCC_RISCV_FREERTOS/imageUtils.o
LOAD /module/deploy/vision/BUILD/GAP8_V2/GCC_RISCV_FREERTOS/../lib/cpx/src/com.o
LOAD /module/deploy/vision/BUILD/GAP8_V2/GCC_RISCV_FREERTOS/../lib/cpx/src/cpx.o
LOAD /module/deploy/vision/BUILD/GAP8_V2/GCC_RISCV_FREERTOS/BUILD_MODEL_SQ8BIT/gatenetKernels.o
LOAD /module/deploy/vision/BUILD/GAP8_V2/GCC_RISCV_FREERTOS//gap_sdk/libs/gap_lib/img_io/ImgIO.o
LOAD /module/deploy/vision/BUILD/GAP8_V2/GCC_RISCV_FREERTOS//gap_sdk/tools/autotiler_v3/CNN_Libraries/SSD_BasicKernels.o
LOAD /module/deploy/vision/BUILD/GAP8_V2/GCC_RISCV_FREERTOS//gap_sdk/tools/autotiler_v3/Generators/BilinearResizes/ResizeBasicKernels.o
LOAD /module/deploy/vision/BUILD/GAP8_V2/GCC_RISCV_FREERTOS//gap_sdk/tools/autotiler_v3/CNN_Libraries/CNN_Copy.o
LOAD /module/deploy/vision/BUILD/GAP8_V2/GCC_RISCV_FREERTOS//gap_sdk/tools/autotiler_v3/CNN_Libraries_SQ8/CNN_AT_Misc.o
LOAD /module/deploy/vision/BUILD/GAP8_V2/GCC_RISCV_FREERTOS//gap_sdk/tools/autotiler_v3/DSP_Libraries/CmplxFunctions.o
LOAD /module/deploy/vision/BUILD/GAP8_V2/GCC_RISCV_FREERTOS//gap_sdk/tools/autotiler_v3/DSP_Libraries/MatMulDSP.o
LOAD /module/deploy/vision/BUILD/GAP8_V2/GCC_RISCV_FREERTOS//gap_sdk/tools/autotiler_v3/DSP_Libraries/FFT_Library.o
LOAD /module/deploy/vision/BUILD/GAP8_V2/GCC_RISCV_FREERTOS//gap_sdk/tools/autotiler_v3/DSP_Libraries/MfccBasicKernels.o
LOAD /module/deploy/vision/BUILD/GAP8_V2/GCC_RISCV_FREERTOS//gap_sdk/tools/autotiler_v3/DSP_Libraries/PreProcessing.o
LOAD /module/deploy/vision/BUILD/GAP8_V2/GCC_RISCV_FREERTOS//gap_sdk/tools/autotiler_v3/DSP_Libraries/math_funcs.o
LOAD /module/deploy/vision/BUILD/GAP8_V2/GCC_RISCV_FREERTOS//gap_sdk/tools/autotiler_v3/DSP_Libraries/pulp_dsp/plp_cos_f32s_xpulpv2.o
LOAD /module/deploy/vision/BUILD/GAP8_V2/GCC_RISCV_FREERTOS//gap_sdk/tools/autotiler_v3/DSP_Libraries/pulp_dsp/plp_sin_f32s_xpulpv2.o
LOAD /module/deploy/vision/BUILD/GAP8_V2/GCC_RISCV_FREERTOS//gap_sdk/tools/autotiler_v3/DSP_Libraries/pulp_dsp/plp_common_tables.o
LOAD /module/deploy/vision/BUILD/GAP8_V2/GCC_RISCV_FREERTOS//gap_sdk/tools/autotiler_v3/CNN_Libraries_SQ8/CNN_Activation_SQ8.o
LOAD /module/deploy/vision/BUILD/GAP8_V2/GCC_RISCV_FREERTOS//gap_sdk/tools/autotiler_v3/CNN_Libraries_SQ8/CNN_Activation_HWC_SQ8.o
LOAD /module/deploy/vision/BUILD/GAP8_V2/GCC_RISCV_FREERTOS//gap_sdk/tools/autotiler_v3/CNN_Libraries_SQ8/CNN_Bias_Linear_SQ8.o
LOAD /module/deploy/vision/BUILD/GAP8_V2/GCC_RISCV_FREERTOS//gap_sdk/tools/autotiler_v3/CNN_Libraries_SQ8/CNN_Conv_SQ8.o
LOAD /module/deploy/vision/BUILD/GAP8_V2/GCC_RISCV_FREERTOS//gap_sdk/tools/autotiler_v3/CNN_Libraries_SQ8/CNN_MatMul_Conv_SQ8.o
LOAD /module/deploy/vision/BUILD/GAP8_V2/GCC_RISCV_FREERTOS//gap_sdk/tools/autotiler_v3/CNN_Libraries_SQ8/CNN_Pooling_SQ8.o
LOAD /module/deploy/vision/BUILD/GAP8_V2/GCC_RISCV_FREERTOS//gap_sdk/tools/autotiler_v3/CNN_Libraries_SQ8/CNN_Conv_DW_SQ8.o
LOAD /module/deploy/vision/BUILD/GAP8_V2/GCC_RISCV_FREERTOS//gap_sdk/tools/autotiler_v3/CNN_Libraries_SQ8/CNN_Conv_DW_Red_SQ8.o
LOAD /module/deploy/vision/BUILD/GAP8_V2/GCC_RISCV_FREERTOS//gap_sdk/tools/autotiler_v3/CNN_Libraries_SQ8/CNN_MatAlgebra_SQ8.o
LOAD /module/deploy/vision/BUILD/GAP8_V2/GCC_RISCV_FREERTOS//gap_sdk/tools/autotiler_v3/CNN_Libraries_SQ8/CNN_SoftMax_SQ8.o
LOAD /module/deploy/vision/BUILD/GAP8_V2/GCC_RISCV_FREERTOS//gap_sdk/tools/autotiler_v3/CNN_Libraries_SQ8/RNN_SQ8.o
LOAD /module/deploy/vision/BUILD/GAP8_V2/GCC_RISCV_FREERTOS//gap_sdk/libs/gap_lib/jpeg/dct.o
LOAD /module/deploy/vision/BUILD/GAP8_V2/GCC_RISCV_FREERTOS//gap_sdk/libs/gap_lib/jpeg/jpeg_constants.o
LOAD /module/deploy/vision/BUILD/GAP8_V2/GCC_RISCV_FREERTOS//gap_sdk/libs/gap_lib/jpeg/jpeg_encoder.o
LOAD /module/deploy/vision/BUILD/GAP8_V2/GCC_RISCV_FREERTOS//gap_sdk/libs/gap_lib/jpeg/cluster.o
LOAD /module/deploy/vision/BUILD/GAP8_V2/GCC_RISCV_FREERTOS//gap_sdk/rtos/freeRTOS/vendors/gwt/gap8/src/device/startup_gap8.o
LOAD /module/deploy/vision/BUILD/GAP8_V2/GCC_RISCV_FREERTOS//gap_sdk/rtos/freeRTOS/vendors/gwt/gap8/src/device/gap8_iet.o
LOAD /module/deploy/vision/BUILD/GAP8_V2/GCC_RISCV_FREERTOS//gap_sdk/rtos/freeRTOS/vendors/gwt/gap8/pmsis/cluster/drivers/cluster_synchronisation/cluster_core.o
LOAD /module/deploy/vision/BUILD/GAP8_V2/GCC_RISCV_FREERTOS//gap_sdk/rtos/freeRTOS/vendors/gwt/gap8/pmsis/util/asm_util.o
LOAD /module/deploy/vision/BUILD/GAP8_V2/GCC_RISCV_FREERTOS//gap_sdk/rtos/freeRTOS/freertos_kernel/portable/GCC/RI5CY-GAP8/port_asm.o
LOAD /module/deploy/vision/BUILD/GAP8_V2/GCC_RISCV_FREERTOS//gap_sdk/rtos/freeRTOS/vendors/gwt/gap8/src/device/system_gap8.o
LOAD /module/deploy/vision/BUILD/GAP8_V2/GCC_RISCV_FREERTOS//gap_sdk/rtos/freeRTOS/vendors/gwt/gap8/src/device/gap8_it.o
LOAD /module/deploy/vision/BUILD/GAP8_V2/GCC_RISCV_FREERTOS//gap_sdk/rtos/freeRTOS/vendors/gwt/gap8/src/driver/gap_io.o
LOAD /module/deploy/vision/BUILD/GAP8_V2/GCC_RISCV_FREERTOS//gap_sdk/rtos/freeRTOS/vendors/gwt/libs/src/errno.o
LOAD /module/deploy/vision/BUILD/GAP8_V2/GCC_RISCV_FREERTOS//gap_sdk/rtos/freeRTOS/vendors/gwt/libs/src/stdlib.o
LOAD /module/deploy/vision/BUILD/GAP8_V2/GCC_RISCV_FREERTOS//gap_sdk/rtos/freeRTOS/vendors/gwt/libs/src/string.o
LOAD /module/deploy/vision/BUILD/GAP8_V2/GCC_RISCV_FREERTOS//gap_sdk/rtos/freeRTOS/vendors/gwt/gap8/pmsis/cluster/malloc/cl_malloc.o
LOAD /module/deploy/vision/BUILD/GAP8_V2/GCC_RISCV_FREERTOS//gap_sdk/rtos/freeRTOS/vendors/gwt/gap8/pmsis/cluster/drivers/cluster_synchronisation/cl_to_fc_delegate.o
LOAD /module/deploy/vision/BUILD/GAP8_V2/GCC_RISCV_FREERTOS//gap_sdk/rtos/freeRTOS/vendors/gwt/gap8/pmsis/cluster/drivers/cluster_synchronisation/fc_to_cl_delegate.o
LOAD /module/deploy/vision/BUILD/GAP8_V2/GCC_RISCV_FREERTOS//gap_sdk/rtos/freeRTOS/vendors/gwt/gap8/pmsis/cluster/drivers/cluster_team/cl_team.o
LOAD /module/deploy/vision/BUILD/GAP8_V2/GCC_RISCV_FREERTOS//gap_sdk/rtos/freeRTOS/vendors/gwt/gap8/pmsis/cluster/drivers/delegate/hyperbus/hyperbus_cl_internal.o
LOAD /module/deploy/vision/BUILD/GAP8_V2/GCC_RISCV_FREERTOS//gap_sdk/rtos/freeRTOS/vendors/gwt/gap8/pmsis/cluster/drivers/delegate/uart/uart_cl_internal.o
LOAD /module/deploy/vision/BUILD/GAP8_V2/GCC_RISCV_FREERTOS//gap_sdk/rtos/freeRTOS/vendors/gwt/gap8/pmsis/cluster/drivers/dma/cl_dma_irq.o
LOAD /module/deploy/vision/BUILD/GAP8_V2/GCC_RISCV_FREERTOS//gap_sdk/rtos/freeRTOS/vendors/gwt/gap8/pmsis/drivers/fc_event/fc_event.o
LOAD /module/deploy/vision/BUILD/GAP8_V2/GCC_RISCV_FREERTOS//gap_sdk/rtos/freeRTOS/vendors/gwt/gap8/pmsis/drivers/fll/fll.o
LOAD /module/deploy/vision/BUILD/GAP8_V2/GCC_RISCV_FREERTOS//gap_sdk/rtos/freeRTOS/vendors/gwt/gap8/pmsis/drivers/gpio/gpio.o
LOAD /module/deploy/vision/BUILD/GAP8_V2/GCC_RISCV_FREERTOS//gap_sdk/rtos/freeRTOS/vendors/gwt/gap8/pmsis/drivers/pad/pad.o
LOAD /module/deploy/vision/BUILD/GAP8_V2/GCC_RISCV_FREERTOS//gap_sdk/rtos/freeRTOS/vendors/gwt/gap8/pmsis/drivers/pmu/pmu.o
LOAD /module/deploy/vision/BUILD/GAP8_V2/GCC_RISCV_FREERTOS//gap_sdk/rtos/freeRTOS/vendors/gwt/gap8/pmsis/drivers/pmu/pmu_internal.o
LOAD /module/deploy/vision/BUILD/GAP8_V2/GCC_RISCV_FREERTOS//gap_sdk/rtos/freeRTOS/vendors/gwt/gap8/pmsis/drivers/pwm/pwm.o
LOAD /module/deploy/vision/BUILD/GAP8_V2/GCC_RISCV_FREERTOS//gap_sdk/rtos/freeRTOS/vendors/gwt/gap8/pmsis/drivers/pwm/pwm_internal.o
LOAD /module/deploy/vision/BUILD/GAP8_V2/GCC_RISCV_FREERTOS//gap_sdk/rtos/freeRTOS/vendors/gwt/gap8/pmsis/drivers/rtc/rtc.o
LOAD /module/deploy/vision/BUILD/GAP8_V2/GCC_RISCV_FREERTOS//gap_sdk/rtos/freeRTOS/vendors/gwt/gap8/pmsis/drivers/rtc/rtc_internal.o
LOAD /module/deploy/vision/BUILD/GAP8_V2/GCC_RISCV_FREERTOS//gap_sdk/rtos/freeRTOS/vendors/gwt/gap8/pmsis/drivers/timer/timer.o
LOAD /module/deploy/vision/BUILD/GAP8_V2/GCC_RISCV_FREERTOS//gap_sdk/rtos/freeRTOS/vendors/gwt/gap8/pmsis/drivers/udma/hyperbus/hyperbus.o
LOAD /module/deploy/vision/BUILD/GAP8_V2/GCC_RISCV_FREERTOS//gap_sdk/rtos/freeRTOS/vendors/gwt/gap8/pmsis/drivers/udma/hyperbus/hyperbus_internal.o
LOAD /module/deploy/vision/BUILD/GAP8_V2/GCC_RISCV_FREERTOS//gap_sdk/rtos/freeRTOS/vendors/gwt/gap8/pmsis/drivers/udma/cpi/cpi.o
LOAD /module/deploy/vision/BUILD/GAP8_V2/GCC_RISCV_FREERTOS//gap_sdk/rtos/freeRTOS/vendors/gwt/gap8/pmsis/drivers/udma/cpi/cpi_internal.o
LOAD /module/deploy/vision/BUILD/GAP8_V2/GCC_RISCV_FREERTOS//gap_sdk/rtos/freeRTOS/vendors/gwt/gap8/pmsis/drivers/udma/dmacpy/dmacpy.o
LOAD /module/deploy/vision/BUILD/GAP8_V2/GCC_RISCV_FREERTOS//gap_sdk/rtos/freeRTOS/vendors/gwt/gap8/pmsis/drivers/udma/dmacpy/dmacpy_internal.o
LOAD /module/deploy/vision/BUILD/GAP8_V2/GCC_RISCV_FREERTOS//gap_sdk/rtos/freeRTOS/vendors/gwt/gap8/pmsis/drivers/udma/i2c/i2c.o
LOAD /module/deploy/vision/BUILD/GAP8_V2/GCC_RISCV_FREERTOS//gap_sdk/rtos/freeRTOS/vendors/gwt/gap8/pmsis/drivers/udma/i2c/i2c_internal.o
LOAD /module/deploy/vision/BUILD/GAP8_V2/GCC_RISCV_FREERTOS//gap_sdk/rtos/freeRTOS/vendors/gwt/gap8/pmsis/drivers/udma/i2s/i2s.o
LOAD /module/deploy/vision/BUILD/GAP8_V2/GCC_RISCV_FREERTOS//gap_sdk/rtos/freeRTOS/vendors/gwt/gap8/pmsis/drivers/udma/i2s/i2s_internal.o
LOAD /module/deploy/vision/BUILD/GAP8_V2/GCC_RISCV_FREERTOS//gap_sdk/rtos/freeRTOS/vendors/gwt/gap8/pmsis/drivers/udma/spi/spi.o
LOAD /module/deploy/vision/BUILD/GAP8_V2/GCC_RISCV_FREERTOS//gap_sdk/rtos/freeRTOS/vendors/gwt/gap8/pmsis/drivers/udma/spi/spi_internal.o
LOAD /module/deploy/vision/BUILD/GAP8_V2/GCC_RISCV_FREERTOS//gap_sdk/rtos/freeRTOS/vendors/gwt/gap8/pmsis/drivers/udma/uart/uart.o
LOAD /module/deploy/vision/BUILD/GAP8_V2/GCC_RISCV_FREERTOS//gap_sdk/rtos/freeRTOS/vendors/gwt/gap8/pmsis/drivers/udma/uart/uart_internal.o
LOAD /module/deploy/vision/BUILD/GAP8_V2/GCC_RISCV_FREERTOS//gap_sdk/rtos/pmsis/bsp/flash/flash.o
LOAD /module/deploy/vision/BUILD/GAP8_V2/GCC_RISCV_FREERTOS//gap_sdk/rtos/pmsis/bsp/partition/partition.o
LOAD /module/deploy/vision/BUILD/GAP8_V2/GCC_RISCV_FREERTOS//gap_sdk/rtos/pmsis/bsp/partition/flash_partition.o
LOAD /module/deploy/vision/BUILD/GAP8_V2/GCC_RISCV_FREERTOS//gap_sdk/rtos/pmsis/bsp/crc/md5.o
LOAD /module/deploy/vision/BUILD/GAP8_V2/GCC_RISCV_FREERTOS//gap_sdk/rtos/pmsis/bsp/fs/fs.o
LOAD /module/deploy/vision/BUILD/GAP8_V2/GCC_RISCV_FREERTOS//gap_sdk/rtos/pmsis/bsp/fs/lfs/lfs.o
LOAD /module/deploy/vision/BUILD/GAP8_V2/GCC_RISCV_FREERTOS//gap_sdk/rtos/pmsis/bsp/fs/lfs/lfs_util.o
LOAD /module/deploy/vision/BUILD/GAP8_V2/GCC_RISCV_FREERTOS//gap_sdk/rtos/pmsis/bsp/fs/lfs/pi_lfs.o
LOAD /module/deploy/vision/BUILD/GAP8_V2/GCC_RISCV_FREERTOS//gap_sdk/rtos/pmsis/bsp/fs/read_fs/read_fs.o
LOAD /module/deploy/vision/BUILD/GAP8_V2/GCC_RISCV_FREERTOS//gap_sdk/rtos/pmsis/bsp/fs/host_fs/host_fs.o
LOAD /module/deploy/vision/BUILD/GAP8_V2/GCC_RISCV_FREERTOS//gap_sdk/rtos/pmsis/bsp/ota/ota.o
LOAD /module/deploy/vision/BUILD/GAP8_V2/GCC_RISCV_FREERTOS//gap_sdk/rtos/pmsis/bsp/ota/ota_utility.o
LOAD /module/deploy/vision/BUILD/GAP8_V2/GCC_RISCV_FREERTOS//gap_sdk/rtos/pmsis/bsp/ota/updater.o
LOAD /module/deploy/vision/BUILD/GAP8_V2/GCC_RISCV_FREERTOS//gap_sdk/rtos/pmsis/bsp/bootloader/bootloader_utility.o
LOAD /module/deploy/vision/BUILD/GAP8_V2/GCC_RISCV_FREERTOS//gap_sdk/rtos/pmsis/bsp/bsp/ai_deck.o
LOAD /module/deploy/vision/BUILD/GAP8_V2/GCC_RISCV_FREERTOS//gap_sdk/rtos/pmsis/bsp/camera/camera.o
LOAD /module/deploy/vision/BUILD/GAP8_V2/GCC_RISCV_FREERTOS//gap_sdk/rtos/pmsis/bsp/camera/himax/himax.o
LOAD /module/deploy/vision/BUILD/GAP8_V2/GCC_RISCV_FREERTOS//gap_sdk/rtos/pmsis/bsp/flash/hyperflash/hyperflash.o
LOAD /module/deploy/vision/BUILD/GAP8_V2/GCC_RISCV_FREERTOS//gap_sdk/rtos/pmsis/bsp/ram/hyperram/hyperram.o
LOAD /module/deploy/vision/BUILD/GAP8_V2/GCC_RISCV_FREERTOS//gap_sdk/rtos/pmsis/bsp/ram/spiram/spiram.o
LOAD /module/deploy/vision/BUILD/GAP8_V2/GCC_RISCV_FREERTOS//gap_sdk/rtos/pmsis/bsp/flash/spiflash/spiflash.o
LOAD /module/deploy/vision/BUILD/GAP8_V2/GCC_RISCV_FREERTOS//gap_sdk/rtos/pmsis/bsp/ram/ram.o
LOAD /module/deploy/vision/BUILD/GAP8_V2/GCC_RISCV_FREERTOS//gap_sdk/rtos/pmsis/bsp/ram/alloc_extern.o
LOAD /module/deploy/vision/BUILD/GAP8_V2/GCC_RISCV_FREERTOS//gap_sdk/rtos/freeRTOS/vendors/gwt/pmsis/rtos/pi_log.o
LOAD /module/deploy/vision/BUILD/GAP8_V2/GCC_RISCV_FREERTOS//gap_sdk/rtos/freeRTOS/vendors/gwt/pmsis/rtos/event_kernel/event_kernel.o
LOAD /module/deploy/vision/BUILD/GAP8_V2/GCC_RISCV_FREERTOS//gap_sdk/rtos/freeRTOS/vendors/gwt/pmsis/rtos/mem_slab/mem_slab.o
LOAD /module/deploy/vision/BUILD/GAP8_V2/GCC_RISCV_FREERTOS//gap_sdk/rtos/freeRTOS/vendors/gwt/pmsis/rtos/malloc/cl_l1_malloc.o
LOAD /module/deploy/vision/BUILD/GAP8_V2/GCC_RISCV_FREERTOS//gap_sdk/rtos/freeRTOS/vendors/gwt/pmsis/rtos/malloc/fc_l1_malloc.o
LOAD /module/deploy/vision/BUILD/GAP8_V2/GCC_RISCV_FREERTOS//gap_sdk/rtos/freeRTOS/vendors/gwt/pmsis/rtos/malloc/l2_malloc.o
LOAD /module/deploy/vision/BUILD/GAP8_V2/GCC_RISCV_FREERTOS//gap_sdk/rtos/freeRTOS/vendors/gwt/pmsis/rtos/malloc/malloc_external.o
LOAD /module/deploy/vision/BUILD/GAP8_V2/GCC_RISCV_FREERTOS//gap_sdk/rtos/freeRTOS/vendors/gwt/pmsis/rtos/malloc/malloc_internal.o
LOAD /module/deploy/vision/BUILD/GAP8_V2/GCC_RISCV_FREERTOS//gap_sdk/rtos/freeRTOS/vendors/gwt/pmsis/rtos/malloc/pi_malloc.o
LOAD /module/deploy/vision/BUILD/GAP8_V2/GCC_RISCV_FREERTOS//gap_sdk/rtos/freeRTOS/vendors/gwt/pmsis/rtos/os/device.o
LOAD /module/deploy/vision/BUILD/GAP8_V2/GCC_RISCV_FREERTOS//gap_sdk/rtos/freeRTOS/vendors/gwt/pmsis/rtos/os/pmsis_task.o
LOAD /module/deploy/vision/BUILD/GAP8_V2/GCC_RISCV_FREERTOS//gap_sdk/rtos/freeRTOS/vendors/gwt/pmsis/backend/pmsis_backend_native_task_api.o
LOAD /module/deploy/vision/BUILD/GAP8_V2/GCC_RISCV_FREERTOS//gap_sdk/rtos/freeRTOS/freertos_kernel/portable/GCC/RI5CY-GAP8/port.o
LOAD /module/deploy/vision/BUILD/GAP8_V2/GCC_RISCV_FREERTOS//gap_sdk/rtos/freeRTOS/vendors/gwt/libs/printf/printf.o
LOAD /module/deploy/vision/BUILD/GAP8_V2/GCC_RISCV_FREERTOS//gap_sdk/rtos/freeRTOS/freertos_kernel/list.o
LOAD /module/deploy/vision/BUILD/GAP8_V2/GCC_RISCV_FREERTOS//gap_sdk/rtos/freeRTOS/freertos_kernel/queue.o
LOAD /module/deploy/vision/BUILD/GAP8_V2/GCC_RISCV_FREERTOS//gap_sdk/rtos/freeRTOS/freertos_kernel/tasks.o
LOAD /module/deploy/vision/BUILD/GAP8_V2/GCC_RISCV_FREERTOS//gap_sdk/rtos/freeRTOS/freertos_kernel/timers.o
LOAD /module/deploy/vision/BUILD/GAP8_V2/GCC_RISCV_FREERTOS//gap_sdk/rtos/freeRTOS/freertos_kernel/event_groups.o
LOAD /module/deploy/vision/BUILD/GAP8_V2/GCC_RISCV_FREERTOS//gap_sdk/rtos/freeRTOS/freertos_kernel/stream_buffer.o
LOAD /module/deploy/vision/BUILD/GAP8_V2/GCC_RISCV_FREERTOS//gap_sdk/rtos/freeRTOS/demos/gwt/config/gap8/FreeRTOS_util.o
LOAD /usr/lib/gap_riscv_toolchain/bin/../lib/gcc/riscv32-unknown-elf/7.1.1/../../../../riscv32-unknown-elf/lib/rv32imcxgap8/ilp32/libm.a
LOAD /usr/lib/gap_riscv_toolchain/bin/../lib/gcc/riscv32-unknown-elf/7.1.1/rv32imcxgap8/ilp32/libgcc.a
                0x0000000000000000                __DYNAMIC = 0x0
                0x0000000000001000                __STACK_FC_SIZE = 0x1000
                0x0000000000000400                __STACK_IRQ_SIZE = 0x400

.l1FcTiny       0x000000001b000000        0x0
                0x000000001b000000                . = ALIGN (0x4)
                0x000000001b000000                __l1FcShared_start = .
 *(.l1FcTiny)
 *(.l1FcTiny.*)
                0x000000001b000000                . = ALIGN (0x4)
                0x000000001b000000                __l1FcShared_end = .
                0x0000000000000000                __l1FcShared_size = (__l1FcShared_end - __l1FcShared_start)

.fcTcdmTiny     0x0000000000000004        0xc load address 0x000000001b000000
 *(.fcTcdmTiny)
 .fcTcdmTiny    0x0000000000000004        0xc /module/deploy/vision/BUILD/GAP8_V2/GCC_RISCV_FREERTOS//gap_sdk/rtos/freeRTOS/vendors/gwt/gap8/pmsis/drivers/udma/hyperbus/hyperbus_internal.o
                0x0000000000000004                __global_hyper_fifo_head
                0x0000000000000008                __global_hyper_fifo_tail
                0x000000000000000c                __global_hyper_driver_fifo
 *(.fcTcdmTiny.*)

.fcTcdm
 *(.fcTcdm)
 *(.fcTcdm.*)

.fcTcdm_g       0x000000001b00000c      0x5bc
                0x000000001b000010                . = ALIGN (0x8)
 *fill*         0x000000001b00000c        0x4 
                0x000000001b000010                __fc_tcdm_g_start = .
 *(.fcTcdm_g)
 .fcTcdm_g      0x000000001b000010      0x264 /module/deploy/vision/BUILD/GAP8_V2/GCC_RISCV_FREERTOS//gap_sdk/rtos/freeRTOS/vendors/gwt/gap8/pmsis/cluster/drivers/cluster_synchronisation/cl_to_fc_delegate.o
                0x000000001b000010                delegate_task_mask
                0x000000001b000014                delegate_task
 .fcTcdm_g      0x000000001b000274       0xe4 /module/deploy/vision/BUILD/GAP8_V2/GCC_RISCV_FREERTOS//gap_sdk/rtos/freeRTOS/vendors/gwt/gap8/pmsis/drivers/fc_event/fc_event.o
 .fcTcdm_g      0x000000001b000358        0x4 /module/deploy/vision/BUILD/GAP8_V2/GCC_RISCV_FREERTOS//gap_sdk/rtos/freeRTOS/vendors/gwt/pmsis/rtos/event_kernel/event_kernel.o
                0x000000001b000358                default_sched
 .fcTcdm_g      0x000000001b00035c       0x10 /module/deploy/vision/BUILD/GAP8_V2/GCC_RISCV_FREERTOS//gap_sdk/rtos/freeRTOS/vendors/gwt/pmsis/backend/pmsis_backend_native_task_api.o
                0x000000001b00035c                delayed_task
                0x000000001b000364                timer_task
 .fcTcdm_g      0x000000001b00036c      0x258 /module/deploy/vision/BUILD/GAP8_V2/GCC_RISCV_FREERTOS//gap_sdk/rtos/freeRTOS/demos/gwt/config/gap8/FreeRTOS_util.o
 *(.fcTcdm_g.*)
                0x000000001b0005c8                . = ALIGN (0x8)
 *fill*         0x000000001b0005c4        0x4 
                0x000000001b0005c8                __fc_tcdm_g_end = .

.stack_irq      0x000000001b0005c8      0x400
                0x000000001b0005c8                . = ALIGN (0x4)
                0x000000001b0005c8                __stack_irq_end__ = .
                0x000000001b0009c8                . = (. + __STACK_IRQ_SIZE)
 *fill*         0x000000001b0005c8      0x400 
                0x000000001b0009c8                __stack_irq_start__ = .

.heapfcram      0x000000001b0009c8     0x1000
                0x000000001b0009c8                . = ALIGN (0x8)
 *(.heapfcram)
 *(.heapfcram.*)
                0x000000001b0009c8                . = ALIGN (0x8)
                0x000000001b0009c8                __heapfcram_start = .
                0x000000001b0009c8                __stack_fc_end__ = .
                0x000000001b0019c8                . = (. + __STACK_FC_SIZE)
 *fill*         0x000000001b0009c8     0x1000 
                0x000000001b0019c8                __stack_fc_start__ = .
                0x0000000000003638                __heapfcram_size = ((ORIGIN (FC_tcdm) + LENGTH (FC_tcdm)) - __heapfcram_start)

.vectors_irq    0x000000001c000000       0x94
                0x000000001c000000                . = ALIGN (0x100)
                0x000000001c000000                __irq_vector_base_m__ = .
 *(.vectors_irq)
 .vectors_irq   0x000000001c000000       0x94 /module/deploy/vision/BUILD/GAP8_V2/GCC_RISCV_FREERTOS//gap_sdk/rtos/freeRTOS/vendors/gwt/gap8/src/device/startup_gap8.o
                0x000000001c000090                __rt_debug_struct_ptr

.text           0x000000001c000094     0xffbc
                0x000000001c000094                . = ALIGN (0x4)
                0x000000001c000094                _stext = .
 *(.text.reset)
 .text.reset    0x000000001c000094       0x7e /module/deploy/vision/BUILD/GAP8_V2/GCC_RISCV_FREERTOS//gap_sdk/rtos/freeRTOS/vendors/gwt/gap8/src/device/startup_gap8.o
                0x000000001c000094                reset_handler
 *(.text)
 .text          0x000000001c000112      0x2c8 /module/deploy/vision/BUILD/GAP8_V2/GCC_RISCV_FREERTOS//gap_sdk/rtos/freeRTOS/vendors/gwt/gap8/src/device/gap8_iet.o
                0x000000001c000112                default_handler
                0x000000001c000116                cluster_notify_fc_handler
                0x000000001c00014e                pendSV_handler
                0x000000001c0001be                systick_handler
                0x000000001c00023a                hi_res_timer_handler
                0x000000001c000272                fc_event_handler
                0x000000001c0002aa                fc_hyper_handler
                0x000000001c000358                dma_irq_handler
                0x000000001c000380                ecall_handler
                0x000000001c0003d2                ill_ins_handler
 .text          0x000000001c0003da      0x126 /module/deploy/vision/BUILD/GAP8_V2/GCC_RISCV_FREERTOS//gap_sdk/rtos/freeRTOS/vendors/gwt/gap8/pmsis/cluster/drivers/cluster_synchronisation/cluster_core.o
                0x000000001c0003da                cluster_exec_loop
                0x000000001c0004f2                cl_slave_stack_setup
 .text          0x000000001c000500       0xd8 /module/deploy/vision/BUILD/GAP8_V2/GCC_RISCV_FREERTOS//gap_sdk/rtos/freeRTOS/vendors/gwt/gap8/pmsis/util/asm_util.o
                0x000000001c000500                ASM_FUNC_SAVE_MINIMAL_CONTEXT
                0x000000001c000544                ASM_FUNC_RESTORE_MINIMAL_CONTEXT
                0x000000001c000588                ASM_FUNC_SAVE_SAVE_CONTEXT
                0x000000001c0005a2                ASM_FUNC_RESTORE_SAVE_CONTEXT
                0x000000001c0005bc                ASM_FUNC_SAVE_CSR_CONTEXT
                0x000000001c0005ca                ASM_FUNC_RESTORE_CSR_CONTEXT
 .text          0x000000001c0005d8       0x8e /module/deploy/vision/BUILD/GAP8_V2/GCC_RISCV_FREERTOS//gap_sdk/rtos/freeRTOS/freertos_kernel/portable/GCC/RI5CY-GAP8/port_asm.o
                0x000000001c0005d8                xPortStartScheduler
 .text          0x000000001c000666       0x4e /module/deploy/vision/BUILD/GAP8_V2/GCC_RISCV_FREERTOS//gap_sdk/rtos/freeRTOS/vendors/gwt/gap8/pmsis/drivers/fc_event/fc_event.o
                0x000000001c000666                fc_soc_event_handler
 .text          0x000000001c0006b4      0x110 /module/deploy/vision/BUILD/GAP8_V2/GCC_RISCV_FREERTOS//gap_sdk/rtos/freeRTOS/vendors/gwt/gap8/pmsis/drivers/udma/hyperbus/hyperbus_internal.o
                0x000000001c0006b4                hyper_handler
 .text          0x000000001c0007c4      0x5fe /usr/lib/gap_riscv_toolchain/bin/../lib/gcc/riscv32-unknown-elf/7.1.1/rv32imcxgap8/ilp32/libgcc.a(adddf3.o)
                0x000000001c0007c4                __adddf3
 .text          0x000000001c000dc2      0x4d2 /usr/lib/gap_riscv_toolchain/bin/../lib/gcc/riscv32-unknown-elf/7.1.1/rv32imcxgap8/ilp32/libgcc.a(divdf3.o)
                0x000000001c000dc2                __divdf3
 .text          0x000000001c001294       0x60 /usr/lib/gap_riscv_toolchain/bin/../lib/gcc/riscv32-unknown-elf/7.1.1/rv32imcxgap8/ilp32/libgcc.a(eqdf2.o)
                0x000000001c001294                __eqdf2
                0x000000001c001294                __nedf2
 .text          0x000000001c0012f4       0xae /usr/lib/gap_riscv_toolchain/bin/../lib/gcc/riscv32-unknown-elf/7.1.1/rv32imcxgap8/ilp32/libgcc.a(gedf2.o)
                0x000000001c0012f4                __gtdf2
                0x000000001c0012f4                __gedf2
 .text          0x000000001c0013a2       0xae /usr/lib/gap_riscv_toolchain/bin/../lib/gcc/riscv32-unknown-elf/7.1.1/rv32imcxgap8/ilp32/libgcc.a(ledf2.o)
                0x000000001c0013a2                __ltdf2
                0x000000001c0013a2                __ledf2
 .text          0x000000001c001450      0x43a /usr/lib/gap_riscv_toolchain/bin/../lib/gcc/riscv32-unknown-elf/7.1.1/rv32imcxgap8/ilp32/libgcc.a(muldf3.o)
                0x000000001c001450                __muldf3
 .text          0x000000001c00188a      0x612 /usr/lib/gap_riscv_toolchain/bin/../lib/gcc/riscv32-unknown-elf/7.1.1/rv32imcxgap8/ilp32/libgcc.a(subdf3.o)
                0x000000001c00188a                __subdf3
 .text          0x000000001c001e9c       0x5c /usr/lib/gap_riscv_toolchain/bin/../lib/gcc/riscv32-unknown-elf/7.1.1/rv32imcxgap8/ilp32/libgcc.a(fixdfsi.o)
                0x000000001c001e9c                __fixdfsi
 .text          0x000000001c001ef8       0x52 /usr/lib/gap_riscv_toolchain/bin/../lib/gcc/riscv32-unknown-elf/7.1.1/rv32imcxgap8/ilp32/libgcc.a(fixunsdfsi.o)
                0x000000001c001ef8                __fixunsdfsi
 .text          0x000000001c001f4a       0x58 /usr/lib/gap_riscv_toolchain/bin/../lib/gcc/riscv32-unknown-elf/7.1.1/rv32imcxgap8/ilp32/libgcc.a(floatsidf.o)
                0x000000001c001f4a                __floatsidf
 .text          0x000000001c001fa2       0x4c /usr/lib/gap_riscv_toolchain/bin/../lib/gcc/riscv32-unknown-elf/7.1.1/rv32imcxgap8/ilp32/libgcc.a(floatunsidf.o)
                0x000000001c001fa2                __floatunsidf
 .text          0x000000001c001fee      0x2ea /usr/lib/gap_riscv_toolchain/bin/../lib/gcc/riscv32-unknown-elf/7.1.1/rv32imcxgap8/ilp32/libgcc.a(addsf3.o)
                0x000000001c001fee                __addsf3
 .text          0x000000001c0022d8      0x1fe /usr/lib/gap_riscv_toolchain/bin/../lib/gcc/riscv32-unknown-elf/7.1.1/rv32imcxgap8/ilp32/libgcc.a(divsf3.o)
                0x000000001c0022d8                __divsf3
 .text          0x000000001c0024d6      0x1ec /usr/lib/gap_riscv_toolchain/bin/../lib/gcc/riscv32-unknown-elf/7.1.1/rv32imcxgap8/ilp32/libgcc.a(mulsf3.o)
                0x000000001c0024d6                __mulsf3
 .text          0x000000001c0026c2      0x304 /usr/lib/gap_riscv_toolchain/bin/../lib/gcc/riscv32-unknown-elf/7.1.1/rv32imcxgap8/ilp32/libgcc.a(subsf3.o)
                0x000000001c0026c2                __subsf3
 .text          0x000000001c0029c6       0x56 /usr/lib/gap_riscv_toolchain/bin/../lib/gcc/riscv32-unknown-elf/7.1.1/rv32imcxgap8/ilp32/libgcc.a(fixsfsi.o)
                0x000000001c0029c6                __fixsfsi
 .text          0x000000001c002a1c       0x4a /usr/lib/gap_riscv_toolchain/bin/../lib/gcc/riscv32-unknown-elf/7.1.1/rv32imcxgap8/ilp32/libgcc.a(fixunssfsi.o)
                0x000000001c002a1c                __fixunssfsi
 .text          0x000000001c002a66       0xa4 /usr/lib/gap_riscv_toolchain/bin/../lib/gcc/riscv32-unknown-elf/7.1.1/rv32imcxgap8/ilp32/libgcc.a(floatsisf.o)
                0x000000001c002a66                __floatsisf
 *(.text.*)
 .text.RunNetwork
                0x000000001c002b0a       0x14 /module/deploy/vision/BUILD/GAP8_V2/GCC_RISCV_FREERTOS/gatenet.o
 .text.hb_task  0x000000001c002b1e       0x46 /module/deploy/vision/BUILD/GAP8_V2/GCC_RISCV_FREERTOS/gatenet.o
                0x000000001c002b1e                hb_task
 .text.start_tasks
                0x000000001c002b64       0x88 /module/deploy/vision/BUILD/GAP8_V2/GCC_RISCV_FREERTOS/gatenet.o
                0x000000001c002b64                start_tasks
 .text.pi_camera_control.constprop.4
                0x000000001c002bec       0x16 /module/deploy/vision/BUILD/GAP8_V2/GCC_RISCV_FREERTOS/gatenet.o
 .text.camera_task
                0x000000001c002c02      0x38c /module/deploy/vision/BUILD/GAP8_V2/GCC_RISCV_FREERTOS/gatenet.o
                0x000000001c002c02                camera_task
 .text.startup.main
                0x000000001c002f8e       0x3e /module/deploy/vision/BUILD/GAP8_V2/GCC_RISCV_FREERTOS/gatenet.o
                0x000000001c002f8e                main
 .text.resizeGrayscaleImage
                0x000000001c002fcc      0x198 /module/deploy/vision/BUILD/GAP8_V2/GCC_RISCV_FREERTOS/imageUtils.o
                0x000000001c002fcc                resizeGrayscaleImage
 .text.vDataReadyISR
                0x000000001c003164       0x2c /module/deploy/vision/BUILD/GAP8_V2/GCC_RISCV_FREERTOS/../lib/cpx/src/com.o
                0x000000001c003164                vDataReadyISR
 .text.set_gap8_rtt_pin
                0x000000001c003190       0x1a /module/deploy/vision/BUILD/GAP8_V2/GCC_RISCV_FREERTOS/../lib/cpx/src/com.o
                0x000000001c003190                set_gap8_rtt_pin
 .text.com_task
                0x000000001c0031aa      0x15a /module/deploy/vision/BUILD/GAP8_V2/GCC_RISCV_FREERTOS/../lib/cpx/src/com.o
                0x000000001c0031aa                com_task
 .text.com_init
                0x000000001c003304      0x16e /module/deploy/vision/BUILD/GAP8_V2/GCC_RISCV_FREERTOS/../lib/cpx/src/com.o
                0x000000001c003304                com_init
 .text.com_read
                0x000000001c003472       0x10 /module/deploy/vision/BUILD/GAP8_V2/GCC_RISCV_FREERTOS/../lib/cpx/src/com.o
                0x000000001c003472                com_read
 .text.com_write
                0x000000001c003482       0x2e /module/deploy/vision/BUILD/GAP8_V2/GCC_RISCV_FREERTOS/../lib/cpx/src/com.o
                0x000000001c003482                com_write
 .text.cpx_rx_task
                0x000000001c0034b0       0x9e /module/deploy/vision/BUILD/GAP8_V2/GCC_RISCV_FREERTOS/../lib/cpx/src/cpx.o
 .text.cpxEnableFunction
                0x000000001c00354e       0x2a /module/deploy/vision/BUILD/GAP8_V2/GCC_RISCV_FREERTOS/../lib/cpx/src/cpx.o
                0x000000001c00354e                cpxEnableFunction
 .text.cpxSendPacketBlocking
                0x000000001c003578       0x68 /module/deploy/vision/BUILD/GAP8_V2/GCC_RISCV_FREERTOS/../lib/cpx/src/cpx.o
                0x000000001c003578                cpxSendPacketBlocking
 .text.cpxPrintToConsole
                0x000000001c0035e0       0x80 /module/deploy/vision/BUILD/GAP8_V2/GCC_RISCV_FREERTOS/../lib/cpx/src/cpx.o
                0x000000001c0035e0                cpxPrintToConsole
 .text.cpxInitRoute
                0x000000001c003660       0x12 /module/deploy/vision/BUILD/GAP8_V2/GCC_RISCV_FREERTOS/../lib/cpx/src/cpx.o
                0x000000001c003660                cpxInitRoute
 .text.cpxInit  0x000000001c003672       0x66 /module/deploy/vision/BUILD/GAP8_V2/GCC_RISCV_FREERTOS/../lib/cpx/src/cpx.o
                0x000000001c003672                cpxInit
 .text.pi_flash_close.constprop.4
                0x000000001c0036d8       0x12 /module/deploy/vision/BUILD/GAP8_V2/GCC_RISCV_FREERTOS/BUILD_MODEL_SQ8BIT/gatenetKernels.o
 .text.pi_cl_team_fork.constprop.7
                0x000000001c0036ea       0x4a /module/deploy/vision/BUILD/GAP8_V2/GCC_RISCV_FREERTOS/BUILD_MODEL_SQ8BIT/gatenetKernels.o
 .text.__pi_cl_dma_wait
                0x000000001c003734       0x5a /module/deploy/vision/BUILD/GAP8_V2/GCC_RISCV_FREERTOS/BUILD_MODEL_SQ8BIT/gatenetKernels.o
 .text.pi_cl_dma_cmd
                0x000000001c00378e       0x3a /module/deploy/vision/BUILD/GAP8_V2/GCC_RISCV_FREERTOS/BUILD_MODEL_SQ8BIT/gatenetKernels.o
 .text.S3_Conv2d_16x1x3x3_MaxPool_2x2_Relu
                0x000000001c0037c8      0x2f0 /module/deploy/vision/BUILD/GAP8_V2/GCC_RISCV_FREERTOS/BUILD_MODEL_SQ8BIT/gatenetKernels.o
                0x000000001c0037c8                S3_Conv2d_16x1x3x3_MaxPool_2x2_Relu
 .text.S6_Conv2d_32x16x3x3_MaxPool_2x2_Relu
                0x000000001c003ab8      0x42c /module/deploy/vision/BUILD/GAP8_V2/GCC_RISCV_FREERTOS/BUILD_MODEL_SQ8BIT/gatenetKernels.o
                0x000000001c003ab8                S6_Conv2d_32x16x3x3_MaxPool_2x2_Relu
 .text.S9_Conv2d_16x32x3x3_MaxPool_2x2_Relu
                0x000000001c003ee4      0x412 /module/deploy/vision/BUILD/GAP8_V2/GCC_RISCV_FREERTOS/BUILD_MODEL_SQ8BIT/gatenetKernels.o
                0x000000001c003ee4                S9_Conv2d_16x32x3x3_MaxPool_2x2_Relu
 .text.S12_Conv2d_16x16x3x3_MaxPool_2x2_Relu
                0x000000001c0042f6      0x234 /module/deploy/vision/BUILD/GAP8_V2/GCC_RISCV_FREERTOS/BUILD_MODEL_SQ8BIT/gatenetKernels.o
                0x000000001c0042f6                S12_Conv2d_16x16x3x3_MaxPool_2x2_Relu
 .text.S15_Conv2d_16x16x3x3_MaxPool_2x2_Relu
                0x000000001c00452a      0x214 /module/deploy/vision/BUILD/GAP8_V2/GCC_RISCV_FREERTOS/BUILD_MODEL_SQ8BIT/gatenetKernels.o
                0x000000001c00452a                S15_Conv2d_16x16x3x3_MaxPool_2x2_Relu
 .text.S18_Conv2d_16x16x3x3_Relu
                0x000000001c00473e      0x1ca /module/deploy/vision/BUILD/GAP8_V2/GCC_RISCV_FREERTOS/BUILD_MODEL_SQ8BIT/gatenetKernels.o
                0x000000001c00473e                S18_Conv2d_16x16x3x3_Relu
 .text.S21_Op_FULLY_CONNECTED_0_13_fusion
                0x000000001c004908      0x146 /module/deploy/vision/BUILD/GAP8_V2/GCC_RISCV_FREERTOS/BUILD_MODEL_SQ8BIT/gatenetKernels.o
                0x000000001c004908                S21_Op_FULLY_CONNECTED_0_13_fusion
 .text.gatenetCNN_Construct
                0x000000001c004a4e      0x7d0 /module/deploy/vision/BUILD/GAP8_V2/GCC_RISCV_FREERTOS/BUILD_MODEL_SQ8BIT/gatenetKernels.o
                0x000000001c004a4e                gatenetCNN_Construct
 .text.gatenetCNN
                0x000000001c00521e      0x154 /module/deploy/vision/BUILD/GAP8_V2/GCC_RISCV_FREERTOS/BUILD_MODEL_SQ8BIT/gatenetKernels.o
                0x000000001c00521e                gatenetCNN
 .text.KerReductIO_Compact_SQ8_1
                0x000000001c005372       0xe2 /module/deploy/vision/BUILD/GAP8_V2/GCC_RISCV_FREERTOS//gap_sdk/tools/autotiler_v3/CNN_Libraries_SQ8/CNN_Activation_SQ8.o
 .text.SigmoidTable
                0x000000001c005454       0x32 /module/deploy/vision/BUILD/GAP8_V2/GCC_RISCV_FREERTOS//gap_sdk/tools/autotiler_v3/CNN_Libraries_SQ8/CNN_Activation_SQ8.o
                0x000000001c005454                SigmoidTable
 .text.KerParReduct_CC_ReLUM_SQ8
                0x000000001c005486       0xce /module/deploy/vision/BUILD/GAP8_V2/GCC_RISCV_FREERTOS//gap_sdk/tools/autotiler_v3/CNN_Libraries_SQ8/CNN_Activation_SQ8.o
                0x000000001c005486                KerParReduct_CC_ReLUM_SQ8
 .text.KerParReductIO_CC_SQ8
                0x000000001c005554       0xd2 /module/deploy/vision/BUILD/GAP8_V2/GCC_RISCV_FREERTOS//gap_sdk/tools/autotiler_v3/CNN_Libraries_SQ8/CNN_Activation_SQ8.o
                0x000000001c005554                KerParReductIO_CC_SQ8
 .text.KerParSetBiasB32_SQ8
                0x000000001c005626       0x98 /module/deploy/vision/BUILD/GAP8_V2/GCC_RISCV_FREERTOS//gap_sdk/tools/autotiler_v3/CNN_Libraries_SQ8/CNN_Bias_Linear_SQ8.o
                0x000000001c005626                KerParSetBiasB32_SQ8
 .text.KerParLinearLayerFullFeatB32_ReLU_SQ8
                0x000000001c0056be      0x16c /module/deploy/vision/BUILD/GAP8_V2/GCC_RISCV_FREERTOS//gap_sdk/tools/autotiler_v3/CNN_Libraries_SQ8/CNN_Bias_Linear_SQ8.o
                0x000000001c0056be                KerParLinearLayerFullFeatB32_ReLU_SQ8
 .text.KerConv2x3from3x3Stride1_V_2Out_SQ8
                0x000000001c00582a       0xee /module/deploy/vision/BUILD/GAP8_V2/GCC_RISCV_FREERTOS//gap_sdk/tools/autotiler_v3/CNN_Libraries_SQ8/CNN_Conv_SQ8.o
 .text.KerConv3x2from3x3Stride1_H_2Out_SQ8
                0x000000001c005918       0x8e /module/deploy/vision/BUILD/GAP8_V2/GCC_RISCV_FREERTOS//gap_sdk/tools/autotiler_v3/CNN_Libraries_SQ8/CNN_Conv_SQ8.o
 .text.KerConv2x3from3x3Stride1_V_SQ8
                0x000000001c0059a6       0x92 /module/deploy/vision/BUILD/GAP8_V2/GCC_RISCV_FREERTOS//gap_sdk/tools/autotiler_v3/CNN_Libraries_SQ8/CNN_Conv_SQ8.o
 .text.KerConv3x3Stride1_Body_2Out_SQ8.isra.17
                0x000000001c005a38       0xfa /module/deploy/vision/BUILD/GAP8_V2/GCC_RISCV_FREERTOS//gap_sdk/tools/autotiler_v3/CNN_Libraries_SQ8/CNN_Conv_SQ8.o
 .text.KerConv3x3BorderStride1_2Out_SQ8.isra.18
                0x000000001c005b32      0x128 /module/deploy/vision/BUILD/GAP8_V2/GCC_RISCV_FREERTOS//gap_sdk/tools/autotiler_v3/CNN_Libraries_SQ8/CNN_Conv_SQ8.o
 .text.KerConv3x3Stride1_Body_SQ8.isra.19
                0x000000001c005c5a       0xa2 /module/deploy/vision/BUILD/GAP8_V2/GCC_RISCV_FREERTOS//gap_sdk/tools/autotiler_v3/CNN_Libraries_SQ8/CNN_Conv_SQ8.o
 .text.KerConv3x2from3x3Stride1_H_SQ8.isra.20
                0x000000001c005cfc       0x50 /module/deploy/vision/BUILD/GAP8_V2/GCC_RISCV_FREERTOS//gap_sdk/tools/autotiler_v3/CNN_Libraries_SQ8/CNN_Conv_SQ8.o
 .text.KerConv3x3BorderStride1_SQ8.isra.21
                0x000000001c005d4c      0x112 /module/deploy/vision/BUILD/GAP8_V2/GCC_RISCV_FREERTOS//gap_sdk/tools/autotiler_v3/CNN_Libraries_SQ8/CNN_Conv_SQ8.o
 .text.KerParConv3x3Stride1_SQ8
                0x000000001c005e5e      0x218 /module/deploy/vision/BUILD/GAP8_V2/GCC_RISCV_FREERTOS//gap_sdk/tools/autotiler_v3/CNN_Libraries_SQ8/CNN_Conv_SQ8.o
                0x000000001c005e5e                KerParConv3x3Stride1_SQ8
 .text.KerMaxPool2x2Stride2_SQ8
                0x000000001c006076      0x340 /module/deploy/vision/BUILD/GAP8_V2/GCC_RISCV_FREERTOS//gap_sdk/tools/autotiler_v3/CNN_Libraries_SQ8/CNN_Pooling_SQ8.o
 .text.KerAvgPool2x2Stride2_SQ8
                0x000000001c0063b6      0x24a /module/deploy/vision/BUILD/GAP8_V2/GCC_RISCV_FREERTOS//gap_sdk/tools/autotiler_v3/CNN_Libraries_SQ8/CNN_Pooling_SQ8.o
 .text.Ker_ActivationScale1_SQ8
                0x000000001c006600       0xa4 /module/deploy/vision/BUILD/GAP8_V2/GCC_RISCV_FREERTOS//gap_sdk/tools/autotiler_v3/CNN_Libraries_SQ8/CNN_Pooling_SQ8.o
 .text.Ker_Activation_SQ8
                0x000000001c0066a4      0x274 /module/deploy/vision/BUILD/GAP8_V2/GCC_RISCV_FREERTOS//gap_sdk/tools/autotiler_v3/CNN_Libraries_SQ8/CNN_Pooling_SQ8.o
 .text.KerParPoolActivation
                0x000000001c006918       0xdc /module/deploy/vision/BUILD/GAP8_V2/GCC_RISCV_FREERTOS//gap_sdk/tools/autotiler_v3/CNN_Libraries_SQ8/CNN_Pooling_SQ8.o
 .text.KerParPool2x2Stride2_ReLU_SQ8
                0x000000001c0069f4      0x17c /module/deploy/vision/BUILD/GAP8_V2/GCC_RISCV_FREERTOS//gap_sdk/tools/autotiler_v3/CNN_Libraries_SQ8/CNN_Pooling_SQ8.o
                0x000000001c0069f4                KerParPool2x2Stride2_ReLU_SQ8
 .text.system_init
                0x000000001c006b70       0x5e /module/deploy/vision/BUILD/GAP8_V2/GCC_RISCV_FREERTOS//gap_sdk/rtos/freeRTOS/vendors/gwt/gap8/src/device/system_gap8.o
                0x000000001c006b70                system_init
 .text.system_setup_systick
                0x000000001c006bce       0x38 /module/deploy/vision/BUILD/GAP8_V2/GCC_RISCV_FREERTOS//gap_sdk/rtos/freeRTOS/vendors/gwt/gap8/src/device/system_gap8.o
                0x000000001c006bce                system_setup_systick
 .text.system_core_clock_update
                0x000000001c006c06       0x52 /module/deploy/vision/BUILD/GAP8_V2/GCC_RISCV_FREERTOS//gap_sdk/rtos/freeRTOS/vendors/gwt/gap8/src/device/system_gap8.o
                0x000000001c006c06                system_core_clock_update
 .text.system_setup_timer
                0x000000001c006c58        0xc /module/deploy/vision/BUILD/GAP8_V2/GCC_RISCV_FREERTOS//gap_sdk/rtos/freeRTOS/vendors/gwt/gap8/src/device/system_gap8.o
                0x000000001c006c58                system_setup_timer
 .text.system_core_clock_get
                0x000000001c006c64        0xa /module/deploy/vision/BUILD/GAP8_V2/GCC_RISCV_FREERTOS//gap_sdk/rtos/freeRTOS/vendors/gwt/gap8/src/device/system_gap8.o
                0x000000001c006c64                system_core_clock_get
 .text.system_exit
                0x000000001c006c6e       0x6e /module/deploy/vision/BUILD/GAP8_V2/GCC_RISCV_FREERTOS//gap_sdk/rtos/freeRTOS/vendors/gwt/gap8/src/device/system_gap8.o
                0x000000001c006c6e                system_exit
 .text._procid  0x000000001c006cdc        0xa /module/deploy/vision/BUILD/GAP8_V2/GCC_RISCV_FREERTOS//gap_sdk/rtos/freeRTOS/vendors/gwt/gap8/src/device/gap8_it.o
                0x000000001c006cdc                _procid
 .text._clusterid
                0x000000001c006ce6        0x8 /module/deploy/vision/BUILD/GAP8_V2/GCC_RISCV_FREERTOS//gap_sdk/rtos/freeRTOS/vendors/gwt/gap8/src/device/gap8_it.o
                0x000000001c006ce6                _clusterid
 .text._isr_default
                0x000000001c006cee        0xe /module/deploy/vision/BUILD/GAP8_V2/GCC_RISCV_FREERTOS//gap_sdk/rtos/freeRTOS/vendors/gwt/gap8/src/device/gap8_it.o
                0x000000001c006cee                _isr_default
 .text.vSetPendSV
                0x000000001c006cfc        0xa /module/deploy/vision/BUILD/GAP8_V2/GCC_RISCV_FREERTOS//gap_sdk/rtos/freeRTOS/vendors/gwt/gap8/src/device/gap8_it.o
                0x000000001c006cfc                vSetPendSV
 .text._ill_insn_print
                0x000000001c006d06        0xa /module/deploy/vision/BUILD/GAP8_V2/GCC_RISCV_FREERTOS//gap_sdk/rtos/freeRTOS/vendors/gwt/gap8/src/device/gap8_it.o
                0x000000001c006d06                _ill_insn_print
 .text.__uart_write_exec
                0x000000001c006d10       0x46 /module/deploy/vision/BUILD/GAP8_V2/GCC_RISCV_FREERTOS//gap_sdk/rtos/freeRTOS/vendors/gwt/gap8/src/driver/gap_io.o
 .text.__uart_putc_cluster_req
                0x000000001c006d56        0x6 /module/deploy/vision/BUILD/GAP8_V2/GCC_RISCV_FREERTOS//gap_sdk/rtos/freeRTOS/vendors/gwt/gap8/src/driver/gap_io.o
 .text.tfp_putc.isra.2
                0x000000001c006d5c       0xee /module/deploy/vision/BUILD/GAP8_V2/GCC_RISCV_FREERTOS//gap_sdk/rtos/freeRTOS/vendors/gwt/gap8/src/driver/gap_io.o
 .text.printf_uart_init
                0x000000001c006e4a       0x5a /module/deploy/vision/BUILD/GAP8_V2/GCC_RISCV_FREERTOS//gap_sdk/rtos/freeRTOS/vendors/gwt/gap8/src/driver/gap_io.o
                0x000000001c006e4a                printf_uart_init
 .text._putchar
                0x000000001c006ea4        0x4 /module/deploy/vision/BUILD/GAP8_V2/GCC_RISCV_FREERTOS//gap_sdk/rtos/freeRTOS/vendors/gwt/gap8/src/driver/gap_io.o
                0x000000001c006ea4                _putchar
 .text.system_exit_printf_flush
                0x000000001c006ea8       0x5a /module/deploy/vision/BUILD/GAP8_V2/GCC_RISCV_FREERTOS//gap_sdk/rtos/freeRTOS/vendors/gwt/gap8/src/driver/gap_io.o
                0x000000001c006ea8                system_exit_printf_flush
 .text.exit     0x000000001c006f02        0xa /module/deploy/vision/BUILD/GAP8_V2/GCC_RISCV_FREERTOS//gap_sdk/rtos/freeRTOS/vendors/gwt/libs/src/stdlib.o
                0x000000001c006f02                exit
 .text.memcpy   0x000000001c006f0c       0x14 /module/deploy/vision/BUILD/GAP8_V2/GCC_RISCV_FREERTOS//gap_sdk/rtos/freeRTOS/vendors/gwt/libs/src/string.o
                0x000000001c006f0c                memcpy
 .text.memset   0x000000001c006f20       0x10 /module/deploy/vision/BUILD/GAP8_V2/GCC_RISCV_FREERTOS//gap_sdk/rtos/freeRTOS/vendors/gwt/libs/src/string.o
                0x000000001c006f20                memset
 .text.strcmp   0x000000001c006f30       0x14 /module/deploy/vision/BUILD/GAP8_V2/GCC_RISCV_FREERTOS//gap_sdk/rtos/freeRTOS/vendors/gwt/libs/src/string.o
                0x000000001c006f30                strcmp
 .text.strncmp  0x000000001c006f44       0x1e /module/deploy/vision/BUILD/GAP8_V2/GCC_RISCV_FREERTOS//gap_sdk/rtos/freeRTOS/vendors/gwt/libs/src/string.o
                0x000000001c006f44                strncmp
 .text.strlen   0x000000001c006f62       0x10 /module/deploy/vision/BUILD/GAP8_V2/GCC_RISCV_FREERTOS//gap_sdk/rtos/freeRTOS/vendors/gwt/libs/src/string.o
                0x000000001c006f62                strlen
 .text.cl_notify_fc_event_handler
                0x000000001c006f72       0x94 /module/deploy/vision/BUILD/GAP8_V2/GCC_RISCV_FREERTOS//gap_sdk/rtos/freeRTOS/vendors/gwt/gap8/pmsis/cluster/drivers/cluster_synchronisation/cl_to_fc_delegate.o
                0x000000001c006f72                cl_notify_fc_event_handler
 .text.pi_cl_send_task_to_fc
                0x000000001c007006       0x40 /module/deploy/vision/BUILD/GAP8_V2/GCC_RISCV_FREERTOS//gap_sdk/rtos/freeRTOS/vendors/gwt/gap8/pmsis/cluster/drivers/cluster_synchronisation/cl_to_fc_delegate.o
                0x000000001c007006                pi_cl_send_task_to_fc
 .text.mc_fc_delegate_init
                0x000000001c007046        0xc /module/deploy/vision/BUILD/GAP8_V2/GCC_RISCV_FREERTOS//gap_sdk/rtos/freeRTOS/vendors/gwt/gap8/pmsis/cluster/drivers/cluster_synchronisation/cl_to_fc_delegate.o
                0x000000001c007046                mc_fc_delegate_init
 .text.pmsis_mutex_release
                0x000000001c007052       0x10 /module/deploy/vision/BUILD/GAP8_V2/GCC_RISCV_FREERTOS//gap_sdk/rtos/freeRTOS/vendors/gwt/gap8/pmsis/cluster/drivers/cluster_synchronisation/fc_to_cl_delegate.o
 .text.pi_cluster_close_async
                0x000000001c007062        0x4 /module/deploy/vision/BUILD/GAP8_V2/GCC_RISCV_FREERTOS//gap_sdk/rtos/freeRTOS/vendors/gwt/gap8/pmsis/cluster/drivers/cluster_synchronisation/fc_to_cl_delegate.o
                0x000000001c007062                pi_cluster_close_async
 .text.pi_cluster_ioctl
                0x000000001c007066       0x36 /module/deploy/vision/BUILD/GAP8_V2/GCC_RISCV_FREERTOS//gap_sdk/rtos/freeRTOS/vendors/gwt/gap8/pmsis/cluster/drivers/cluster_synchronisation/fc_to_cl_delegate.o
                0x000000001c007066                pi_cluster_ioctl
 .text.pi_cluster_ioctl_async
                0x000000001c00709c       0x46 /module/deploy/vision/BUILD/GAP8_V2/GCC_RISCV_FREERTOS//gap_sdk/rtos/freeRTOS/vendors/gwt/gap8/pmsis/cluster/drivers/cluster_synchronisation/fc_to_cl_delegate.o
                0x000000001c00709c                pi_cluster_ioctl_async
 .text.pi_cluster_open_async
                0x000000001c0070e2       0x76 /module/deploy/vision/BUILD/GAP8_V2/GCC_RISCV_FREERTOS//gap_sdk/rtos/freeRTOS/vendors/gwt/gap8/pmsis/cluster/drivers/cluster_synchronisation/fc_to_cl_delegate.o
                0x000000001c0070e2                pi_cluster_open_async
 .text.__os_native_api_mutex_lock
                0x000000001c007158        0x6 /module/deploy/vision/BUILD/GAP8_V2/GCC_RISCV_FREERTOS//gap_sdk/rtos/freeRTOS/vendors/gwt/gap8/pmsis/cluster/drivers/cluster_synchronisation/fc_to_cl_delegate.o
 .text.__os_native_api_mutex_release
                0x000000001c00715e       0x1e /module/deploy/vision/BUILD/GAP8_V2/GCC_RISCV_FREERTOS//gap_sdk/rtos/freeRTOS/vendors/gwt/gap8/pmsis/cluster/drivers/cluster_synchronisation/fc_to_cl_delegate.o
 .text.pmsis_mutex_init
                0x000000001c00717c       0x48 /module/deploy/vision/BUILD/GAP8_V2/GCC_RISCV_FREERTOS//gap_sdk/rtos/freeRTOS/vendors/gwt/gap8/pmsis/cluster/drivers/cluster_synchronisation/fc_to_cl_delegate.o
 .text.pi_cluster_open
                0x000000001c0071c4      0x204 /module/deploy/vision/BUILD/GAP8_V2/GCC_RISCV_FREERTOS//gap_sdk/rtos/freeRTOS/vendors/gwt/gap8/pmsis/cluster/drivers/cluster_synchronisation/fc_to_cl_delegate.o
                0x000000001c0071c4                pi_cluster_open
 .text.pi_cluster_close
                0x000000001c0073c8       0x9a /module/deploy/vision/BUILD/GAP8_V2/GCC_RISCV_FREERTOS//gap_sdk/rtos/freeRTOS/vendors/gwt/gap8/pmsis/cluster/drivers/cluster_synchronisation/fc_to_cl_delegate.o
                0x000000001c0073c8                pi_cluster_close
 .text.__pi_send_task_to_cl.isra.3
                0x000000001c007462       0xac /module/deploy/vision/BUILD/GAP8_V2/GCC_RISCV_FREERTOS//gap_sdk/rtos/freeRTOS/vendors/gwt/gap8/pmsis/cluster/drivers/cluster_synchronisation/fc_to_cl_delegate.o
 .text.cl_task_finish
                0x000000001c00750e       0x76 /module/deploy/vision/BUILD/GAP8_V2/GCC_RISCV_FREERTOS//gap_sdk/rtos/freeRTOS/vendors/gwt/gap8/pmsis/cluster/drivers/cluster_synchronisation/fc_to_cl_delegate.o
                0x000000001c00750e                cl_task_finish
 .text.pi_cluster_send_task_to_cl
                0x000000001c007584       0x3a /module/deploy/vision/BUILD/GAP8_V2/GCC_RISCV_FREERTOS//gap_sdk/rtos/freeRTOS/vendors/gwt/gap8/pmsis/cluster/drivers/cluster_synchronisation/fc_to_cl_delegate.o
                0x000000001c007584                pi_cluster_send_task_to_cl
 .text.pi_cluster_conf_init
                0x000000001c0075be        0xa /module/deploy/vision/BUILD/GAP8_V2/GCC_RISCV_FREERTOS//gap_sdk/rtos/freeRTOS/vendors/gwt/gap8/pmsis/cluster/drivers/cluster_synchronisation/fc_to_cl_delegate.o
                0x000000001c0075be                pi_cluster_conf_init
 .text.pi_cl_dma_2d_handler
                0x000000001c0075c8       0x7e /module/deploy/vision/BUILD/GAP8_V2/GCC_RISCV_FREERTOS//gap_sdk/rtos/freeRTOS/vendors/gwt/gap8/pmsis/cluster/drivers/dma/cl_dma_irq.o
                0x000000001c0075c8                pi_cl_dma_2d_handler
 .text.fc_event_null_event
                0x000000001c007646        0x2 /module/deploy/vision/BUILD/GAP8_V2/GCC_RISCV_FREERTOS//gap_sdk/rtos/freeRTOS/vendors/gwt/gap8/pmsis/drivers/fc_event/fc_event.o
 .text.pi_fc_event_handler_init
                0x000000001c007648       0x30 /module/deploy/vision/BUILD/GAP8_V2/GCC_RISCV_FREERTOS//gap_sdk/rtos/freeRTOS/vendors/gwt/gap8/pmsis/drivers/fc_event/fc_event.o
                0x000000001c007648                pi_fc_event_handler_init
 .text.pi_fc_event_handler_set
                0x000000001c007678       0x10 /module/deploy/vision/BUILD/GAP8_V2/GCC_RISCV_FREERTOS//gap_sdk/rtos/freeRTOS/vendors/gwt/gap8/pmsis/drivers/fc_event/fc_event.o
                0x000000001c007678                pi_fc_event_handler_set
 .text.pi_fc_event_handler_clear
                0x000000001c007688       0x18 /module/deploy/vision/BUILD/GAP8_V2/GCC_RISCV_FREERTOS//gap_sdk/rtos/freeRTOS/vendors/gwt/gap8/pmsis/drivers/fc_event/fc_event.o
                0x000000001c007688                pi_fc_event_handler_clear
 .text.pi_fll_frequency_get
                0x000000001c0076a0       0x38 /module/deploy/vision/BUILD/GAP8_V2/GCC_RISCV_FREERTOS//gap_sdk/rtos/freeRTOS/vendors/gwt/gap8/pmsis/drivers/fll/fll.o
                0x000000001c0076a0                pi_fll_frequency_get
 .text.pi_freq_callback_add
                0x000000001c0076d8       0x24 /module/deploy/vision/BUILD/GAP8_V2/GCC_RISCV_FREERTOS//gap_sdk/rtos/freeRTOS/vendors/gwt/gap8/pmsis/drivers/fll/fll.o
                0x000000001c0076d8                pi_freq_callback_add
 .text.pi_freq_callback_remove
                0x000000001c0076fc       0x42 /module/deploy/vision/BUILD/GAP8_V2/GCC_RISCV_FREERTOS//gap_sdk/rtos/freeRTOS/vendors/gwt/gap8/pmsis/drivers/fll/fll.o
                0x000000001c0076fc                pi_freq_callback_remove
 .text.pi_freq_callback_exec
                0x000000001c00773e       0x22 /module/deploy/vision/BUILD/GAP8_V2/GCC_RISCV_FREERTOS//gap_sdk/rtos/freeRTOS/vendors/gwt/gap8/pmsis/drivers/fll/fll.o
                0x000000001c00773e                pi_freq_callback_exec
 .text.pi_fll_frequency_set
                0x000000001c007760       0x8a /module/deploy/vision/BUILD/GAP8_V2/GCC_RISCV_FREERTOS//gap_sdk/rtos/freeRTOS/vendors/gwt/gap8/pmsis/drivers/fll/fll.o
                0x000000001c007760                pi_fll_frequency_set
 .text.pi_fll_init
                0x000000001c0077ea       0x40 /module/deploy/vision/BUILD/GAP8_V2/GCC_RISCV_FREERTOS//gap_sdk/rtos/freeRTOS/vendors/gwt/gap8/pmsis/drivers/fll/fll.o
                0x000000001c0077ea                pi_fll_init
 .text.hal_gpio_pin_irq_set
                0x000000001c00782a       0x1e /module/deploy/vision/BUILD/GAP8_V2/GCC_RISCV_FREERTOS//gap_sdk/rtos/freeRTOS/vendors/gwt/gap8/pmsis/drivers/gpio/gpio.o
 .text.hal_gpio_pin_irq_type_set
                0x000000001c007848       0x2a /module/deploy/vision/BUILD/GAP8_V2/GCC_RISCV_FREERTOS//gap_sdk/rtos/freeRTOS/vendors/gwt/gap8/pmsis/drivers/gpio/gpio.o
 .text.hal_gpio_pin_config_set
                0x000000001c007872       0x30 /module/deploy/vision/BUILD/GAP8_V2/GCC_RISCV_FREERTOS//gap_sdk/rtos/freeRTOS/vendors/gwt/gap8/pmsis/drivers/gpio/gpio.o
 .text.gpio_handler
                0x000000001c0078a2       0x82 /module/deploy/vision/BUILD/GAP8_V2/GCC_RISCV_FREERTOS//gap_sdk/rtos/freeRTOS/vendors/gwt/gap8/pmsis/drivers/gpio/gpio.o
 .text.pi_gpio_conf_init
                0x000000001c007924        0xa /module/deploy/vision/BUILD/GAP8_V2/GCC_RISCV_FREERTOS//gap_sdk/rtos/freeRTOS/vendors/gwt/gap8/pmsis/drivers/gpio/gpio.o
                0x000000001c007924                pi_gpio_conf_init
 .text.pi_gpio_open
                0x000000001c00792e       0xa0 /module/deploy/vision/BUILD/GAP8_V2/GCC_RISCV_FREERTOS//gap_sdk/rtos/freeRTOS/vendors/gwt/gap8/pmsis/drivers/gpio/gpio.o
                0x000000001c00792e                pi_gpio_open
 .text.pi_gpio_pin_configure
                0x000000001c0079ce       0xc2 /module/deploy/vision/BUILD/GAP8_V2/GCC_RISCV_FREERTOS//gap_sdk/rtos/freeRTOS/vendors/gwt/gap8/pmsis/drivers/gpio/gpio.o
                0x000000001c0079ce                pi_gpio_pin_configure
 .text.pi_gpio_pin_write
                0x000000001c007a90       0x36 /module/deploy/vision/BUILD/GAP8_V2/GCC_RISCV_FREERTOS//gap_sdk/rtos/freeRTOS/vendors/gwt/gap8/pmsis/drivers/gpio/gpio.o
                0x000000001c007a90                pi_gpio_pin_write
 .text.pi_gpio_pin_read
                0x000000001c007ac6       0x3c /module/deploy/vision/BUILD/GAP8_V2/GCC_RISCV_FREERTOS//gap_sdk/rtos/freeRTOS/vendors/gwt/gap8/pmsis/drivers/gpio/gpio.o
                0x000000001c007ac6                pi_gpio_pin_read
 .text.pi_gpio_pin_notif_configure
                0x000000001c007b02       0x56 /module/deploy/vision/BUILD/GAP8_V2/GCC_RISCV_FREERTOS//gap_sdk/rtos/freeRTOS/vendors/gwt/gap8/pmsis/drivers/gpio/gpio.o
                0x000000001c007b02                pi_gpio_pin_notif_configure
 .text.pi_gpio_callback_add
                0x000000001c007b58       0x1e /module/deploy/vision/BUILD/GAP8_V2/GCC_RISCV_FREERTOS//gap_sdk/rtos/freeRTOS/vendors/gwt/gap8/pmsis/drivers/gpio/gpio.o
                0x000000001c007b58                pi_gpio_callback_add
 .text.pi_pad_set_function
                0x000000001c007b76       0x34 /module/deploy/vision/BUILD/GAP8_V2/GCC_RISCV_FREERTOS//gap_sdk/rtos/freeRTOS/vendors/gwt/gap8/pmsis/drivers/pad/pad.o
                0x000000001c007b76                pi_pad_set_function
 .text.pi_pad_init
                0x000000001c007baa       0x26 /module/deploy/vision/BUILD/GAP8_V2/GCC_RISCV_FREERTOS//gap_sdk/rtos/freeRTOS/vendors/gwt/gap8/pmsis/drivers/pad/pad.o
                0x000000001c007baa                pi_pad_init
 .text.pi_pmu_voltage_set
                0x000000001c007bd0        0x2 /module/deploy/vision/BUILD/GAP8_V2/GCC_RISCV_FREERTOS//gap_sdk/rtos/freeRTOS/vendors/gwt/gap8/pmsis/drivers/pmu/pmu.o
                0x000000001c007bd0                pi_pmu_voltage_set
 .text.__pi_pmu_handler
                0x000000001c007bd2       0x1e /module/deploy/vision/BUILD/GAP8_V2/GCC_RISCV_FREERTOS//gap_sdk/rtos/freeRTOS/vendors/gwt/gap8/pmsis/drivers/pmu/pmu_internal.o
 .text.__pi_pmu_task_fifo_enqueue
                0x000000001c007bf0       0x26 /module/deploy/vision/BUILD/GAP8_V2/GCC_RISCV_FREERTOS//gap_sdk/rtos/freeRTOS/vendors/gwt/gap8/pmsis/drivers/pmu/pmu_internal.o
 .text.__pi_pmu_regulator_state_change
                0x000000001c007c16       0xac /module/deploy/vision/BUILD/GAP8_V2/GCC_RISCV_FREERTOS//gap_sdk/rtos/freeRTOS/vendors/gwt/gap8/pmsis/drivers/pmu/pmu_internal.o
 .text.__pi_pmu_init
                0x000000001c007cc2       0xfa /module/deploy/vision/BUILD/GAP8_V2/GCC_RISCV_FREERTOS//gap_sdk/rtos/freeRTOS/vendors/gwt/gap8/pmsis/drivers/pmu/pmu_internal.o
                0x000000001c007cc2                __pi_pmu_init
 .text.__pi_pmu_voltage_set
                0x000000001c007dbc       0x8e /module/deploy/vision/BUILD/GAP8_V2/GCC_RISCV_FREERTOS//gap_sdk/rtos/freeRTOS/vendors/gwt/gap8/pmsis/drivers/pmu/pmu_internal.o
                0x000000001c007dbc                __pi_pmu_voltage_set
 .text.__pi_pmu_cluster_power_on
                0x000000001c007e4a       0xe6 /module/deploy/vision/BUILD/GAP8_V2/GCC_RISCV_FREERTOS//gap_sdk/rtos/freeRTOS/vendors/gwt/gap8/pmsis/drivers/pmu/pmu_internal.o
                0x000000001c007e4a                __pi_pmu_cluster_power_on
 .text.__pi_pmu_cluster_power_off
                0x000000001c007f30       0x9e /module/deploy/vision/BUILD/GAP8_V2/GCC_RISCV_FREERTOS//gap_sdk/rtos/freeRTOS/vendors/gwt/gap8/pmsis/drivers/pmu/pmu_internal.o
                0x000000001c007f30                __pi_pmu_cluster_power_off
 .text.pi_timer_init
                0x000000001c007fce       0x32 /module/deploy/vision/BUILD/GAP8_V2/GCC_RISCV_FREERTOS//gap_sdk/rtos/freeRTOS/vendors/gwt/gap8/pmsis/drivers/timer/timer.o
                0x000000001c007fce                pi_timer_init
 .text.pi_timer_stop
                0x000000001c008000       0x26 /module/deploy/vision/BUILD/GAP8_V2/GCC_RISCV_FREERTOS//gap_sdk/rtos/freeRTOS/vendors/gwt/gap8/pmsis/drivers/timer/timer.o
                0x000000001c008000                pi_timer_stop
 .text.hal_soc_eu_set_fc_mask
                0x000000001c008026       0x2e /module/deploy/vision/BUILD/GAP8_V2/GCC_RISCV_FREERTOS//gap_sdk/rtos/freeRTOS/vendors/gwt/gap8/pmsis/drivers/udma/hyperbus/hyperbus.o
 .text.hal_soc_eu_clear_fc_mask
                0x000000001c008054       0x26 /module/deploy/vision/BUILD/GAP8_V2/GCC_RISCV_FREERTOS//gap_sdk/rtos/freeRTOS/vendors/gwt/gap8/pmsis/drivers/udma/hyperbus/hyperbus.o
 .text.pi_hyper_conf_init
                0x000000001c00807a       0x22 /module/deploy/vision/BUILD/GAP8_V2/GCC_RISCV_FREERTOS//gap_sdk/rtos/freeRTOS/vendors/gwt/gap8/pmsis/drivers/udma/hyperbus/hyperbus.o
                0x000000001c00807a                pi_hyper_conf_init
 .text.pi_hyper_open
                0x000000001c00809c       0xe0 /module/deploy/vision/BUILD/GAP8_V2/GCC_RISCV_FREERTOS//gap_sdk/rtos/freeRTOS/vendors/gwt/gap8/pmsis/drivers/udma/hyperbus/hyperbus.o
                0x000000001c00809c                pi_hyper_open
 .text.pi_hyper_close
                0x000000001c00817c       0x90 /module/deploy/vision/BUILD/GAP8_V2/GCC_RISCV_FREERTOS//gap_sdk/rtos/freeRTOS/vendors/gwt/gap8/pmsis/drivers/udma/hyperbus/hyperbus.o
                0x000000001c00817c                pi_hyper_close
 .text.__pi_hyper_task_fifo_enqueue.isra.4
                0x000000001c00820c       0x22 /module/deploy/vision/BUILD/GAP8_V2/GCC_RISCV_FREERTOS//gap_sdk/rtos/freeRTOS/vendors/gwt/gap8/pmsis/drivers/udma/hyperbus/hyperbus_internal.o
 .text.__pi_hyper_copy_aligned.isra.6
                0x000000001c00822e       0x4a /module/deploy/vision/BUILD/GAP8_V2/GCC_RISCV_FREERTOS//gap_sdk/rtos/freeRTOS/vendors/gwt/gap8/pmsis/drivers/udma/hyperbus/hyperbus_internal.o
 .text.__pi_hyper_copy_misaligned
                0x000000001c008278      0x294 /module/deploy/vision/BUILD/GAP8_V2/GCC_RISCV_FREERTOS//gap_sdk/rtos/freeRTOS/vendors/gwt/gap8/pmsis/drivers/udma/hyperbus/hyperbus_internal.o
 .text.__pi_hyper_copy_exec
                0x000000001c00850c       0x4a /module/deploy/vision/BUILD/GAP8_V2/GCC_RISCV_FREERTOS//gap_sdk/rtos/freeRTOS/vendors/gwt/gap8/pmsis/drivers/udma/hyperbus/hyperbus_internal.o
 .text.__pi_hyper_settings
                0x000000001c008556      0x136 /module/deploy/vision/BUILD/GAP8_V2/GCC_RISCV_FREERTOS//gap_sdk/rtos/freeRTOS/vendors/gwt/gap8/pmsis/drivers/udma/hyperbus/hyperbus_internal.o
                0x000000001c008556                __pi_hyper_settings
 .text.__pi_hyper_pin_settings
                0x000000001c00868c       0x2c /module/deploy/vision/BUILD/GAP8_V2/GCC_RISCV_FREERTOS//gap_sdk/rtos/freeRTOS/vendors/gwt/gap8/pmsis/drivers/udma/hyperbus/hyperbus_internal.o
                0x000000001c00868c                __pi_hyper_pin_settings
 .text.__pi_hyper_pin_reset_settings
                0x000000001c0086b8       0x2c /module/deploy/vision/BUILD/GAP8_V2/GCC_RISCV_FREERTOS//gap_sdk/rtos/freeRTOS/vendors/gwt/gap8/pmsis/drivers/udma/hyperbus/hyperbus_internal.o
                0x000000001c0086b8                __pi_hyper_pin_reset_settings
 .text.__pi_hyper_copy
                0x000000001c0086e4       0x5e /module/deploy/vision/BUILD/GAP8_V2/GCC_RISCV_FREERTOS//gap_sdk/rtos/freeRTOS/vendors/gwt/gap8/pmsis/drivers/udma/hyperbus/hyperbus_internal.o
                0x000000001c0086e4                __pi_hyper_copy
 .text.__pi_hyper_copy_2d
                0x000000001c008742       0x7a /module/deploy/vision/BUILD/GAP8_V2/GCC_RISCV_FREERTOS//gap_sdk/rtos/freeRTOS/vendors/gwt/gap8/pmsis/drivers/udma/hyperbus/hyperbus_internal.o
                0x000000001c008742                __pi_hyper_copy_2d
 .text.pi_cpi_conf_init
                0x000000001c0087bc        0x2 /module/deploy/vision/BUILD/GAP8_V2/GCC_RISCV_FREERTOS//gap_sdk/rtos/freeRTOS/vendors/gwt/gap8/pmsis/drivers/udma/cpi/cpi.o
                0x000000001c0087bc                pi_cpi_conf_init
 .text.pi_cpi_open
                0x000000001c0087be        0x8 /module/deploy/vision/BUILD/GAP8_V2/GCC_RISCV_FREERTOS//gap_sdk/rtos/freeRTOS/vendors/gwt/gap8/pmsis/drivers/udma/cpi/cpi.o
                0x000000001c0087be                pi_cpi_open
 .text.pi_cpi_close
                0x000000001c0087c6       0x1e /module/deploy/vision/BUILD/GAP8_V2/GCC_RISCV_FREERTOS//gap_sdk/rtos/freeRTOS/vendors/gwt/gap8/pmsis/drivers/udma/cpi/cpi.o
                0x000000001c0087c6                pi_cpi_close
 .text.pi_cpi_capture_async
                0x000000001c0087e4        0x4 /module/deploy/vision/BUILD/GAP8_V2/GCC_RISCV_FREERTOS//gap_sdk/rtos/freeRTOS/vendors/gwt/gap8/pmsis/drivers/udma/cpi/cpi.o
                0x000000001c0087e4                pi_cpi_capture_async
 .text.__pi_cpi_copy_exec
                0x000000001c0087e8       0x8a /module/deploy/vision/BUILD/GAP8_V2/GCC_RISCV_FREERTOS//gap_sdk/rtos/freeRTOS/vendors/gwt/gap8/pmsis/drivers/udma/cpi/cpi_internal.o
 .text.__pi_cpi_handler
                0x000000001c008872      0x128 /module/deploy/vision/BUILD/GAP8_V2/GCC_RISCV_FREERTOS//gap_sdk/rtos/freeRTOS/vendors/gwt/gap8/pmsis/drivers/udma/cpi/cpi_internal.o
 .text.__pi_cpi_conf_init
                0x000000001c00899a        0xc /module/deploy/vision/BUILD/GAP8_V2/GCC_RISCV_FREERTOS//gap_sdk/rtos/freeRTOS/vendors/gwt/gap8/pmsis/drivers/udma/cpi/cpi_internal.o
                0x000000001c00899a                __pi_cpi_conf_init
 .text.__pi_cpi_open
                0x000000001c0089a6       0xe0 /module/deploy/vision/BUILD/GAP8_V2/GCC_RISCV_FREERTOS//gap_sdk/rtos/freeRTOS/vendors/gwt/gap8/pmsis/drivers/udma/cpi/cpi_internal.o
                0x000000001c0089a6                __pi_cpi_open
 .text.__pi_cpi_close
                0x000000001c008a86       0x84 /module/deploy/vision/BUILD/GAP8_V2/GCC_RISCV_FREERTOS//gap_sdk/rtos/freeRTOS/vendors/gwt/gap8/pmsis/drivers/udma/cpi/cpi_internal.o
                0x000000001c008a86                __pi_cpi_close
 .text.__pi_cpi_copy
                0x000000001c008b0a       0x5e /module/deploy/vision/BUILD/GAP8_V2/GCC_RISCV_FREERTOS//gap_sdk/rtos/freeRTOS/vendors/gwt/gap8/pmsis/drivers/udma/cpi/cpi_internal.o
                0x000000001c008b0a                __pi_cpi_copy
 .text.pi_i2c_conf_init
                0x000000001c008b68        0x2 /module/deploy/vision/BUILD/GAP8_V2/GCC_RISCV_FREERTOS//gap_sdk/rtos/freeRTOS/vendors/gwt/gap8/pmsis/drivers/udma/i2c/i2c.o
                0x000000001c008b68                pi_i2c_conf_init
 .text.pi_i2c_open
                0x000000001c008b6a        0x8 /module/deploy/vision/BUILD/GAP8_V2/GCC_RISCV_FREERTOS//gap_sdk/rtos/freeRTOS/vendors/gwt/gap8/pmsis/drivers/udma/i2c/i2c.o
                0x000000001c008b6a                pi_i2c_open
 .text.pi_i2c_read_async
                0x000000001c008b72        0x8 /module/deploy/vision/BUILD/GAP8_V2/GCC_RISCV_FREERTOS//gap_sdk/rtos/freeRTOS/vendors/gwt/gap8/pmsis/drivers/udma/i2c/i2c.o
                0x000000001c008b72                pi_i2c_read_async
 .text.pi_i2c_read
                0x000000001c008b7a       0x38 /module/deploy/vision/BUILD/GAP8_V2/GCC_RISCV_FREERTOS//gap_sdk/rtos/freeRTOS/vendors/gwt/gap8/pmsis/drivers/udma/i2c/i2c.o
                0x000000001c008b7a                pi_i2c_read
 .text.pi_i2c_write_async
                0x000000001c008bb2        0x8 /module/deploy/vision/BUILD/GAP8_V2/GCC_RISCV_FREERTOS//gap_sdk/rtos/freeRTOS/vendors/gwt/gap8/pmsis/drivers/udma/i2c/i2c.o
                0x000000001c008bb2                pi_i2c_write_async
 .text.pi_i2c_write
                0x000000001c008bba       0x38 /module/deploy/vision/BUILD/GAP8_V2/GCC_RISCV_FREERTOS//gap_sdk/rtos/freeRTOS/vendors/gwt/gap8/pmsis/drivers/udma/i2c/i2c.o
                0x000000001c008bba                pi_i2c_write
 .text.hal_soc_eu_set_fc_mask
                0x000000001c008bf2       0x2e /module/deploy/vision/BUILD/GAP8_V2/GCC_RISCV_FREERTOS//gap_sdk/rtos/freeRTOS/vendors/gwt/gap8/pmsis/drivers/udma/i2c/i2c_internal.o
 .text.__pi_i2c_clk_div_get
                0x000000001c008c20       0x38 /module/deploy/vision/BUILD/GAP8_V2/GCC_RISCV_FREERTOS//gap_sdk/rtos/freeRTOS/vendors/gwt/gap8/pmsis/drivers/udma/i2c/i2c_internal.o
 .text.__pi_i2c_freq_cb
                0x000000001c008c58       0x42 /module/deploy/vision/BUILD/GAP8_V2/GCC_RISCV_FREERTOS//gap_sdk/rtos/freeRTOS/vendors/gwt/gap8/pmsis/drivers/udma/i2c/i2c_internal.o
 .text.__pi_i2c_copy_exec_write
                0x000000001c008c9a       0xc4 /module/deploy/vision/BUILD/GAP8_V2/GCC_RISCV_FREERTOS//gap_sdk/rtos/freeRTOS/vendors/gwt/gap8/pmsis/drivers/udma/i2c/i2c_internal.o
 .text.__pi_i2c_copy_exec_read
                0x000000001c008d5e       0xce /module/deploy/vision/BUILD/GAP8_V2/GCC_RISCV_FREERTOS//gap_sdk/rtos/freeRTOS/vendors/gwt/gap8/pmsis/drivers/udma/i2c/i2c_internal.o
 .text.__pi_i2c_handler
                0x000000001c008e2c      0x114 /module/deploy/vision/BUILD/GAP8_V2/GCC_RISCV_FREERTOS//gap_sdk/rtos/freeRTOS/vendors/gwt/gap8/pmsis/drivers/udma/i2c/i2c_internal.o
 .text.__pi_i2c_conf_init
                0x000000001c008f40       0x18 /module/deploy/vision/BUILD/GAP8_V2/GCC_RISCV_FREERTOS//gap_sdk/rtos/freeRTOS/vendors/gwt/gap8/pmsis/drivers/udma/i2c/i2c_internal.o
                0x000000001c008f40                __pi_i2c_conf_init
 .text.__pi_i2c_open
                0x000000001c008f58      0x164 /module/deploy/vision/BUILD/GAP8_V2/GCC_RISCV_FREERTOS//gap_sdk/rtos/freeRTOS/vendors/gwt/gap8/pmsis/drivers/udma/i2c/i2c_internal.o
                0x000000001c008f58                __pi_i2c_open
 .text.__pi_i2c_copy
                0x000000001c0090bc       0x6a /module/deploy/vision/BUILD/GAP8_V2/GCC_RISCV_FREERTOS//gap_sdk/rtos/freeRTOS/vendors/gwt/gap8/pmsis/drivers/udma/i2c/i2c_internal.o
                0x000000001c0090bc                __pi_i2c_copy
 .text.pi_task_block
                0x000000001c009126        0x4 /module/deploy/vision/BUILD/GAP8_V2/GCC_RISCV_FREERTOS//gap_sdk/rtos/freeRTOS/vendors/gwt/gap8/pmsis/drivers/udma/spi/spi.o
 .text.pi_spi_open
                0x000000001c00912a       0x1c /module/deploy/vision/BUILD/GAP8_V2/GCC_RISCV_FREERTOS//gap_sdk/rtos/freeRTOS/vendors/gwt/gap8/pmsis/drivers/udma/spi/spi.o
                0x000000001c00912a                pi_spi_open
 .text.pi_spi_transfer_async
                0x000000001c009146        0x4 /module/deploy/vision/BUILD/GAP8_V2/GCC_RISCV_FREERTOS//gap_sdk/rtos/freeRTOS/vendors/gwt/gap8/pmsis/drivers/udma/spi/spi.o
                0x000000001c009146                pi_spi_transfer_async
 .text.pi_spi_transfer
                0x000000001c00914a       0x3a /module/deploy/vision/BUILD/GAP8_V2/GCC_RISCV_FREERTOS//gap_sdk/rtos/freeRTOS/vendors/gwt/gap8/pmsis/drivers/udma/spi/spi.o
                0x000000001c00914a                pi_spi_transfer
 .text.hal_soc_eu_set_fc_mask
                0x000000001c009184       0x2e /module/deploy/vision/BUILD/GAP8_V2/GCC_RISCV_FREERTOS//gap_sdk/rtos/freeRTOS/vendors/gwt/gap8/pmsis/drivers/udma/spi/spi_internal.o
 .text.hal_soc_eu_clear_fc_mask
                0x000000001c0091b2       0x26 /module/deploy/vision/BUILD/GAP8_V2/GCC_RISCV_FREERTOS//gap_sdk/rtos/freeRTOS/vendors/gwt/gap8/pmsis/drivers/udma/spi/spi_internal.o
 .text.__pi_spim_drv_fifo_enqueue
                0x000000001c0091d8       0x36 /module/deploy/vision/BUILD/GAP8_V2/GCC_RISCV_FREERTOS//gap_sdk/rtos/freeRTOS/vendors/gwt/gap8/pmsis/drivers/udma/spi/spi_internal.o
 .text.__pi_spim_drv_fifo_enqueue_task.isra.0
                0x000000001c00920e       0x1c /module/deploy/vision/BUILD/GAP8_V2/GCC_RISCV_FREERTOS//gap_sdk/rtos/freeRTOS/vendors/gwt/gap8/pmsis/drivers/udma/spi/spi_internal.o
 .text.__pi_spi_clk_div_get
                0x000000001c00922a       0x34 /module/deploy/vision/BUILD/GAP8_V2/GCC_RISCV_FREERTOS//gap_sdk/rtos/freeRTOS/vendors/gwt/gap8/pmsis/drivers/udma/spi/spi_internal.o
 .text.__pi_spi_freq_cb
                0x000000001c00925e       0x64 /module/deploy/vision/BUILD/GAP8_V2/GCC_RISCV_FREERTOS//gap_sdk/rtos/freeRTOS/vendors/gwt/gap8/pmsis/drivers/udma/spi/spi_internal.o
                0x000000001c00925e                __pi_spi_freq_cb
 .text.pi_spi_conf_init
                0x000000001c0092c2       0x26 /module/deploy/vision/BUILD/GAP8_V2/GCC_RISCV_FREERTOS//gap_sdk/rtos/freeRTOS/vendors/gwt/gap8/pmsis/drivers/udma/spi/spi_internal.o
                0x000000001c0092c2                pi_spi_conf_init
 .text.__pi_spi_open
                0x000000001c0092e8      0x254 /module/deploy/vision/BUILD/GAP8_V2/GCC_RISCV_FREERTOS//gap_sdk/rtos/freeRTOS/vendors/gwt/gap8/pmsis/drivers/udma/spi/spi_internal.o
                0x000000001c0092e8                __pi_spi_open
 .text.__pi_spi_receive_async
                0x000000001c00953c       0xda /module/deploy/vision/BUILD/GAP8_V2/GCC_RISCV_FREERTOS//gap_sdk/rtos/freeRTOS/vendors/gwt/gap8/pmsis/drivers/udma/spi/spi_internal.o
                0x000000001c00953c                __pi_spi_receive_async
 .text.__pi_spi_send_async
                0x000000001c009616      0x108 /module/deploy/vision/BUILD/GAP8_V2/GCC_RISCV_FREERTOS//gap_sdk/rtos/freeRTOS/vendors/gwt/gap8/pmsis/drivers/udma/spi/spi_internal.o
                0x000000001c009616                __pi_spi_send_async
 .text.__pi_spi_xfer_async
                0x000000001c00971e       0xfe /module/deploy/vision/BUILD/GAP8_V2/GCC_RISCV_FREERTOS//gap_sdk/rtos/freeRTOS/vendors/gwt/gap8/pmsis/drivers/udma/spi/spi_internal.o
                0x000000001c00971e                __pi_spi_xfer_async
 .text.__ucode_patch
                0x000000001c00981c       0x2e /module/deploy/vision/BUILD/GAP8_V2/GCC_RISCV_FREERTOS//gap_sdk/rtos/freeRTOS/vendors/gwt/gap8/pmsis/drivers/udma/spi/spi_internal.o
                0x000000001c00981c                __ucode_patch
 .text.__spi_cpy_read_aligned
                0x000000001c00984a      0x176 /module/deploy/vision/BUILD/GAP8_V2/GCC_RISCV_FREERTOS//gap_sdk/rtos/freeRTOS/vendors/gwt/gap8/pmsis/drivers/udma/spi/spi_internal.o
 .text.__spi_cpy_send_aligned
                0x000000001c0099c0      0x166 /module/deploy/vision/BUILD/GAP8_V2/GCC_RISCV_FREERTOS//gap_sdk/rtos/freeRTOS/vendors/gwt/gap8/pmsis/drivers/udma/spi/spi_internal.o
 .text.__pi_spim_exec_post_transfer
                0x000000001c009b26       0x1c /module/deploy/vision/BUILD/GAP8_V2/GCC_RISCV_FREERTOS//gap_sdk/rtos/freeRTOS/vendors/gwt/gap8/pmsis/drivers/udma/spi/spi_internal.o
 .text.__pi_spi_copy_async
                0x000000001c009b42      0x418 /module/deploy/vision/BUILD/GAP8_V2/GCC_RISCV_FREERTOS//gap_sdk/rtos/freeRTOS/vendors/gwt/gap8/pmsis/drivers/udma/spi/spi_internal.o
                0x000000001c009b42                __pi_spi_copy_async
 .text.__pi_spi_copy_async_2d
                0x000000001c009f5a       0xb0 /module/deploy/vision/BUILD/GAP8_V2/GCC_RISCV_FREERTOS//gap_sdk/rtos/freeRTOS/vendors/gwt/gap8/pmsis/drivers/udma/spi/spi_internal.o
                0x000000001c009f5a                __pi_spi_copy_async_2d
 .text.spim_eot_handler
                0x000000001c00a00a      0x20c /module/deploy/vision/BUILD/GAP8_V2/GCC_RISCV_FREERTOS//gap_sdk/rtos/freeRTOS/vendors/gwt/gap8/pmsis/drivers/udma/spi/spi_internal.o
                0x000000001c00a00a                spim_eot_handler
 .text.spim_tx_handler
                0x000000001c00a216       0x20 /module/deploy/vision/BUILD/GAP8_V2/GCC_RISCV_FREERTOS//gap_sdk/rtos/freeRTOS/vendors/gwt/gap8/pmsis/drivers/udma/spi/spi_internal.o
                0x000000001c00a216                spim_tx_handler
 .text.spim_rx_handler
                0x000000001c00a236       0x20 /module/deploy/vision/BUILD/GAP8_V2/GCC_RISCV_FREERTOS//gap_sdk/rtos/freeRTOS/vendors/gwt/gap8/pmsis/drivers/udma/spi/spi_internal.o
                0x000000001c00a236                spim_rx_handler
 .text.pi_uart_conf_init
                0x000000001c00a256        0x2 /module/deploy/vision/BUILD/GAP8_V2/GCC_RISCV_FREERTOS//gap_sdk/rtos/freeRTOS/vendors/gwt/gap8/pmsis/drivers/udma/uart/uart.o
                0x000000001c00a256                pi_uart_conf_init
 .text.pi_uart_open
                0x000000001c00a258        0x6 /module/deploy/vision/BUILD/GAP8_V2/GCC_RISCV_FREERTOS//gap_sdk/rtos/freeRTOS/vendors/gwt/gap8/pmsis/drivers/udma/uart/uart.o
                0x000000001c00a258                pi_uart_open
 .text.pi_uart_close
                0x000000001c00a25e       0x1e /module/deploy/vision/BUILD/GAP8_V2/GCC_RISCV_FREERTOS//gap_sdk/rtos/freeRTOS/vendors/gwt/gap8/pmsis/drivers/udma/uart/uart.o
                0x000000001c00a25e                pi_uart_close
 .text.pi_uart_write_async
                0x000000001c00a27c        0x8 /module/deploy/vision/BUILD/GAP8_V2/GCC_RISCV_FREERTOS//gap_sdk/rtos/freeRTOS/vendors/gwt/gap8/pmsis/drivers/udma/uart/uart.o
                0x000000001c00a27c                pi_uart_write_async
 .text.pi_uart_write
                0x000000001c00a284       0x4a /module/deploy/vision/BUILD/GAP8_V2/GCC_RISCV_FREERTOS//gap_sdk/rtos/freeRTOS/vendors/gwt/gap8/pmsis/drivers/udma/uart/uart.o
                0x000000001c00a284                pi_uart_write
 .text.hal_soc_eu_set_fc_mask
                0x000000001c00a2ce       0x2e /module/deploy/vision/BUILD/GAP8_V2/GCC_RISCV_FREERTOS//gap_sdk/rtos/freeRTOS/vendors/gwt/gap8/pmsis/drivers/udma/uart/uart_internal.o
 .text.hal_soc_eu_clear_fc_mask
                0x000000001c00a2fc       0x26 /module/deploy/vision/BUILD/GAP8_V2/GCC_RISCV_FREERTOS//gap_sdk/rtos/freeRTOS/vendors/gwt/gap8/pmsis/drivers/udma/uart/uart_internal.o
 .text.__pi_uart_copy_exec.isra.3
                0x000000001c00a322       0x44 /module/deploy/vision/BUILD/GAP8_V2/GCC_RISCV_FREERTOS//gap_sdk/rtos/freeRTOS/vendors/gwt/gap8/pmsis/drivers/udma/uart/uart_internal.o
 .text.__pi_uart_handler
                0x000000001c00a366       0x84 /module/deploy/vision/BUILD/GAP8_V2/GCC_RISCV_FREERTOS//gap_sdk/rtos/freeRTOS/vendors/gwt/gap8/pmsis/drivers/udma/uart/uart_internal.o
 .text.hal_uart_tx_enable
                0x000000001c00a3ea       0x14 /module/deploy/vision/BUILD/GAP8_V2/GCC_RISCV_FREERTOS//gap_sdk/rtos/freeRTOS/vendors/gwt/gap8/pmsis/drivers/udma/uart/uart_internal.o
 .text.hal_uart_tx_disable
                0x000000001c00a3fe       0x14 /module/deploy/vision/BUILD/GAP8_V2/GCC_RISCV_FREERTOS//gap_sdk/rtos/freeRTOS/vendors/gwt/gap8/pmsis/drivers/udma/uart/uart_internal.o
 .text.hal_uart_rx_enable
                0x000000001c00a412       0x14 /module/deploy/vision/BUILD/GAP8_V2/GCC_RISCV_FREERTOS//gap_sdk/rtos/freeRTOS/vendors/gwt/gap8/pmsis/drivers/udma/uart/uart_internal.o
 .text.hal_uart_rx_disable
                0x000000001c00a426       0x14 /module/deploy/vision/BUILD/GAP8_V2/GCC_RISCV_FREERTOS//gap_sdk/rtos/freeRTOS/vendors/gwt/gap8/pmsis/drivers/udma/uart/uart_internal.o
 .text.__pi_uart_freq_cb
                0x000000001c00a43a       0x7e /module/deploy/vision/BUILD/GAP8_V2/GCC_RISCV_FREERTOS//gap_sdk/rtos/freeRTOS/vendors/gwt/gap8/pmsis/drivers/udma/uart/uart_internal.o
 .text.__pi_uart_conf_set
                0x000000001c00a4b8       0x7a /module/deploy/vision/BUILD/GAP8_V2/GCC_RISCV_FREERTOS//gap_sdk/rtos/freeRTOS/vendors/gwt/gap8/pmsis/drivers/udma/uart/uart_internal.o
 .text.__pi_uart_conf_init
                0x000000001c00a532       0x18 /module/deploy/vision/BUILD/GAP8_V2/GCC_RISCV_FREERTOS//gap_sdk/rtos/freeRTOS/vendors/gwt/gap8/pmsis/drivers/udma/uart/uart_internal.o
                0x000000001c00a532                __pi_uart_conf_init
 .text.__pi_uart_open
                0x000000001c00a54a       0xf0 /module/deploy/vision/BUILD/GAP8_V2/GCC_RISCV_FREERTOS//gap_sdk/rtos/freeRTOS/vendors/gwt/gap8/pmsis/drivers/udma/uart/uart_internal.o
                0x000000001c00a54a                __pi_uart_open
 .text.__pi_uart_close
                0x000000001c00a63a       0xe4 /module/deploy/vision/BUILD/GAP8_V2/GCC_RISCV_FREERTOS//gap_sdk/rtos/freeRTOS/vendors/gwt/gap8/pmsis/drivers/udma/uart/uart_internal.o
                0x000000001c00a63a                __pi_uart_close
 .text.__pi_uart_copy
                0x000000001c00a71e       0x7a /module/deploy/vision/BUILD/GAP8_V2/GCC_RISCV_FREERTOS//gap_sdk/rtos/freeRTOS/vendors/gwt/gap8/pmsis/drivers/udma/uart/uart_internal.o
                0x000000001c00a71e                __pi_uart_copy
 .text.pi_flash_open
                0x000000001c00a798        0xc /module/deploy/vision/BUILD/GAP8_V2/GCC_RISCV_FREERTOS//gap_sdk/rtos/pmsis/bsp/flash/flash.o
                0x000000001c00a798                pi_flash_open
 .text.__flash_conf_init
                0x000000001c00a7a4        0x2 /module/deploy/vision/BUILD/GAP8_V2/GCC_RISCV_FREERTOS//gap_sdk/rtos/pmsis/bsp/flash/flash.o
                0x000000001c00a7a4                __flash_conf_init
 .text.pi_partition_get_flash_offset
                0x000000001c00a7a6        0xa /module/deploy/vision/BUILD/GAP8_V2/GCC_RISCV_FREERTOS//gap_sdk/rtos/pmsis/bsp/partition/partition.o
                0x000000001c00a7a6                pi_partition_get_flash_offset
 .text.pi_partition_table_free
                0x000000001c00a7b0        0x2 /module/deploy/vision/BUILD/GAP8_V2/GCC_RISCV_FREERTOS//gap_sdk/rtos/pmsis/bsp/partition/partition.o
                0x000000001c00a7b0                pi_partition_table_free
 .text.pi_partition_table_load
                0x000000001c00a7b2        0x4 /module/deploy/vision/BUILD/GAP8_V2/GCC_RISCV_FREERTOS//gap_sdk/rtos/pmsis/bsp/partition/partition.o
                0x000000001c00a7b2                pi_partition_table_load
 .text.pi_partition_find_first
                0x000000001c00a7b6       0x5e /module/deploy/vision/BUILD/GAP8_V2/GCC_RISCV_FREERTOS//gap_sdk/rtos/pmsis/bsp/partition/partition.o
                0x000000001c00a7b6                pi_partition_find_first
 .text.flash_partition_table_verify
                0x000000001c00a814       0x74 /module/deploy/vision/BUILD/GAP8_V2/GCC_RISCV_FREERTOS//gap_sdk/rtos/pmsis/bsp/partition/flash_partition.o
                0x000000001c00a814                flash_partition_table_verify
 .text.flash_partition_table_load
                0x000000001c00a888      0x130 /module/deploy/vision/BUILD/GAP8_V2/GCC_RISCV_FREERTOS//gap_sdk/rtos/pmsis/bsp/partition/flash_partition.o
                0x000000001c00a888                flash_partition_table_load
 .text.flash_partition_table_free
                0x000000001c00a9b8       0x24 /module/deploy/vision/BUILD/GAP8_V2/GCC_RISCV_FREERTOS//gap_sdk/rtos/pmsis/bsp/partition/flash_partition.o
                0x000000001c00a9b8                flash_partition_table_free
 .text.flash_partition_find_first
                0x000000001c00a9dc       0x6c /module/deploy/vision/BUILD/GAP8_V2/GCC_RISCV_FREERTOS//gap_sdk/rtos/pmsis/bsp/partition/flash_partition.o
                0x000000001c00a9dc                flash_partition_find_first
 .text.body     0x000000001c00aa48      0x8d6 /module/deploy/vision/BUILD/GAP8_V2/GCC_RISCV_FREERTOS//gap_sdk/rtos/pmsis/bsp/crc/md5.o
 .text.MD5_Init
                0x000000001c00b31e       0x32 /module/deploy/vision/BUILD/GAP8_V2/GCC_RISCV_FREERTOS//gap_sdk/rtos/pmsis/bsp/crc/md5.o
                0x000000001c00b31e                MD5_Init
 .text.MD5_Update
                0x000000001c00b350       0x9c /module/deploy/vision/BUILD/GAP8_V2/GCC_RISCV_FREERTOS//gap_sdk/rtos/pmsis/bsp/crc/md5.o
                0x000000001c00b350                MD5_Update
 .text.MD5_Final
                0x000000001c00b3ec      0x138 /module/deploy/vision/BUILD/GAP8_V2/GCC_RISCV_FREERTOS//gap_sdk/rtos/pmsis/bsp/crc/md5.o
                0x000000001c00b3ec                MD5_Final
 .text.pi_fs_conf_init
                0x000000001c00b524       0x12 /module/deploy/vision/BUILD/GAP8_V2/GCC_RISCV_FREERTOS//gap_sdk/rtos/pmsis/bsp/fs/fs.o
                0x000000001c00b524                pi_fs_conf_init
 .text.pi_fs_mount
                0x000000001c00b536       0x2c /module/deploy/vision/BUILD/GAP8_V2/GCC_RISCV_FREERTOS//gap_sdk/rtos/pmsis/bsp/fs/fs.o
                0x000000001c00b536                pi_fs_mount
 .text.pi_fs_unmount
                0x000000001c00b562        0x8 /module/deploy/vision/BUILD/GAP8_V2/GCC_RISCV_FREERTOS//gap_sdk/rtos/pmsis/bsp/fs/fs.o
                0x000000001c00b562                pi_fs_unmount
 .text.pi_fs_open
                0x000000001c00b56a        0x8 /module/deploy/vision/BUILD/GAP8_V2/GCC_RISCV_FREERTOS//gap_sdk/rtos/pmsis/bsp/fs/fs.o
                0x000000001c00b56a                pi_fs_open
 .text.pi_fs_read_async
                0x000000001c00b572        0x8 /module/deploy/vision/BUILD/GAP8_V2/GCC_RISCV_FREERTOS//gap_sdk/rtos/pmsis/bsp/fs/fs.o
                0x000000001c00b572                pi_fs_read_async
 .text.pi_fs_read
                0x000000001c00b57a       0x30 /module/deploy/vision/BUILD/GAP8_V2/GCC_RISCV_FREERTOS//gap_sdk/rtos/pmsis/bsp/fs/fs.o
                0x000000001c00b57a                pi_fs_read
 .text.pi_fs_write_async
                0x000000001c00b5aa        0x8 /module/deploy/vision/BUILD/GAP8_V2/GCC_RISCV_FREERTOS//gap_sdk/rtos/pmsis/bsp/fs/fs.o
                0x000000001c00b5aa                pi_fs_write_async
 .text.pi_fs_write
                0x000000001c00b5b2       0x30 /module/deploy/vision/BUILD/GAP8_V2/GCC_RISCV_FREERTOS//gap_sdk/rtos/pmsis/bsp/fs/fs.o
                0x000000001c00b5b2                pi_fs_write
 .text.pi_fs_copy_async
                0x000000001c00b5e2        0xa /module/deploy/vision/BUILD/GAP8_V2/GCC_RISCV_FREERTOS//gap_sdk/rtos/pmsis/bsp/fs/fs.o
                0x000000001c00b5e2                pi_fs_copy_async
 .text.pi_flash_read_async
                0x000000001c00b5ec        0x8 /module/deploy/vision/BUILD/GAP8_V2/GCC_RISCV_FREERTOS//gap_sdk/rtos/pmsis/bsp/fs/read_fs/read_fs.o
 .text.__pi_read_fs_write
                0x000000001c00b5f4       0x3e /module/deploy/vision/BUILD/GAP8_V2/GCC_RISCV_FREERTOS//gap_sdk/rtos/pmsis/bsp/fs/read_fs/read_fs.o
 .text.__pi_read_fs_seek
                0x000000001c00b632       0x10 /module/deploy/vision/BUILD/GAP8_V2/GCC_RISCV_FREERTOS//gap_sdk/rtos/pmsis/bsp/fs/read_fs/read_fs.o
 .text.__pi_read_fs_copy_async
                0x000000001c00b642       0x18 /module/deploy/vision/BUILD/GAP8_V2/GCC_RISCV_FREERTOS//gap_sdk/rtos/pmsis/bsp/fs/read_fs/read_fs.o
 .text.__pi_read_fs_copy_2d_async
                0x000000001c00b65a       0x18 /module/deploy/vision/BUILD/GAP8_V2/GCC_RISCV_FREERTOS//gap_sdk/rtos/pmsis/bsp/fs/read_fs/read_fs.o
 .text.__pi_read_fs_direct_read_async
                0x000000001c00b672       0x4a /module/deploy/vision/BUILD/GAP8_V2/GCC_RISCV_FREERTOS//gap_sdk/rtos/pmsis/bsp/fs/read_fs/read_fs.o
 .text.pi_task_push
                0x000000001c00b6bc       0x1a /module/deploy/vision/BUILD/GAP8_V2/GCC_RISCV_FREERTOS//gap_sdk/rtos/pmsis/bsp/fs/read_fs/read_fs.o
 .text.__pi_fs_free
                0x000000001c00b6d6       0x32 /module/deploy/vision/BUILD/GAP8_V2/GCC_RISCV_FREERTOS//gap_sdk/rtos/pmsis/bsp/fs/read_fs/read_fs.o
 .text.__pi_read_fs_unmount
                0x000000001c00b708        0x6 /module/deploy/vision/BUILD/GAP8_V2/GCC_RISCV_FREERTOS//gap_sdk/rtos/pmsis/bsp/fs/read_fs/read_fs.o
 .text.__pi_read_fs_open
                0x000000001c00b70e      0x11e /module/deploy/vision/BUILD/GAP8_V2/GCC_RISCV_FREERTOS//gap_sdk/rtos/pmsis/bsp/fs/read_fs/read_fs.o
 .text.__pi_fs_mount_step
                0x000000001c00b82c      0x130 /module/deploy/vision/BUILD/GAP8_V2/GCC_RISCV_FREERTOS//gap_sdk/rtos/pmsis/bsp/fs/read_fs/read_fs.o
 .text.__pi_read_fs_mount
                0x000000001c00b95c       0x7a /module/deploy/vision/BUILD/GAP8_V2/GCC_RISCV_FREERTOS//gap_sdk/rtos/pmsis/bsp/fs/read_fs/read_fs.o
 .text.__pi_read_fs_close
                0x000000001c00b9d6       0x4c /module/deploy/vision/BUILD/GAP8_V2/GCC_RISCV_FREERTOS//gap_sdk/rtos/pmsis/bsp/fs/read_fs/read_fs.o
 .text.__pi_fs_read_cached
                0x000000001c00ba22       0x6e /module/deploy/vision/BUILD/GAP8_V2/GCC_RISCV_FREERTOS//gap_sdk/rtos/pmsis/bsp/fs/read_fs/read_fs.o
 .text.__pi_fs_read
                0x000000001c00ba90       0xe0 /module/deploy/vision/BUILD/GAP8_V2/GCC_RISCV_FREERTOS//gap_sdk/rtos/pmsis/bsp/fs/read_fs/read_fs.o
                0x000000001c00ba90                __pi_fs_read
 .text.__pi_read_fs_try_read
                0x000000001c00bb70       0x9e /module/deploy/vision/BUILD/GAP8_V2/GCC_RISCV_FREERTOS//gap_sdk/rtos/pmsis/bsp/fs/read_fs/read_fs.o
 .text.__pi_read_fs_read_async
                0x000000001c00bc0e       0x38 /module/deploy/vision/BUILD/GAP8_V2/GCC_RISCV_FREERTOS//gap_sdk/rtos/pmsis/bsp/fs/read_fs/read_fs.o
 .text.__internal_semihost
                0x000000001c00bc46        0xe /module/deploy/vision/BUILD/GAP8_V2/GCC_RISCV_FREERTOS//gap_sdk/rtos/pmsis/bsp/fs/host_fs/host_fs.o
 .text.__pi_host_fs_mount
                0x000000001c00bc54        0xc /module/deploy/vision/BUILD/GAP8_V2/GCC_RISCV_FREERTOS//gap_sdk/rtos/pmsis/bsp/fs/host_fs/host_fs.o
 .text.__pi_host_fs_unmount
                0x000000001c00bc60        0x2 /module/deploy/vision/BUILD/GAP8_V2/GCC_RISCV_FREERTOS//gap_sdk/rtos/pmsis/bsp/fs/host_fs/host_fs.o
 .text.__pi_host_fs_seek
                0x000000001c00bc62       0x18 /module/deploy/vision/BUILD/GAP8_V2/GCC_RISCV_FREERTOS//gap_sdk/rtos/pmsis/bsp/fs/host_fs/host_fs.o
 .text.pi_task_push
                0x000000001c00bc7a       0x1a /module/deploy/vision/BUILD/GAP8_V2/GCC_RISCV_FREERTOS//gap_sdk/rtos/pmsis/bsp/fs/host_fs/host_fs.o
 .text.__pi_host_fs_copy_2d_async
                0x000000001c00bc94       0x84 /module/deploy/vision/BUILD/GAP8_V2/GCC_RISCV_FREERTOS//gap_sdk/rtos/pmsis/bsp/fs/host_fs/host_fs.o
 .text.__pi_host_fs_write_async
                0x000000001c00bd18       0x3a /module/deploy/vision/BUILD/GAP8_V2/GCC_RISCV_FREERTOS//gap_sdk/rtos/pmsis/bsp/fs/host_fs/host_fs.o
 .text.__pi_host_fs_read_async
                0x000000001c00bd52       0x36 /module/deploy/vision/BUILD/GAP8_V2/GCC_RISCV_FREERTOS//gap_sdk/rtos/pmsis/bsp/fs/host_fs/host_fs.o
 .text.__pi_host_fs_copy_async
                0x000000001c00bd88       0x48 /module/deploy/vision/BUILD/GAP8_V2/GCC_RISCV_FREERTOS//gap_sdk/rtos/pmsis/bsp/fs/host_fs/host_fs.o
 .text.__pi_host_fs_direct_read_async
                0x000000001c00bdd0        0x4 /module/deploy/vision/BUILD/GAP8_V2/GCC_RISCV_FREERTOS//gap_sdk/rtos/pmsis/bsp/fs/host_fs/host_fs.o
 .text.__pi_host_fs_close
                0x000000001c00bdd4       0x1e /module/deploy/vision/BUILD/GAP8_V2/GCC_RISCV_FREERTOS//gap_sdk/rtos/pmsis/bsp/fs/host_fs/host_fs.o
 .text.__pi_host_fs_open
                0x000000001c00bdf2       0x7c /module/deploy/vision/BUILD/GAP8_V2/GCC_RISCV_FREERTOS//gap_sdk/rtos/pmsis/bsp/fs/host_fs/host_fs.o
 .text.__bsp_init_pads
                0x000000001c00be6e       0x3c /module/deploy/vision/BUILD/GAP8_V2/GCC_RISCV_FREERTOS//gap_sdk/rtos/pmsis/bsp/bsp/ai_deck.o
 .text.bsp_hyperflash_conf_init
                0x000000001c00beaa        0xa /module/deploy/vision/BUILD/GAP8_V2/GCC_RISCV_FREERTOS//gap_sdk/rtos/pmsis/bsp/bsp/ai_deck.o
                0x000000001c00beaa                bsp_hyperflash_conf_init
 .text.bsp_hyperflash_open
                0x000000001c00beb4       0x10 /module/deploy/vision/BUILD/GAP8_V2/GCC_RISCV_FREERTOS//gap_sdk/rtos/pmsis/bsp/bsp/ai_deck.o
                0x000000001c00beb4                bsp_hyperflash_open
 .text.bsp_himax_conf_init
                0x000000001c00bec4       0x1a /module/deploy/vision/BUILD/GAP8_V2/GCC_RISCV_FREERTOS//gap_sdk/rtos/pmsis/bsp/bsp/ai_deck.o
                0x000000001c00bec4                bsp_himax_conf_init
 .text.bsp_himax_open
                0x000000001c00bede       0x10 /module/deploy/vision/BUILD/GAP8_V2/GCC_RISCV_FREERTOS//gap_sdk/rtos/pmsis/bsp/bsp/ai_deck.o
                0x000000001c00bede                bsp_himax_open
 .text.pi_bsp_init
                0x000000001c00beee        0x4 /module/deploy/vision/BUILD/GAP8_V2/GCC_RISCV_FREERTOS//gap_sdk/rtos/pmsis/bsp/bsp/ai_deck.o
                0x000000001c00beee                pi_bsp_init
 .text.pi_camera_open
                0x000000001c00bef2        0xc /module/deploy/vision/BUILD/GAP8_V2/GCC_RISCV_FREERTOS//gap_sdk/rtos/pmsis/bsp/camera/camera.o
                0x000000001c00bef2                pi_camera_open
 .text.pi_camera_capture
                0x000000001c00befe       0x2e /module/deploy/vision/BUILD/GAP8_V2/GCC_RISCV_FREERTOS//gap_sdk/rtos/pmsis/bsp/camera/camera.o
                0x000000001c00befe                pi_camera_capture
 .text.__camera_conf_init
                0x000000001c00bf2c        0x2 /module/deploy/vision/BUILD/GAP8_V2/GCC_RISCV_FREERTOS//gap_sdk/rtos/pmsis/bsp/camera/camera.o
                0x000000001c00bf2c                __camera_conf_init
 .text.__himax_reg_write
                0x000000001c00bf2e       0x20 /module/deploy/vision/BUILD/GAP8_V2/GCC_RISCV_FREERTOS//gap_sdk/rtos/pmsis/bsp/camera/himax/himax.o
 .text.__himax_init_regs
                0x000000001c00bf4e       0x3e /module/deploy/vision/BUILD/GAP8_V2/GCC_RISCV_FREERTOS//gap_sdk/rtos/pmsis/bsp/camera/himax/himax.o
 .text.__himax_set_qqvga
                0x000000001c00bf8c       0x30 /module/deploy/vision/BUILD/GAP8_V2/GCC_RISCV_FREERTOS//gap_sdk/rtos/pmsis/bsp/camera/himax/himax.o
 .text.__himax_reg_set
                0x000000001c00bfbc       0x1a /module/deploy/vision/BUILD/GAP8_V2/GCC_RISCV_FREERTOS//gap_sdk/rtos/pmsis/bsp/camera/himax/himax.o
                0x000000001c00bfbc                __himax_reg_set
 .text.__himax_reg_read
                0x000000001c00bfd6       0x44 /module/deploy/vision/BUILD/GAP8_V2/GCC_RISCV_FREERTOS//gap_sdk/rtos/pmsis/bsp/camera/himax/himax.o
 .text.__himax_reset
                0x000000001c00c01a       0x3c /module/deploy/vision/BUILD/GAP8_V2/GCC_RISCV_FREERTOS//gap_sdk/rtos/pmsis/bsp/camera/himax/himax.o
 .text.__himax_reg_get
                0x000000001c00c056       0x1e /module/deploy/vision/BUILD/GAP8_V2/GCC_RISCV_FREERTOS//gap_sdk/rtos/pmsis/bsp/camera/himax/himax.o
                0x000000001c00c056                __himax_reg_get
 .text.__himax_capture_async
                0x000000001c00c074        0xa /module/deploy/vision/BUILD/GAP8_V2/GCC_RISCV_FREERTOS//gap_sdk/rtos/pmsis/bsp/camera/himax/himax.o
                0x000000001c00c074                __himax_capture_async
 .text.__himax_standby
                0x000000001c00c07e       0x24 /module/deploy/vision/BUILD/GAP8_V2/GCC_RISCV_FREERTOS//gap_sdk/rtos/pmsis/bsp/camera/himax/himax.o
 .text.__himax_close
                0x000000001c00c0a2       0x26 /module/deploy/vision/BUILD/GAP8_V2/GCC_RISCV_FREERTOS//gap_sdk/rtos/pmsis/bsp/camera/himax/himax.o
 .text.cpi_format_set
                0x000000001c00c0c8       0x14 /module/deploy/vision/BUILD/GAP8_V2/GCC_RISCV_FREERTOS//gap_sdk/rtos/pmsis/bsp/camera/himax/himax.o
 .text.__himax_open
                0x000000001c00c0dc      0x1b2 /module/deploy/vision/BUILD/GAP8_V2/GCC_RISCV_FREERTOS//gap_sdk/rtos/pmsis/bsp/camera/himax/himax.o
                0x000000001c00c0dc                __himax_open
 .text.__himax_reopen
                0x000000001c00c28e       0xcc /module/deploy/vision/BUILD/GAP8_V2/GCC_RISCV_FREERTOS//gap_sdk/rtos/pmsis/bsp/camera/himax/himax.o
                0x000000001c00c28e                __himax_reopen
 .text.__himax_control
                0x000000001c00c35a       0xb0 /module/deploy/vision/BUILD/GAP8_V2/GCC_RISCV_FREERTOS//gap_sdk/rtos/pmsis/bsp/camera/himax/himax.o
 .text.pi_himax_conf_init
                0x000000001c00c40a       0x2e /module/deploy/vision/BUILD/GAP8_V2/GCC_RISCV_FREERTOS//gap_sdk/rtos/pmsis/bsp/camera/himax/himax.o
                0x000000001c00c40a                pi_himax_conf_init
 .text.hyperflash_ioctl
                0x000000001c00c438        0xe /module/deploy/vision/BUILD/GAP8_V2/GCC_RISCV_FREERTOS//gap_sdk/rtos/pmsis/bsp/flash/hyperflash/hyperflash.o
 .text.hyperflash_stall_task
                0x000000001c00c446       0x40 /module/deploy/vision/BUILD/GAP8_V2/GCC_RISCV_FREERTOS//gap_sdk/rtos/pmsis/bsp/flash/hyperflash/hyperflash.o
 .text.hyperflash_close
                0x000000001c00c486       0x1e /module/deploy/vision/BUILD/GAP8_V2/GCC_RISCV_FREERTOS//gap_sdk/rtos/pmsis/bsp/flash/hyperflash/hyperflash.o
 .text.hyperflash_open
                0x000000001c00c4a4       0x8e /module/deploy/vision/BUILD/GAP8_V2/GCC_RISCV_FREERTOS//gap_sdk/rtos/pmsis/bsp/flash/hyperflash/hyperflash.o
 .text.pi_hyper_write_async.isra.0
                0x000000001c00c532       0x34 /module/deploy/vision/BUILD/GAP8_V2/GCC_RISCV_FREERTOS//gap_sdk/rtos/pmsis/bsp/flash/hyperflash/hyperflash.o
 .text.hyperflash_read_async
                0x000000001c00c566       0x92 /module/deploy/vision/BUILD/GAP8_V2/GCC_RISCV_FREERTOS//gap_sdk/rtos/pmsis/bsp/flash/hyperflash/hyperflash.o
 .text.hyperflash_read
                0x000000001c00c5f8       0x32 /module/deploy/vision/BUILD/GAP8_V2/GCC_RISCV_FREERTOS//gap_sdk/rtos/pmsis/bsp/flash/hyperflash/hyperflash.o
 .text.hyperflash_read_2d_async
                0x000000001c00c62a       0xa2 /module/deploy/vision/BUILD/GAP8_V2/GCC_RISCV_FREERTOS//gap_sdk/rtos/pmsis/bsp/flash/hyperflash/hyperflash.o
 .text.hyperflash_copy_2d_async
                0x000000001c00c6cc       0x1a /module/deploy/vision/BUILD/GAP8_V2/GCC_RISCV_FREERTOS//gap_sdk/rtos/pmsis/bsp/flash/hyperflash/hyperflash.o
 .text.hyperflash_copy_2d
                0x000000001c00c6e6       0x46 /module/deploy/vision/BUILD/GAP8_V2/GCC_RISCV_FREERTOS//gap_sdk/rtos/pmsis/bsp/flash/hyperflash/hyperflash.o
 .text.hyperflash_set_reg_exec
                0x000000001c00c72c       0x38 /module/deploy/vision/BUILD/GAP8_V2/GCC_RISCV_FREERTOS//gap_sdk/rtos/pmsis/bsp/flash/hyperflash/hyperflash.o
 .text.hyperflash_erase_sector_async
                0x000000001c00c764       0xcc /module/deploy/vision/BUILD/GAP8_V2/GCC_RISCV_FREERTOS//gap_sdk/rtos/pmsis/bsp/flash/hyperflash/hyperflash.o
 .text.hyperflash_erase_sector
                0x000000001c00c830       0x2a /module/deploy/vision/BUILD/GAP8_V2/GCC_RISCV_FREERTOS//gap_sdk/rtos/pmsis/bsp/flash/hyperflash/hyperflash.o
 .text.hyperflash_erase_chip_async
                0x000000001c00c85a       0xc2 /module/deploy/vision/BUILD/GAP8_V2/GCC_RISCV_FREERTOS//gap_sdk/rtos/pmsis/bsp/flash/hyperflash/hyperflash.o
 .text.hyperflash_erase_chip
                0x000000001c00c91c       0x26 /module/deploy/vision/BUILD/GAP8_V2/GCC_RISCV_FREERTOS//gap_sdk/rtos/pmsis/bsp/flash/hyperflash/hyperflash.o
 .text.hyperflash_erase_resume