Archive member included to satisfy reference by file (symbol)

/usr/lib/gap_riscv_toolchain/bin/../lib/gcc/riscv32-unknown-elf/7.1.1/rv32imcxgap8/ilp32/libgcc.a(_bswapsi2.o)
                              /module/deploy/classification/BUILD/GAP8_V2/GCC_RISCV_FREERTOS//gap_sdk/rtos/pmsis/bsp/fs/lfs/lfs.o (__bswapsi2)
/usr/lib/gap_riscv_toolchain/bin/../lib/gcc/riscv32-unknown-elf/7.1.1/rv32imcxgap8/ilp32/libgcc.a(_divdi3.o)
                              /module/deploy/classification/BUILD/GAP8_V2/GCC_RISCV_FREERTOS//gap_sdk/rtos/freeRTOS/vendors/gwt/pmsis/backend/pmsis_backend_native_task_api.o (__divdi3)
/usr/lib/gap_riscv_toolchain/bin/../lib/gcc/riscv32-unknown-elf/7.1.1/rv32imcxgap8/ilp32/libgcc.a(_udivdi3.o)
                              /module/deploy/classification/BUILD/GAP8_V2/GCC_RISCV_FREERTOS//gap_sdk/rtos/freeRTOS/vendors/gwt/pmsis/backend/pmsis_backend_native_task_api.o (__udivdi3)
/usr/lib/gap_riscv_toolchain/bin/../lib/gcc/riscv32-unknown-elf/7.1.1/rv32imcxgap8/ilp32/libgcc.a(adddf3.o)
                              /module/deploy/classification/BUILD/GAP8_V2/GCC_RISCV_FREERTOS//gap_sdk/rtos/freeRTOS/vendors/gwt/libs/printf/printf.o (__adddf3)
/usr/lib/gap_riscv_toolchain/bin/../lib/gcc/riscv32-unknown-elf/7.1.1/rv32imcxgap8/ilp32/libgcc.a(divdf3.o)
                              /module/deploy/classification/BUILD/GAP8_V2/GCC_RISCV_FREERTOS//gap_sdk/tools/autotiler_v3/DSP_Libraries/FFT_Library.o (__divdf3)
/usr/lib/gap_riscv_toolchain/bin/../lib/gcc/riscv32-unknown-elf/7.1.1/rv32imcxgap8/ilp32/libgcc.a(eqdf2.o)
                              /module/deploy/classification/BUILD/GAP8_V2/GCC_RISCV_FREERTOS//gap_sdk/rtos/freeRTOS/vendors/gwt/libs/printf/printf.o (__nedf2)
/usr/lib/gap_riscv_toolchain/bin/../lib/gcc/riscv32-unknown-elf/7.1.1/rv32imcxgap8/ilp32/libgcc.a(gedf2.o)
                              /module/deploy/classification/BUILD/GAP8_V2/GCC_RISCV_FREERTOS//gap_sdk/rtos/freeRTOS/vendors/gwt/libs/printf/printf.o (__gedf2)
/usr/lib/gap_riscv_toolchain/bin/../lib/gcc/riscv32-unknown-elf/7.1.1/rv32imcxgap8/ilp32/libgcc.a(ledf2.o)
                              /module/deploy/classification/BUILD/GAP8_V2/GCC_RISCV_FREERTOS//gap_sdk/rtos/freeRTOS/vendors/gwt/libs/printf/printf.o (__ledf2)
/usr/lib/gap_riscv_toolchain/bin/../lib/gcc/riscv32-unknown-elf/7.1.1/rv32imcxgap8/ilp32/libgcc.a(muldf3.o)
                              /module/deploy/classification/BUILD/GAP8_V2/GCC_RISCV_FREERTOS//gap_sdk/rtos/freeRTOS/vendors/gwt/libs/printf/printf.o (__muldf3)
/usr/lib/gap_riscv_toolchain/bin/../lib/gcc/riscv32-unknown-elf/7.1.1/rv32imcxgap8/ilp32/libgcc.a(subdf3.o)
                              /module/deploy/classification/BUILD/GAP8_V2/GCC_RISCV_FREERTOS//gap_sdk/rtos/freeRTOS/vendors/gwt/libs/printf/printf.o (__subdf3)
/usr/lib/gap_riscv_toolchain/bin/../lib/gcc/riscv32-unknown-elf/7.1.1/rv32imcxgap8/ilp32/libgcc.a(fixdfsi.o)
                              /module/deploy/classification/BUILD/GAP8_V2/GCC_RISCV_FREERTOS//gap_sdk/tools/autotiler_v3/DSP_Libraries/CmplxFunctions.o (__fixdfsi)
/usr/lib/gap_riscv_toolchain/bin/../lib/gcc/riscv32-unknown-elf/7.1.1/rv32imcxgap8/ilp32/libgcc.a(fixunsdfsi.o)
                              /module/deploy/classification/BUILD/GAP8_V2/GCC_RISCV_FREERTOS//gap_sdk/rtos/freeRTOS/vendors/gwt/libs/printf/printf.o (__fixunsdfsi)
/usr/lib/gap_riscv_toolchain/bin/../lib/gcc/riscv32-unknown-elf/7.1.1/rv32imcxgap8/ilp32/libgcc.a(floatsidf.o)
                              /module/deploy/classification/BUILD/GAP8_V2/GCC_RISCV_FREERTOS//gap_sdk/tools/autotiler_v3/DSP_Libraries/CmplxFunctions.o (__floatsidf)
/usr/lib/gap_riscv_toolchain/bin/../lib/gcc/riscv32-unknown-elf/7.1.1/rv32imcxgap8/ilp32/libgcc.a(floatunsidf.o)
                              /module/deploy/classification/BUILD/GAP8_V2/GCC_RISCV_FREERTOS//gap_sdk/rtos/freeRTOS/vendors/gwt/libs/printf/printf.o (__floatunsidf)
/usr/lib/gap_riscv_toolchain/bin/../lib/gcc/riscv32-unknown-elf/7.1.1/rv32imcxgap8/ilp32/libgcc.a(addsf3.o)
                              /module/deploy/classification/BUILD/GAP8_V2/GCC_RISCV_FREERTOS//gap_sdk/tools/autotiler_v3/CNN_Libraries/CNN_Copy.o (__addsf3)
/usr/lib/gap_riscv_toolchain/bin/../lib/gcc/riscv32-unknown-elf/7.1.1/rv32imcxgap8/ilp32/libgcc.a(divsf3.o)
                              /module/deploy/classification/BUILD/GAP8_V2/GCC_RISCV_FREERTOS//gap_sdk/tools/autotiler_v3/DSP_Libraries/FFT_Library.o (__divsf3)
/usr/lib/gap_riscv_toolchain/bin/../lib/gcc/riscv32-unknown-elf/7.1.1/rv32imcxgap8/ilp32/libgcc.a(eqsf2.o)
                              /module/deploy/classification/BUILD/GAP8_V2/GCC_RISCV_FREERTOS//gap_sdk/tools/autotiler_v3/DSP_Libraries/MfccBasicKernels.o (__nesf2)
/usr/lib/gap_riscv_toolchain/bin/../lib/gcc/riscv32-unknown-elf/7.1.1/rv32imcxgap8/ilp32/libgcc.a(gesf2.o)
                              /module/deploy/classification/BUILD/GAP8_V2/GCC_RISCV_FREERTOS//gap_sdk/tools/autotiler_v3/CNN_Libraries/CNN_Copy.o (__gtsf2)
[...]
Memory Configuration

Name             Origin             Length             Attributes
FC_tcdm          0x000000001b000000 0x0000000000004000
fc_tcdm_aliased  0x0000000000000004 0x0000000000003ffc
L2               0x000000001c000000 0x0000000000080000
L1_sram          0x0000000010000000 0x0000000000010000
*default*        0x0000000000000000 0xffffffffffffffff

Linker script and memory map

LOAD /module/deploy/classification/BUILD/GAP8_V2/GCC_RISCV_FREERTOS/classification.o
LOAD /module/deploy/classification/BUILD/GAP8_V2/GCC_RISCV_FREERTOS/../lib/cpx/src/com.o
LOAD /module/deploy/classification/BUILD/GAP8_V2/GCC_RISCV_FREERTOS/../lib/cpx/src/cpx.o
LOAD /module/deploy/classification/BUILD/GAP8_V2/GCC_RISCV_FREERTOS/BUILD_MODEL_SQ8BIT/classificationKernels.o
LOAD /module/deploy/classification/BUILD/GAP8_V2/GCC_RISCV_FREERTOS//gap_sdk/libs/gap_lib/img_io/ImgIO.o
LOAD /module/deploy/classification/BUILD/GAP8_V2/GCC_RISCV_FREERTOS//gap_sdk/tools/autotiler_v3/CNN_Libraries/SSD_BasicKernels.o
LOAD /module/deploy/classification/BUILD/GAP8_V2/GCC_RISCV_FREERTOS//gap_sdk/tools/autotiler_v3/Generators/BilinearResizes/ResizeBasicKernels.o
LOAD /module/deploy/classification/BUILD/GAP8_V2/GCC_RISCV_FREERTOS//gap_sdk/tools/autotiler_v3/CNN_Libraries/CNN_Copy.o
LOAD /module/deploy/classification/BUILD/GAP8_V2/GCC_RISCV_FREERTOS//gap_sdk/tools/autotiler_v3/CNN_Libraries_SQ8/CNN_AT_Misc.o
LOAD /module/deploy/classification/BUILD/GAP8_V2/GCC_RISCV_FREERTOS//gap_sdk/tools/autotiler_v3/DSP_Libraries/CmplxFunctions.o
LOAD /module/deploy/classification/BUILD/GAP8_V2/GCC_RISCV_FREERTOS//gap_sdk/tools/autotiler_v3/DSP_Libraries/MatMulDSP.o
LOAD /module/deploy/classification/BUILD/GAP8_V2/GCC_RISCV_FREERTOS//gap_sdk/tools/autotiler_v3/DSP_Libraries/FFT_Library.o
LOAD /module/deploy/classification/BUILD/GAP8_V2/GCC_RISCV_FREERTOS//gap_sdk/tools/autotiler_v3/DSP_Libraries/MfccBasicKernels.o
LOAD /module/deploy/classification/BUILD/GAP8_V2/GCC_RISCV_FREERTOS//gap_sdk/tools/autotiler_v3/DSP_Libraries/PreProcessing.o
LOAD /module/deploy/classification/BUILD/GAP8_V2/GCC_RISCV_FREERTOS//gap_sdk/tools/autotiler_v3/DSP_Libraries/math_funcs.o
LOAD /module/deploy/classification/BUILD/GAP8_V2/GCC_RISCV_FREERTOS//gap_sdk/tools/autotiler_v3/DSP_Libraries/pulp_dsp/plp_cos_f32s_xpulpv2.o
LOAD /module/deploy/classification/BUILD/GAP8_V2/GCC_RISCV_FREERTOS//gap_sdk/tools/autotiler_v3/DSP_Libraries/pulp_dsp/plp_sin_f32s_xpulpv2.o
LOAD /module/deploy/classification/BUILD/GAP8_V2/GCC_RISCV_FREERTOS//gap_sdk/tools/autotiler_v3/DSP_Libraries/pulp_dsp/plp_common_tables.o
LOAD /module/deploy/classification/BUILD/GAP8_V2/GCC_RISCV_FREERTOS//gap_sdk/tools/autotiler_v3/CNN_Libraries_SQ8/CNN_Activation_SQ8.o
LOAD /module/deploy/classification/BUILD/GAP8_V2/GCC_RISCV_FREERTOS//gap_sdk/tools/autotiler_v3/CNN_Libraries_SQ8/CNN_Activation_HWC_SQ8.o
LOAD /module/deploy/classification/BUILD/GAP8_V2/GCC_RISCV_FREERTOS//gap_sdk/tools/autotiler_v3/CNN_Libraries_SQ8/CNN_Bias_Linear_SQ8.o
LOAD /module/deploy/classification/BUILD/GAP8_V2/GCC_RISCV_FREERTOS//gap_sdk/tools/autotiler_v3/CNN_Libraries_SQ8/CNN_Conv_SQ8.o
LOAD /module/deploy/classification/BUILD/GAP8_V2/GCC_RISCV_FREERTOS//gap_sdk/tools/autotiler_v3/CNN_Libraries_SQ8/CNN_MatMul_Conv_SQ8.o
LOAD /module/deploy/classification/BUILD/GAP8_V2/GCC_RISCV_FREERTOS//gap_sdk/tools/autotiler_v3/CNN_Libraries_SQ8/CNN_Pooling_SQ8.o
LOAD /module/deploy/classification/BUILD/GAP8_V2/GCC_RISCV_FREERTOS//gap_sdk/tools/autotiler_v3/CNN_Libraries_SQ8/CNN_Conv_DW_SQ8.o
LOAD /module/deploy/classification/BUILD/GAP8_V2/GCC_RISCV_FREERTOS//gap_sdk/tools/autotiler_v3/CNN_Libraries_SQ8/CNN_Conv_DW_Red_SQ8.o
LOAD /module/deploy/classification/BUILD/GAP8_V2/GCC_RISCV_FREERTOS//gap_sdk/tools/autotiler_v3/CNN_Libraries_SQ8/CNN_MatAlgebra_SQ8.o
LOAD /module/deploy/classification/BUILD/GAP8_V2/GCC_RISCV_FREERTOS//gap_sdk/tools/autotiler_v3/CNN_Libraries_SQ8/CNN_SoftMax_SQ8.o
LOAD /module/deploy/classification/BUILD/GAP8_V2/GCC_RISCV_FREERTOS//gap_sdk/tools/autotiler_v3/CNN_Libraries_SQ8/RNN_SQ8.o
LOAD /module/deploy/classification/BUILD/GAP8_V2/GCC_RISCV_FREERTOS//gap_sdk/rtos/freeRTOS/vendors/gwt/gap8/src/device/startup_gap8.o
LOAD /module/deploy/classification/BUILD/GAP8_V2/GCC_RISCV_FREERTOS//gap_sdk/rtos/freeRTOS/vendors/gwt/gap8/src/device/gap8_iet.o
LOAD /module/deploy/classification/BUILD/GAP8_V2/GCC_RISCV_FREERTOS//gap_sdk/rtos/freeRTOS/vendors/gwt/gap8/pmsis/cluster/drivers/cluster_synchronisation/cluster_core.o
LOAD /module/deploy/classification/BUILD/GAP8_V2/GCC_RISCV_FREERTOS//gap_sdk/rtos/freeRTOS/vendors/gwt/gap8/pmsis/util/asm_util.o
LOAD /module/deploy/classification/BUILD/GAP8_V2/GCC_RISCV_FREERTOS//gap_sdk/rtos/freeRTOS/freertos_kernel/portable/GCC/RI5CY-GAP8/port_asm.o
LOAD /module/deploy/classification/BUILD/GAP8_V2/GCC_RISCV_FREERTOS//gap_sdk/rtos/freeRTOS/vendors/gwt/gap8/src/device/system_gap8.o
LOAD /module/deploy/classification/BUILD/GAP8_V2/GCC_RISCV_FREERTOS//gap_sdk/rtos/freeRTOS/vendors/gwt/gap8/src/device/gap8_it.o
LOAD /module/deploy/classification/BUILD/GAP8_V2/GCC_RISCV_FREERTOS//gap_sdk/rtos/freeRTOS/vendors/gwt/gap8/src/driver/gap_io.o
LOAD /module/deploy/classification/BUILD/GAP8_V2/GCC_RISCV_FREERTOS//gap_sdk/rtos/freeRTOS/vendors/gwt/libs/src/errno.o
LOAD /module/deploy/classification/BUILD/GAP8_V2/GCC_RISCV_FREERTOS//gap_sdk/rtos/freeRTOS/vendors/gwt/libs/src/stdlib.o
LOAD /module/deploy/classification/BUILD/GAP8_V2/GCC_RISCV_FREERTOS//gap_sdk/rtos/freeRTOS/vendors/gwt/libs/src/string.o
LOAD /module/deploy/classification/BUILD/GAP8_V2/GCC_RISCV_FREERTOS//gap_sdk/rtos/freeRTOS/vendors/gwt/gap8/pmsis/cluster/malloc/cl_malloc.o
LOAD /module/deploy/classification/BUILD/GAP8_V2/GCC_RISCV_FREERTOS//gap_sdk/rtos/freeRTOS/vendors/gwt/gap8/pmsis/cluster/drivers/cluster_synchronisation/cl_to_fc_delegate.o
LOAD /module/deploy/classification/BUILD/GAP8_V2/GCC_RISCV_FREERTOS//gap_sdk/rtos/freeRTOS/vendors/gwt/gap8/pmsis/cluster/drivers/cluster_synchronisation/fc_to_cl_delegate.o
LOAD /module/deploy/classification/BUILD/GAP8_V2/GCC_RISCV_FREERTOS//gap_sdk/rtos/freeRTOS/vendors/gwt/gap8/pmsis/cluster/drivers/cluster_team/cl_team.o
LOAD /module/deploy/classification/BUILD/GAP8_V2/GCC_RISCV_FREERTOS//gap_sdk/rtos/freeRTOS/vendors/gwt/gap8/pmsis/cluster/drivers/delegate/hyperbus/hyperbus_cl_internal.o
LOAD /module/deploy/classification/BUILD/GAP8_V2/GCC_RISCV_FREERTOS//gap_sdk/rtos/freeRTOS/vendors/gwt/gap8/pmsis/cluster/drivers/delegate/uart/uart_cl_internal.o
LOAD /module/deploy/classification/BUILD/GAP8_V2/GCC_RISCV_FREERTOS//gap_sdk/rtos/freeRTOS/vendors/gwt/gap8/pmsis/cluster/drivers/dma/cl_dma_irq.o
LOAD /module/deploy/classification/BUILD/GAP8_V2/GCC_RISCV_FREERTOS//gap_sdk/rtos/freeRTOS/vendors/gwt/gap8/pmsis/drivers/fc_event/fc_event.o
LOAD /module/deploy/classification/BUILD/GAP8_V2/GCC_RISCV_FREERTOS//gap_sdk/rtos/freeRTOS/vendors/gwt/gap8/pmsis/drivers/fll/fll.o
LOAD /module/deploy/classification/BUILD/GAP8_V2/GCC_RISCV_FREERTOS//gap_sdk/rtos/freeRTOS/vendors/gwt/gap8/pmsis/drivers/gpio/gpio.o
LOAD /module/deploy/classification/BUILD/GAP8_V2/GCC_RISCV_FREERTOS//gap_sdk/rtos/freeRTOS/vendors/gwt/gap8/pmsis/drivers/pad/pad.o
LOAD /module/deploy/classification/BUILD/GAP8_V2/GCC_RISCV_FREERTOS//gap_sdk/rtos/freeRTOS/vendors/gwt/gap8/pmsis/drivers/pmu/pmu.o
LOAD /module/deploy/classification/BUILD/GAP8_V2/GCC_RISCV_FREERTOS//gap_sdk/rtos/freeRTOS/vendors/gwt/gap8/pmsis/drivers/pmu/pmu_internal.o
LOAD /module/deploy/classification/BUILD/GAP8_V2/GCC_RISCV_FREERTOS//gap_sdk/rtos/freeRTOS/vendors/gwt/gap8/pmsis/drivers/pwm/pwm.o
LOAD /module/deploy/classification/BUILD/GAP8_V2/GCC_RISCV_FREERTOS//gap_sdk/rtos/freeRTOS/vendors/gwt/gap8/pmsis/drivers/pwm/pwm_internal.o
LOAD /module/deploy/classification/BUILD/GAP8_V2/GCC_RISCV_FREERTOS//gap_sdk/rtos/freeRTOS/vendors/gwt/gap8/pmsis/drivers/rtc/rtc.o
LOAD /module/deploy/classification/BUILD/GAP8_V2/GCC_RISCV_FREERTOS//gap_sdk/rtos/freeRTOS/vendors/gwt/gap8/pmsis/drivers/rtc/rtc_internal.o
LOAD /module/deploy/classification/BUILD/GAP8_V2/GCC_RISCV_FREERTOS//gap_sdk/rtos/freeRTOS/vendors/gwt/gap8/pmsis/drivers/timer/timer.o
LOAD /module/deploy/classification/BUILD/GAP8_V2/GCC_RISCV_FREERTOS//gap_sdk/rtos/freeRTOS/vendors/gwt/gap8/pmsis/drivers/udma/hyperbus/hyperbus.o
LOAD /module/deploy/classification/BUILD/GAP8_V2/GCC_RISCV_FREERTOS//gap_sdk/rtos/freeRTOS/vendors/gwt/gap8/pmsis/drivers/udma/hyperbus/hyperbus_internal.o
LOAD /module/deploy/classification/BUILD/GAP8_V2/GCC_RISCV_FREERTOS//gap_sdk/rtos/freeRTOS/vendors/gwt/gap8/pmsis/drivers/udma/cpi/cpi.o
LOAD /module/deploy/classification/BUILD/GAP8_V2/GCC_RISCV_FREERTOS//gap_sdk/rtos/freeRTOS/vendors/gwt/gap8/pmsis/drivers/udma/cpi/cpi_internal.o
LOAD /module/deploy/classification/BUILD/GAP8_V2/GCC_RISCV_FREERTOS//gap_sdk/rtos/freeRTOS/vendors/gwt/gap8/pmsis/drivers/udma/dmacpy/dmacpy.o
LOAD /module/deploy/classification/BUILD/GAP8_V2/GCC_RISCV_FREERTOS//gap_sdk/rtos/freeRTOS/vendors/gwt/gap8/pmsis/drivers/udma/dmacpy/dmacpy_internal.o
LOAD /module/deploy/classification/BUILD/GAP8_V2/GCC_RISCV_FREERTOS//gap_sdk/rtos/freeRTOS/vendors/gwt/gap8/pmsis/drivers/udma/i2c/i2c.o
LOAD /module/deploy/classification/BUILD/GAP8_V2/GCC_RISCV_FREERTOS//gap_sdk/rtos/freeRTOS/vendors/gwt/gap8/pmsis/drivers/udma/i2c/i2c_internal.o
LOAD /module/deploy/classification/BUILD/GAP8_V2/GCC_RISCV_FREERTOS//gap_sdk/rtos/freeRTOS/vendors/gwt/gap8/pmsis/drivers/udma/i2s/i2s.o
LOAD /module/deploy/classification/BUILD/GAP8_V2/GCC_RISCV_FREERTOS//gap_sdk/rtos/freeRTOS/vendors/gwt/gap8/pmsis/drivers/udma/i2s/i2s_internal.o
LOAD /module/deploy/classification/BUILD/GAP8_V2/GCC_RISCV_FREERTOS//gap_sdk/rtos/freeRTOS/vendors/gwt/gap8/pmsis/drivers/udma/spi/spi.o
LOAD /module/deploy/classification/BUILD/GAP8_V2/GCC_RISCV_FREERTOS//gap_sdk/rtos/freeRTOS/vendors/gwt/gap8/pmsis/drivers/udma/spi/spi_internal.o
LOAD /module/deploy/classification/BUILD/GAP8_V2/GCC_RISCV_FREERTOS//gap_sdk/rtos/freeRTOS/vendors/gwt/gap8/pmsis/drivers/udma/uart/uart.o
LOAD /module/deploy/classification/BUILD/GAP8_V2/GCC_RISCV_FREERTOS//gap_sdk/rtos/freeRTOS/vendors/gwt/gap8/pmsis/drivers/udma/uart/uart_internal.o
LOAD /module/deploy/classification/BUILD/GAP8_V2/GCC_RISCV_FREERTOS//gap_sdk/rtos/pmsis/bsp/flash/flash.o
LOAD /module/deploy/classification/BUILD/GAP8_V2/GCC_RISCV_FREERTOS//gap_sdk/rtos/pmsis/bsp/partition/partition.o
LOAD /module/deploy/classification/BUILD/GAP8_V2/GCC_RISCV_FREERTOS//gap_sdk/rtos/pmsis/bsp/partition/flash_partition.o
LOAD /module/deploy/classification/BUILD/GAP8_V2/GCC_RISCV_FREERTOS//gap_sdk/rtos/pmsis/bsp/crc/md5.o
LOAD /module/deploy/classification/BUILD/GAP8_V2/GCC_RISCV_FREERTOS//gap_sdk/rtos/pmsis/bsp/fs/fs.o
LOAD /module/deploy/classification/BUILD/GAP8_V2/GCC_RISCV_FREERTOS//gap_sdk/rtos/pmsis/bsp/fs/lfs/lfs.o
LOAD /module/deploy/classification/BUILD/GAP8_V2/GCC_RISCV_FREERTOS//gap_sdk/rtos/pmsis/bsp/fs/lfs/lfs_util.o
LOAD /module/deploy/classification/BUILD/GAP8_V2/GCC_RISCV_FREERTOS//gap_sdk/rtos/pmsis/bsp/fs/lfs/pi_lfs.o
LOAD /module/deploy/classification/BUILD/GAP8_V2/GCC_RISCV_FREERTOS//gap_sdk/rtos/pmsis/bsp/fs/read_fs/read_fs.o
LOAD /module/deploy/classification/BUILD/GAP8_V2/GCC_RISCV_FREERTOS//gap_sdk/rtos/pmsis/bsp/fs/host_fs/host_fs.o
LOAD /module/deploy/classification/BUILD/GAP8_V2/GCC_RISCV_FREERTOS//gap_sdk/rtos/pmsis/bsp/ota/ota.o
LOAD /module/deploy/classification/BUILD/GAP8_V2/GCC_RISCV_FREERTOS//gap_sdk/rtos/pmsis/bsp/ota/ota_utility.o
LOAD /module/deploy/classification/BUILD/GAP8_V2/GCC_RISCV_FREERTOS//gap_sdk/rtos/pmsis/bsp/ota/updater.o
LOAD /module/deploy/classification/BUILD/GAP8_V2/GCC_RISCV_FREERTOS//gap_sdk/rtos/pmsis/bsp/bootloader/bootloader_utility.o
LOAD /module/deploy/classification/BUILD/GAP8_V2/GCC_RISCV_FREERTOS//gap_sdk/rtos/pmsis/bsp/bsp/ai_deck.o
LOAD /module/deploy/classification/BUILD/GAP8_V2/GCC_RISCV_FREERTOS//gap_sdk/rtos/pmsis/bsp/camera/camera.o
LOAD /module/deploy/classification/BUILD/GAP8_V2/GCC_RISCV_FREERTOS//gap_sdk/rtos/pmsis/bsp/camera/himax/himax.o
LOAD /module/deploy/classification/BUILD/GAP8_V2/GCC_RISCV_FREERTOS//gap_sdk/rtos/pmsis/bsp/flash/hyperflash/hyperflash.o
LOAD /module/deploy/classification/BUILD/GAP8_V2/GCC_RISCV_FREERTOS//gap_sdk/rtos/pmsis/bsp/ram/hyperram/hyperram.o
LOAD /module/deploy/classification/BUILD/GAP8_V2/GCC_RISCV_FREERTOS//gap_sdk/rtos/pmsis/bsp/ram/spiram/spiram.o
LOAD /module/deploy/classification/BUILD/GAP8_V2/GCC_RISCV_FREERTOS//gap_sdk/rtos/pmsis/bsp/flash/spiflash/spiflash.o
LOAD /module/deploy/classification/BUILD/GAP8_V2/GCC_RISCV_FREERTOS//gap_sdk/rtos/pmsis/bsp/ram/ram.o
LOAD /module/deploy/classification/BUILD/GAP8_V2/GCC_RISCV_FREERTOS//gap_sdk/rtos/pmsis/bsp/ram/alloc_extern.o
LOAD /module/deploy/classification/BUILD/GAP8_V2/GCC_RISCV_FREERTOS//gap_sdk/rtos/freeRTOS/vendors/gwt/pmsis/rtos/pi_log.o
LOAD /module/deploy/classification/BUILD/GAP8_V2/GCC_RISCV_FREERTOS//gap_sdk/rtos/freeRTOS/vendors/gwt/pmsis/rtos/event_kernel/event_kernel.o
LOAD /module/deploy/classification/BUILD/GAP8_V2/GCC_RISCV_FREERTOS//gap_sdk/rtos/freeRTOS/vendors/gwt/pmsis/rtos/mem_slab/mem_slab.o
LOAD /module/deploy/classification/BUILD/GAP8_V2/GCC_RISCV_FREERTOS//gap_sdk/rtos/freeRTOS/vendors/gwt/pmsis/rtos/malloc/cl_l1_malloc.o
LOAD /module/deploy/classification/BUILD/GAP8_V2/GCC_RISCV_FREERTOS//gap_sdk/rtos/freeRTOS/vendors/gwt/pmsis/rtos/malloc/fc_l1_malloc.o
LOAD /module/deploy/classification/BUILD/GAP8_V2/GCC_RISCV_FREERTOS//gap_sdk/rtos/freeRTOS/vendors/gwt/pmsis/rtos/malloc/l2_malloc.o
LOAD /module/deploy/classification/BUILD/GAP8_V2/GCC_RISCV_FREERTOS//gap_sdk/rtos/freeRTOS/vendors/gwt/pmsis/rtos/malloc/malloc_external.o
LOAD /module/deploy/classification/BUILD/GAP8_V2/GCC_RISCV_FREERTOS//gap_sdk/rtos/freeRTOS/vendors/gwt/pmsis/rtos/malloc/malloc_internal.o
LOAD /module/deploy/classification/BUILD/GAP8_V2/GCC_RISCV_FREERTOS//gap_sdk/rtos/freeRTOS/vendors/gwt/pmsis/rtos/malloc/pi_malloc.o
LOAD /module/deploy/classification/BUILD/GAP8_V2/GCC_RISCV_FREERTOS//gap_sdk/rtos/freeRTOS/vendors/gwt/pmsis/rtos/os/device.o
LOAD /module/deploy/classification/BUILD/GAP8_V2/GCC_RISCV_FREERTOS//gap_sdk/rtos/freeRTOS/vendors/gwt/pmsis/rtos/os/pmsis_task.o
LOAD /module/deploy/classification/BUILD/GAP8_V2/GCC_RISCV_FREERTOS//gap_sdk/rtos/freeRTOS/vendors/gwt/pmsis/backend/pmsis_backend_native_task_api.o
LOAD /module/deploy/classification/BUILD/GAP8_V2/GCC_RISCV_FREERTOS//gap_sdk/rtos/freeRTOS/freertos_kernel/portable/GCC/RI5CY-GAP8/port.o
LOAD /module/deploy/classification/BUILD/GAP8_V2/GCC_RISCV_FREERTOS//gap_sdk/rtos/freeRTOS/vendors/gwt/libs/printf/printf.o
LOAD /module/deploy/classification/BUILD/GAP8_V2/GCC_RISCV_FREERTOS//gap_sdk/rtos/freeRTOS/freertos_kernel/list.o
LOAD /module/deploy/classification/BUILD/GAP8_V2/GCC_RISCV_FREERTOS//gap_sdk/rtos/freeRTOS/freertos_kernel/queue.o
LOAD /module/deploy/classification/BUILD/GAP8_V2/GCC_RISCV_FREERTOS//gap_sdk/rtos/freeRTOS/freertos_kernel/tasks.o
LOAD /module/deploy/classification/BUILD/GAP8_V2/GCC_RISCV_FREERTOS//gap_sdk/rtos/freeRTOS/freertos_kernel/timers.o
LOAD /module/deploy/classification/BUILD/GAP8_V2/GCC_RISCV_FREERTOS//gap_sdk/rtos/freeRTOS/freertos_kernel/event_groups.o
LOAD /module/deploy/classification/BUILD/GAP8_V2/GCC_RISCV_FREERTOS//gap_sdk/rtos/freeRTOS/freertos_kernel/stream_buffer.o
LOAD /module/deploy/classification/BUILD/GAP8_V2/GCC_RISCV_FREERTOS//gap_sdk/rtos/freeRTOS/demos/gwt/config/gap8/FreeRTOS_util.o
LOAD /usr/lib/gap_riscv_toolchain/bin/../lib/gcc/riscv32-unknown-elf/7.1.1/rv32imcxgap8/ilp32/libgcc.a
                0x0000000000000000                __DYNAMIC = 0x0
                0x0000000000001000                __STACK_FC_SIZE = 0x1000
                0x0000000000000400                __STACK_IRQ_SIZE = 0x400

.l1FcTiny       0x000000001b000000        0x0
                0x000000001b000000                . = ALIGN (0x4)
                0x000000001b000000                __l1FcShared_start = .
 *(.l1FcTiny)
 *(.l1FcTiny.*)
                0x000000001b000000                . = ALIGN (0x4)
                0x000000001b000000                __l1FcShared_end = .
                0x0000000000000000                __l1FcShared_size = (__l1FcShared_end - __l1FcShared_start)

.fcTcdmTiny     0x0000000000000004        0xc load address 0x000000001b000000
 *(.fcTcdmTiny)
 .fcTcdmTiny    0x0000000000000004        0xc /module/deploy/classification/BUILD/GAP8_V2/GCC_RISCV_FREERTOS//gap_sdk/rtos/freeRTOS/vendors/gwt/gap8/pmsis/drivers/udma/hyperbus/hyperbus_internal.o
                0x0000000000000004                __global_hyper_fifo_head
                0x0000000000000008                __global_hyper_fifo_tail
                0x000000000000000c                __global_hyper_driver_fifo
 *(.fcTcdmTiny.*)

.fcTcdm
 *(.fcTcdm)
 *(.fcTcdm.*)

.fcTcdm_g       0x000000001b00000c      0x5bc
                0x000000001b000010                . = ALIGN (0x8)
 *fill*         0x000000001b00000c        0x4 
                0x000000001b000010                __fc_tcdm_g_start = .
 *(.fcTcdm_g)
 .fcTcdm_g      0x000000001b000010      0x264 /module/deploy/classification/BUILD/GAP8_V2/GCC_RISCV_FREERTOS//gap_sdk/rtos/freeRTOS/vendors/gwt/gap8/pmsis/cluster/drivers/cluster_synchronisation/cl_to_fc_delegate.o
                0x000000001b000010                delegate_task_mask
                0x000000001b000014                delegate_task
 .fcTcdm_g      0x000000001b000274       0xe4 /module/deploy/classification/BUILD/GAP8_V2/GCC_RISCV_FREERTOS//gap_sdk/rtos/freeRTOS/vendors/gwt/gap8/pmsis/drivers/fc_event/fc_event.o
 .fcTcdm_g      0x000000001b000358        0x4 /module/deploy/classification/BUILD/GAP8_V2/GCC_RISCV_FREERTOS//gap_sdk/rtos/freeRTOS/vendors/gwt/pmsis/rtos/event_kernel/event_kernel.o
                0x000000001b000358                default_sched
 .fcTcdm_g      0x000000001b00035c       0x10 /module/deploy/classification/BUILD/GAP8_V2/GCC_RISCV_FREERTOS//gap_sdk/rtos/freeRTOS/vendors/gwt/pmsis/backend/pmsis_backend_native_task_api.o
                0x000000001b00035c                delayed_task
                0x000000001b000364                timer_task
 .fcTcdm_g      0x000000001b00036c      0x258 /module/deploy/classification/BUILD/GAP8_V2/GCC_RISCV_FREERTOS//gap_sdk/rtos/freeRTOS/demos/gwt/config/gap8/FreeRTOS_util.o
 *(.fcTcdm_g.*)
                0x000000001b0005c8                . = ALIGN (0x8)
 *fill*         0x000000001b0005c4        0x4 
                0x000000001b0005c8                __fc_tcdm_g_end = .

.stack_irq      0x000000001b0005c8      0x400
                0x000000001b0005c8                . = ALIGN (0x4)
                0x000000001b0005c8                __stack_irq_end__ = .
                0x000000001b0009c8                . = (. + __STACK_IRQ_SIZE)
 *fill*         0x000000001b0005c8      0x400 
                0x000000001b0009c8                __stack_irq_start__ = .

.heapfcram      0x000000001b0009c8     0x1000
                0x000000001b0009c8                . = ALIGN (0x8)
 *(.heapfcram)
 *(.heapfcram.*)
                0x000000001b0009c8                . = ALIGN (0x8)
                0x000000001b0009c8                __heapfcram_start = .
                0x000000001b0009c8                __stack_fc_end__ = .
                0x000000001b0019c8                . = (. + __STACK_FC_SIZE)
 *fill*         0x000000001b0009c8     0x1000 
                0x000000001b0019c8                __stack_fc_start__ = .
                0x0000000000003638                __heapfcram_size = ((ORIGIN (FC_tcdm) + LENGTH (FC_tcdm)) - __heapfcram_start)

.vectors_irq    0x000000001c000000       0x94
                0x000000001c000000                . = ALIGN (0x100)
                0x000000001c000000                __irq_vector_base_m__ = .
 *(.vectors_irq)
 .vectors_irq   0x000000001c000000       0x94 /module/deploy/classification/BUILD/GAP8_V2/GCC_RISCV_FREERTOS//gap_sdk/rtos/freeRTOS/vendors/gwt/gap8/src/device/startup_gap8.o
                0x000000001c000090                __rt_debug_struct_ptr

.text           0x000000001c000094    0x2276c
                0x000000001c000094                . = ALIGN (0x4)
                0x000000001c000094                _stext = .
 *(.text.reset)
 .text.reset    0x000000001c000094       0x7e /module/deploy/classification/BUILD/GAP8_V2/GCC_RISCV_FREERTOS//gap_sdk/rtos/freeRTOS/vendors/gwt/gap8/src/device/startup_gap8.o
                0x000000001c000094                reset_handler
 *(.text)
 .text          0x000000001c000112      0x2c8 /module/deploy/classification/BUILD/GAP8_V2/GCC_RISCV_FREERTOS//gap_sdk/rtos/freeRTOS/vendors/gwt/gap8/src/device/gap8_iet.o
                0x000000001c000112                default_handler
                0x000000001c000116                cluster_notify_fc_handler
                0x000000001c00014e                pendSV_handler
                0x000000001c0001be                systick_handler
                0x000000001c00023a                hi_res_timer_handler
                0x000000001c000272                fc_event_handler
                0x000000001c0002aa                fc_hyper_handler
                0x000000001c000358                dma_irq_handler
                0x000000001c000380                ecall_handler
                0x000000001c0003d2                ill_ins_handler
 .text          0x000000001c0003da      0x126 /module/deploy/classification/BUILD/GAP8_V2/GCC_RISCV_FREERTOS//gap_sdk/rtos/freeRTOS/vendors/gwt/gap8/pmsis/cluster/drivers/cluster_synchronisation/cluster_core.o
                0x000000001c0003da                cluster_exec_loop
                0x000000001c0004f2                cl_slave_stack_setup
 .text          0x000000001c000500       0xd8 /module/deploy/classification/BUILD/GAP8_V2/GCC_RISCV_FREERTOS//gap_sdk/rtos/freeRTOS/vendors/gwt/gap8/pmsis/util/asm_util.o
                0x000000001c000500                ASM_FUNC_SAVE_MINIMAL_CONTEXT
                0x000000001c000544                ASM_FUNC_RESTORE_MINIMAL_CONTEXT
                0x000000001c000588                ASM_FUNC_SAVE_SAVE_CONTEXT
                0x000000001c0005a2                ASM_FUNC_RESTORE_SAVE_CONTEXT
                0x000000001c0005bc                ASM_FUNC_SAVE_CSR_CONTEXT
                0x000000001c0005ca                ASM_FUNC_RESTORE_CSR_CONTEXT
 .text          0x000000001c0005d8       0x8e /module/deploy/classification/BUILD/GAP8_V2/GCC_RISCV_FREERTOS//gap_sdk/rtos/freeRTOS/freertos_kernel/portable/GCC/RI5CY-GAP8/port_asm.o
                0x000000001c0005d8                xPortStartScheduler
 .text          0x000000001c000666       0x4e /module/deploy/classification/BUILD/GAP8_V2/GCC_RISCV_FREERTOS//gap_sdk/rtos/freeRTOS/vendors/gwt/gap8/pmsis/drivers/fc_event/fc_event.o
                0x000000001c000666                fc_soc_event_handler
 .text          0x000000001c0006b4      0x110 /module/deploy/classification/BUILD/GAP8_V2/GCC_RISCV_FREERTOS//gap_sdk/rtos/freeRTOS/vendors/gwt/gap8/pmsis/drivers/udma/hyperbus/hyperbus_internal.o
                0x000000001c0006b4                hyper_handler
 .text          0x000000001c0007c4      0x5fe /usr/lib/gap_riscv_toolchain/bin/../lib/gcc/riscv32-unknown-elf/7.1.1/rv32imcxgap8/ilp32/libgcc.a(adddf3.o)
                0x000000001c0007c4                __adddf3
 .text          0x000000001c000dc2      0x4d2 /usr/lib/gap_riscv_toolchain/bin/../lib/gcc/riscv32-unknown-elf/7.1.1/rv32imcxgap8/ilp32/libgcc.a(divdf3.o)
                0x000000001c000dc2                __divdf3
 .text          0x000000001c001294       0x60 /usr/lib/gap_riscv_toolchain/bin/../lib/gcc/riscv32-unknown-elf/7.1.1/rv32imcxgap8/ilp32/libgcc.a(eqdf2.o)
                0x000000001c001294                __eqdf2
                0x000000001c001294                __nedf2
 .text          0x000000001c0012f4       0xae /usr/lib/gap_riscv_toolchain/bin/../lib/gcc/riscv32-unknown-elf/7.1.1/rv32imcxgap8/ilp32/libgcc.a(gedf2.o)
                0x000000001c0012f4                __gtdf2
                0x000000001c0012f4                __gedf2
 .text          0x000000001c0013a2       0xae /usr/lib/gap_riscv_toolchain/bin/../lib/gcc/riscv32-unknown-elf/7.1.1/rv32imcxgap8/ilp32/libgcc.a(ledf2.o)
                0x000000001c0013a2                __ltdf2
                0x000000001c0013a2                __ledf2
 .text          0x000000001c001450      0x43a /usr/lib/gap_riscv_toolchain/bin/../lib/gcc/riscv32-unknown-elf/7.1.1/rv32imcxgap8/ilp32/libgcc.a(muldf3.o)
                0x000000001c001450                __muldf3
 .text          0x000000001c00188a      0x612 /usr/lib/gap_riscv_toolchain/bin/../lib/gcc/riscv32-unknown-elf/7.1.1/rv32imcxgap8/ilp32/libgcc.a(subdf3.o)
                0x000000001c00188a                __subdf3
 .text          0x000000001c001e9c       0x5c /usr/lib/gap_riscv_toolchain/bin/../lib/gcc/riscv32-unknown-elf/7.1.1/rv32imcxgap8/ilp32/libgcc.a(fixdfsi.o)
                0x000000001c001e9c                __fixdfsi
 .text          0x000000001c001ef8       0x52 /usr/lib/gap_riscv_toolchain/bin/../lib/gcc/riscv32-unknown-elf/7.1.1/rv32imcxgap8/ilp32/libgcc.a(fixunsdfsi.o)
                0x000000001c001ef8                __fixunsdfsi
 .text          0x000000001c001f4a       0x58 /usr/lib/gap_riscv_toolchain/bin/../lib/gcc/riscv32-unknown-elf/7.1.1/rv32imcxgap8/ilp32/libgcc.a(floatsidf.o)
                0x000000001c001f4a                __floatsidf
 .text          0x000000001c001fa2       0x4c /usr/lib/gap_riscv_toolchain/bin/../lib/gcc/riscv32-unknown-elf/7.1.1/rv32imcxgap8/ilp32/libgcc.a(floatunsidf.o)
                0x000000001c001fa2                __floatunsidf
 *(.text.*)
 .text.hb_task  0x000000001c001fee       0x46 /module/deploy/classification/BUILD/GAP8_V2/GCC_RISCV_FREERTOS/classification.o
                0x000000001c001fee                hb_task
 .text.RunNetwork
                0x000000001c002034       0x14 /module/deploy/classification/BUILD/GAP8_V2/GCC_RISCV_FREERTOS/classification.o
 .text.pi_camera_control.constprop.4
                0x000000001c002048       0x16 /module/deploy/classification/BUILD/GAP8_V2/GCC_RISCV_FREERTOS/classification.o
 .text.classification
                0x000000001c00205e      0x2ac /module/deploy/classification/BUILD/GAP8_V2/GCC_RISCV_FREERTOS/classification.o
                0x000000001c00205e                classification
 .text.cam_handler
                0x000000001c00230a       0xa6 /module/deploy/classification/BUILD/GAP8_V2/GCC_RISCV_FREERTOS/classification.o
 .text.startup.main
                0x000000001c0023b0       0x18 /module/deploy/classification/BUILD/GAP8_V2/GCC_RISCV_FREERTOS/classification.o
                0x000000001c0023b0                main
 .text.vDataReadyISR
                0x000000001c0023c8       0x2c /module/deploy/classification/BUILD/GAP8_V2/GCC_RISCV_FREERTOS/../lib/cpx/src/com.o
                0x000000001c0023c8                vDataReadyISR
 .text.set_gap8_rtt_pin
                0x000000001c0023f4       0x1a /module/deploy/classification/BUILD/GAP8_V2/GCC_RISCV_FREERTOS/../lib/cpx/src/com.o
                0x000000001c0023f4                set_gap8_rtt_pin
 .text.com_task
                0x000000001c00240e      0x15a /module/deploy/classification/BUILD/GAP8_V2/GCC_RISCV_FREERTOS/../lib/cpx/src/com.o
                0x000000001c00240e                com_task
 .text.com_init
                0x000000001c002568      0x16e /module/deploy/classification/BUILD/GAP8_V2/GCC_RISCV_FREERTOS/../lib/cpx/src/com.o
                0x000000001c002568                com_init
 .text.com_read
                0x000000001c0026d6       0x10 /module/deploy/classification/BUILD/GAP8_V2/GCC_RISCV_FREERTOS/../lib/cpx/src/com.o
                0x000000001c0026d6                com_read
 .text.com_write
                0x000000001c0026e6       0x2e /module/deploy/classification/BUILD/GAP8_V2/GCC_RISCV_FREERTOS/../lib/cpx/src/com.o
                0x000000001c0026e6                com_write
 .text.cpx_rx_task
                0x000000001c002714       0x9e /module/deploy/classification/BUILD/GAP8_V2/GCC_RISCV_FREERTOS/../lib/cpx/src/cpx.o
 .text.cpxEnableFunction
                0x000000001c0027b2       0x2a /module/deploy/classification/BUILD/GAP8_V2/GCC_RISCV_FREERTOS/../lib/cpx/src/cpx.o
                0x000000001c0027b2                cpxEnableFunction
 .text.cpxSendPacketBlocking
                0x000000001c0027dc       0x68 /module/deploy/classification/BUILD/GAP8_V2/GCC_RISCV_FREERTOS/../lib/cpx/src/cpx.o
                0x000000001c0027dc                cpxSendPacketBlocking
 .text.cpxPrintToConsole
                0x000000001c002844       0x80 /module/deploy/classification/BUILD/GAP8_V2/GCC_RISCV_FREERTOS/../lib/cpx/src/cpx.o
                0x000000001c002844                cpxPrintToConsole
 .text.cpxInit  0x000000001c0028c4       0x66 /module/deploy/classification/BUILD/GAP8_V2/GCC_RISCV_FREERTOS/../lib/cpx/src/cpx.o
                0x000000001c0028c4                cpxInit
 .text.pi_ram_copy_async.constprop.6
                0x000000001c00292a       0x1c /module/deploy/classification/BUILD/GAP8_V2/GCC_RISCV_FREERTOS/BUILD_MODEL_SQ8BIT/classificationKernels.o
 .text.pi_flash_close.constprop.8
                0x000000001c002946       0x12 /module/deploy/classification/BUILD/GAP8_V2/GCC_RISCV_FREERTOS/BUILD_MODEL_SQ8BIT/classificationKernels.o
 .text.pi_cl_dma_cmd_2d
                0x000000001c002958       0x46 /module/deploy/classification/BUILD/GAP8_V2/GCC_RISCV_FREERTOS/BUILD_MODEL_SQ8BIT/classificationKernels.o
 .text.pi_cl_team_fork.constprop.11
                0x000000001c00299e       0x4a /module/deploy/classification/BUILD/GAP8_V2/GCC_RISCV_FREERTOS/BUILD_MODEL_SQ8BIT/classificationKernels.o
 .text.__pi_cl_dma_wait
                0x000000001c0029e8       0x5a /module/deploy/classification/BUILD/GAP8_V2/GCC_RISCV_FREERTOS/BUILD_MODEL_SQ8BIT/classificationKernels.o
 .text.pi_cl_dma_cmd
                0x000000001c002a42       0xbe /module/deploy/classification/BUILD/GAP8_V2/GCC_RISCV_FREERTOS/BUILD_MODEL_SQ8BIT/classificationKernels.o
 .text.S3_Conv2d_1x1x1x1
                0x000000001c002b00      0x256 /module/deploy/classification/BUILD/GAP8_V2/GCC_RISCV_FREERTOS/BUILD_MODEL_SQ8BIT/classificationKernels.o
                0x000000001c002b00                S3_Conv2d_1x1x1x1
 .text.S6_Conv2d_3x1x1x1
                0x000000001c002d56      0x26e /module/deploy/classification/BUILD/GAP8_V2/GCC_RISCV_FREERTOS/BUILD_MODEL_SQ8BIT/classificationKernels.o
                0x000000001c002d56                S6_Conv2d_3x1x1x1
 .text.S7_Op_RESIZE_BILINEAR_0_3
                0x000000001c002fc4      0x170 /module/deploy/classification/BUILD/GAP8_V2/GCC_RISCV_FREERTOS/BUILD_MODEL_SQ8BIT/classificationKernels.o
                0x000000001c002fc4                S7_Op_RESIZE_BILINEAR_0_3
 .text.S10_Conv2d_16x3x3x3_Relu6
                0x000000001c003134      0x2e6 /module/deploy/classification/BUILD/GAP8_V2/GCC_RISCV_FREERTOS/BUILD_MODEL_SQ8BIT/classificationKernels.o
                0x000000001c003134                S10_Conv2d_16x3x3x3_Relu6
 .text.S13_Conv2d_16x1x3x3_Relu6
                0x000000001c00341a      0x31e /module/deploy/classification/BUILD/GAP8_V2/GCC_RISCV_FREERTOS/BUILD_MODEL_SQ8BIT/classificationKernels.o
                0x000000001c00341a                S13_Conv2d_16x1x3x3_Relu6
 .text.S16_Conv2d_8x16x1x1
                0x000000001c003738      0x2b4 /module/deploy/classification/BUILD/GAP8_V2/GCC_RISCV_FREERTOS/BUILD_MODEL_SQ8BIT/classificationKernels.o
                0x000000001c003738                S16_Conv2d_8x16x1x1
 .text.S19_Conv2d_48x8x1x1_Relu6
                0x000000001c0039ec      0x2b0 /module/deploy/classification/BUILD/GAP8_V2/GCC_RISCV_FREERTOS/BUILD_MODEL_SQ8BIT/classificationKernels.o
                0x000000001c0039ec                S19_Conv2d_48x8x1x1_Relu6
 .text.S22_Conv2d_48x1x3x3_Relu6
                0x000000001c003c9c      0x304 /module/deploy/classification/BUILD/GAP8_V2/GCC_RISCV_FREERTOS/BUILD_MODEL_SQ8BIT/classificationKernels.o
                0x000000001c003c9c                S22_Conv2d_48x1x3x3_Relu6
 .text.S25_Conv2d_8x48x1x1
                0x000000001c003fa0      0x270 /module/deploy/classification/BUILD/GAP8_V2/GCC_RISCV_FREERTOS/BUILD_MODEL_SQ8BIT/classificationKernels.o
                0x000000001c003fa0                S25_Conv2d_8x48x1x1
 .text.S28_Conv2d_48x8x1x1_Relu6
                0x000000001c004210      0x1ba /module/deploy/classification/BUILD/GAP8_V2/GCC_RISCV_FREERTOS/BUILD_MODEL_SQ8BIT/classificationKernels.o
                0x000000001c004210                S28_Conv2d_48x8x1x1_Relu6
 .text.S31_Conv2d_48x1x3x3_Relu6
                0x000000001c0043ca      0x26a /module/deploy/classification/BUILD/GAP8_V2/GCC_RISCV_FREERTOS/BUILD_MODEL_SQ8BIT/classificationKernels.o
                0x000000001c0043ca                S31_Conv2d_48x1x3x3_Relu6
 .text.S35_MatAdd_8x24x24
                0x000000001c004634       0xc6 /module/deploy/classification/BUILD/GAP8_V2/GCC_RISCV_FREERTOS/BUILD_MODEL_SQ8BIT/classificationKernels.o
                0x000000001c004634                S35_MatAdd_8x24x24
 .text.S41_Conv2d_48x1x3x3_Relu6
                0x000000001c0046fa      0x1c4 /module/deploy/classification/BUILD/GAP8_V2/GCC_RISCV_FREERTOS/BUILD_MODEL_SQ8BIT/classificationKernels.o
                0x000000001c0046fa                S41_Conv2d_48x1x3x3_Relu6
 .text.S44_Conv2d_16x48x1x1
                0x000000001c0048be      0x1b8 /module/deploy/classification/BUILD/GAP8_V2/GCC_RISCV_FREERTOS/BUILD_MODEL_SQ8BIT/classificationKernels.o
                0x000000001c0048be                S44_Conv2d_16x48x1x1
 .text.S47_Conv2d_96x16x1x1_Relu6
                0x000000001c004a76      0x1ba /module/deploy/classification/BUILD/GAP8_V2/GCC_RISCV_FREERTOS/BUILD_MODEL_SQ8BIT/classificationKernels.o
                0x000000001c004a76                S47_Conv2d_96x16x1x1_Relu6
 .text.S50_Conv2d_96x1x3x3_Relu6
                0x000000001c004c30      0x1be /module/deploy/classification/BUILD/GAP8_V2/GCC_RISCV_FREERTOS/BUILD_MODEL_SQ8BIT/classificationKernels.o
                0x000000001c004c30                S50_Conv2d_96x1x3x3_Relu6
 .text.S53_Conv2d_16x96x1x1
                0x000000001c004dee      0x1b8 /module/deploy/classification/BUILD/GAP8_V2/GCC_RISCV_FREERTOS/BUILD_MODEL_SQ8BIT/classificationKernels.o
                0x000000001c004dee                S53_Conv2d_16x96x1x1
 .text.S54_MatAdd_16x12x12
                0x000000001c004fa6       0xc4 /module/deploy/classification/BUILD/GAP8_V2/GCC_RISCV_FREERTOS/BUILD_MODEL_SQ8BIT/classificationKernels.o
                0x000000001c004fa6                S54_MatAdd_16x12x12
 .text.S70_Conv2d_96x1x3x3_Relu6
                0x000000001c00506a      0x1c6 /module/deploy/classification/BUILD/GAP8_V2/GCC_RISCV_FREERTOS/BUILD_MODEL_SQ8BIT/classificationKernels.o
                0x000000001c00506a                S70_Conv2d_96x1x3x3_Relu6
 .text.S73_Conv2d_24x96x1x1
                0x000000001c005230      0x1ae /module/deploy/classification/BUILD/GAP8_V2/GCC_RISCV_FREERTOS/BUILD_MODEL_SQ8BIT/classificationKernels.o
                0x000000001c005230                S73_Conv2d_24x96x1x1
 .text.S76_Conv2d_144x24x1x1_Relu6
                0x000000001c0053de      0x1be /module/deploy/classification/BUILD/GAP8_V2/GCC_RISCV_FREERTOS/BUILD_MODEL_SQ8BIT/classificationKernels.o
                0x000000001c0053de                S76_Conv2d_144x24x1x1_Relu6
 .text.S79_Conv2d_144x1x3x3_Relu6
                0x000000001c00559c      0x1be /module/deploy/classification/BUILD/GAP8_V2/GCC_RISCV_FREERTOS/BUILD_MODEL_SQ8BIT/classificationKernels.o
                0x000000001c00559c                S79_Conv2d_144x1x3x3_Relu6
 .text.S82_Conv2d_24x144x1x1
                0x000000001c00575a      0x1b6 /module/deploy/classification/BUILD/GAP8_V2/GCC_RISCV_FREERTOS/BUILD_MODEL_SQ8BIT/classificationKernels.o
                0x000000001c00575a                S82_Conv2d_24x144x1x1
 .text.S83_MatAdd_24x6x6
                0x000000001c005910       0xc0 /module/deploy/classification/BUILD/GAP8_V2/GCC_RISCV_FREERTOS/BUILD_MODEL_SQ8BIT/classificationKernels.o
                0x000000001c005910                S83_MatAdd_24x6x6
 .text.S112_Conv2d_32x144x1x1
                0x000000001c0059d0      0x1bc /module/deploy/classification/BUILD/GAP8_V2/GCC_RISCV_FREERTOS/BUILD_MODEL_SQ8BIT/classificationKernels.o
                0x000000001c0059d0                S112_Conv2d_32x144x1x1
 .text.S115_Conv2d_192x32x1x1_Relu6
                0x000000001c005b8c      0x1ba /module/deploy/classification/BUILD/GAP8_V2/GCC_RISCV_FREERTOS/BUILD_MODEL_SQ8BIT/classificationKernels.o
                0x000000001c005b8c                S115_Conv2d_192x32x1x1_Relu6
 .text.S118_Conv2d_192x1x3x3_Relu6
                0x000000001c005d46      0x1bc /module/deploy/classification/BUILD/GAP8_V2/GCC_RISCV_FREERTOS/BUILD_MODEL_SQ8BIT/classificationKernels.o
                0x000000001c005d46                S118_Conv2d_192x1x3x3_Relu6
 .text.S121_Conv2d_32x192x1x1
                0x000000001c005f02      0x1b2 /module/deploy/classification/BUILD/GAP8_V2/GCC_RISCV_FREERTOS/BUILD_MODEL_SQ8BIT/classificationKernels.o
                0x000000001c005f02                S121_Conv2d_32x192x1x1
 .text.S122_MatAdd_32x6x6
                0x000000001c0060b4       0xc6 /module/deploy/classification/BUILD/GAP8_V2/GCC_RISCV_FREERTOS/BUILD_MODEL_SQ8BIT/classificationKernels.o
                0x000000001c0060b4                S122_MatAdd_32x6x6
 .text.S138_Conv2d_192x1x3x3_Relu6
                0x000000001c00617a      0x1c2 /module/deploy/classification/BUILD/GAP8_V2/GCC_RISCV_FREERTOS/BUILD_MODEL_SQ8BIT/classificationKernels.o
                0x000000001c00617a                S138_Conv2d_192x1x3x3_Relu6
 .text.S141_Conv2d_56x192x1x1
                0x000000001c00633c      0x1b6 /module/deploy/classification/BUILD/GAP8_V2/GCC_RISCV_FREERTOS/BUILD_MODEL_SQ8BIT/classificationKernels.o
                0x000000001c00633c                S141_Conv2d_56x192x1x1
 .text.S144_Conv2d_336x56x1x1_Relu6
                0x000000001c0064f2      0x1ba /module/deploy/classification/BUILD/GAP8_V2/GCC_RISCV_FREERTOS/BUILD_MODEL_SQ8BIT/classificationKernels.o
                0x000000001c0064f2                S144_Conv2d_336x56x1x1_Relu6
 .text.S147_Conv2d_336x1x3x3_Relu6
                0x000000001c0066ac      0x1bc /module/deploy/classification/BUILD/GAP8_V2/GCC_RISCV_FREERTOS/BUILD_MODEL_SQ8BIT/classificationKernels.o
                0x000000001c0066ac                S147_Conv2d_336x1x3x3_Relu6
 .text.S150_Conv2d_56x336x1x1
                0x000000001c006868      0x1ba /module/deploy/classification/BUILD/GAP8_V2/GCC_RISCV_FREERTOS/BUILD_MODEL_SQ8BIT/classificationKernels.o
                0x000000001c006868                S150_Conv2d_56x336x1x1
 .text.S151_MatAdd_56x3x3
                0x000000001c006a22       0xb8 /module/deploy/classification/BUILD/GAP8_V2/GCC_RISCV_FREERTOS/BUILD_MODEL_SQ8BIT/classificationKernels.o
                0x000000001c006a22                S151_MatAdd_56x3x3
 .text.S170_Conv2d_112x336x1x1
                0x000000001c006ada      0x27c /module/deploy/classification/BUILD/GAP8_V2/GCC_RISCV_FREERTOS/BUILD_MODEL_SQ8BIT/classificationKernels.o
                0x000000001c006ada                S170_Conv2d_112x336x1x1
 .text.S173_Conv2d_1280x112x1x1_Relu6
                0x000000001c006d56      0x27a /module/deploy/classification/BUILD/GAP8_V2/GCC_RISCV_FREERTOS/BUILD_MODEL_SQ8BIT/classificationKernels.o
                0x000000001c006d56                S173_Conv2d_1280x112x1x1_Relu6
 .text.S176_Conv2d_1280x1x3x3
                0x000000001c006fd0      0x1f8 /module/deploy/classification/BUILD/GAP8_V2/GCC_RISCV_FREERTOS/BUILD_MODEL_SQ8BIT/classificationKernels.o
                0x000000001c006fd0                S176_Conv2d_1280x1x3x3
 .text.S179_Conv2d_32x1280x1x1_Relu
                0x000000001c0071c8      0x182 /module/deploy/classification/BUILD/GAP8_V2/GCC_RISCV_FREERTOS/BUILD_MODEL_SQ8BIT/classificationKernels.o
                0x000000001c0071c8                S179_Conv2d_32x1280x1x1_Relu
 .text.S180_Op_MEAN_0_72
                0x000000001c00734a       0xc8 /module/deploy/classification/BUILD/GAP8_V2/GCC_RISCV_FREERTOS/BUILD_MODEL_SQ8BIT/classificationKernels.o
                0x000000001c00734a                S180_Op_MEAN_0_72
 .text.S183_Linear_2x32
                0x000000001c007412      0x1aa /module/deploy/classification/BUILD/GAP8_V2/GCC_RISCV_FREERTOS/BUILD_MODEL_SQ8BIT/classificationKernels.o
                0x000000001c007412                S183_Linear_2x32
 .text.S184_SoftMax
                0x000000001c0075bc       0xb6 /module/deploy/classification/BUILD/GAP8_V2/GCC_RISCV_FREERTOS/BUILD_MODEL_SQ8BIT/classificationKernels.o
                0x000000001c0075bc                S184_SoftMax
 .text.classificationCNN_Construct
                0x000000001c007672     0x8cca /module/deploy/classification/BUILD/GAP8_V2/GCC_RISCV_FREERTOS/BUILD_MODEL_SQ8BIT/classificationKernels.o
                0x000000001c007672                classificationCNN_Construct
 .text.classificationCNN
                0x000000001c01033c     0x40b8 /module/deploy/classification/BUILD/GAP8_V2/GCC_RISCV_FREERTOS/BUILD_MODEL_SQ8BIT/classificationKernels.o
                0x000000001c01033c                classificationCNN
 .text.KerResizeBilinearSigned
                0x000000001c0143f4      0x122 /module/deploy/classification/BUILD/GAP8_V2/GCC_RISCV_FREERTOS//gap_sdk/tools/autotiler_v3/Generators/BilinearResizes/ResizeBasicKernels.o
                0x000000001c0143f4                KerResizeBilinearSigned
 .text.CNN_Transpose_Body_fps
                0x000000001c014516      0x286 /module/deploy/classification/BUILD/GAP8_V2/GCC_RISCV_FREERTOS//gap_sdk/tools/autotiler_v3/CNN_Libraries/CNN_Copy.o
 .text.CNN_Transpose_fps
                0x000000001c01479c       0xca /module/deploy/classification/BUILD/GAP8_V2/GCC_RISCV_FREERTOS//gap_sdk/tools/autotiler_v3/CNN_Libraries/CNN_Copy.o
                0x000000001c01479c                CNN_Transpose_fps
 .text.SigmoidTable
                0x000000001c014866       0x32 /module/deploy/classification/BUILD/GAP8_V2/GCC_RISCV_FREERTOS//gap_sdk/tools/autotiler_v3/CNN_Libraries_SQ8/CNN_Activation_SQ8.o
                0x000000001c014866                SigmoidTable
 .text.KerParReduct_CC_ReLU_SQ8
                0x000000001c014898       0xda /module/deploy/classification/BUILD/GAP8_V2/GCC_RISCV_FREERTOS//gap_sdk/tools/autotiler_v3/CNN_Libraries_SQ8/CNN_Activation_SQ8.o
                0x000000001c014898                KerParReduct_CC_ReLU_SQ8
 .text.KerParSetBiasB32_SQ8
                0x000000001c014972       0x98 /module/deploy/classification/BUILD/GAP8_V2/GCC_RISCV_FREERTOS//gap_sdk/tools/autotiler_v3/CNN_Libraries_SQ8/CNN_Bias_Linear_SQ8.o
                0x000000001c014972                KerParSetBiasB32_SQ8
 .text.KerParLinearLayerFullFeatB32_SQ8
                0x000000001c014a0a      0x150 /module/deploy/classification/BUILD/GAP8_V2/GCC_RISCV_FREERTOS//gap_sdk/tools/autotiler_v3/CNN_Libraries_SQ8/CNN_Bias_Linear_SQ8.o
                0x000000001c014a0a                KerParLinearLayerFullFeatB32_SQ8
 .text.KerParLinearLayerFullFeatB32_ReLU_SQ8
                0x000000001c014b5a      0x16c /module/deploy/classification/BUILD/GAP8_V2/GCC_RISCV_FREERTOS//gap_sdk/tools/autotiler_v3/CNN_Libraries_SQ8/CNN_Bias_Linear_SQ8.o
                0x000000001c014b5a                KerParLinearLayerFullFeatB32_ReLU_SQ8
 .text.KerConv2x3from3x3Stride2_V_SQ8
                0x000000001c014cc6       0x9a /module/deploy/classification/BUILD/GAP8_V2/GCC_RISCV_FREERTOS//gap_sdk/tools/autotiler_v3/CNN_Libraries_SQ8/CNN_Conv_SQ8.o
 .text.KerConv3x3Stride2_Body_SQ8.isra.22
                0x000000001c014d60       0xa6 /module/deploy/classification/BUILD/GAP8_V2/GCC_RISCV_FREERTOS//gap_sdk/tools/autotiler_v3/CNN_Libraries_SQ8/CNN_Conv_SQ8.o
 .text.KerConv3x2from3x3Stride2_H_SQ8.isra.23
                0x000000001c014e06       0x50 /module/deploy/classification/BUILD/GAP8_V2/GCC_RISCV_FREERTOS//gap_sdk/tools/autotiler_v3/CNN_Libraries_SQ8/CNN_Conv_SQ8.o
 .text.KerConv3x3BorderStride2_SQ8.isra.24
                0x000000001c014e56      0x11a /module/deploy/classification/BUILD/GAP8_V2/GCC_RISCV_FREERTOS//gap_sdk/tools/autotiler_v3/CNN_Libraries_SQ8/CNN_Conv_SQ8.o
 .text.KerParConv3x3Stride2_SQ8
                0x000000001c014f70      0x186 /module/deploy/classification/BUILD/GAP8_V2/GCC_RISCV_FREERTOS//gap_sdk/tools/autotiler_v3/CNN_Libraries_SQ8/CNN_Conv_SQ8.o
                0x000000001c014f70                KerParConv3x3Stride2_SQ8
 .text.Ker_ActivationScale1_SQ8
                0x000000001c0150f6       0xa4 /module/deploy/classification/BUILD/GAP8_V2/GCC_RISCV_FREERTOS//gap_sdk/tools/autotiler_v3/CNN_Libraries_SQ8/CNN_Pooling_SQ8.o
 .text.Ker_Activation_SQ8
                0x000000001c01519a      0x274 /module/deploy/classification/BUILD/GAP8_V2/GCC_RISCV_FREERTOS//gap_sdk/tools/autotiler_v3/CNN_Libraries_SQ8/CNN_Pooling_SQ8.o
 .text.KerGlobalAvgPoolFullFeat_SQ8
                0x000000001c01540e       0x64 /module/deploy/classification/BUILD/GAP8_V2/GCC_RISCV_FREERTOS//gap_sdk/tools/autotiler_v3/CNN_Libraries_SQ8/CNN_Pooling_SQ8.o
 .text.KerParPoolActivation
                0x000000001c015472       0xdc /module/deploy/classification/BUILD/GAP8_V2/GCC_RISCV_FREERTOS//gap_sdk/tools/autotiler_v3/CNN_Libraries_SQ8/CNN_Pooling_SQ8.o
 .text.KerParGlobalAvgPoolFullFeat_SQ8
                0x000000001c01554e       0xba /module/deploy/classification/BUILD/GAP8_V2/GCC_RISCV_FREERTOS//gap_sdk/tools/autotiler_v3/CNN_Libraries_SQ8/CNN_Pooling_SQ8.o
                0x000000001c01554e                KerParGlobalAvgPoolFullFeat_SQ8
 .text.KerParConvDWRedAct3x3Stride1B32_SQ8
                0x000000001c015608      0x490 /module/deploy/classification/BUILD/GAP8_V2/GCC_RISCV_FREERTOS//gap_sdk/tools/autotiler_v3/CNN_Libraries_SQ8/CNN_Conv_DW_Red_SQ8.o
                0x000000001c015608                KerParConvDWRedAct3x3Stride1B32_SQ8
 .text.KerParConvDWRedAct3x3Stride1B32_ReLUM_SQ8
                0x000000001c015a98      0x51e /module/deploy/classification/BUILD/GAP8_V2/GCC_RISCV_FREERTOS//gap_sdk/tools/autotiler_v3/CNN_Libraries_SQ8/CNN_Conv_DW_Red_SQ8.o
                0x000000001c015a98                KerParConvDWRedAct3x3Stride1B32_ReLUM_SQ8
 .text.KerParConvDWRedAct3x3Stride2B32_ReLUM_SQ8
                0x000000001c015fb6      0x500 /module/deploy/classification/BUILD/GAP8_V2/GCC_RISCV_FREERTOS//gap_sdk/tools/autotiler_v3/CNN_Libraries_SQ8/CNN_Conv_DW_Red_SQ8.o
                0x000000001c015fb6                KerParConvDWRedAct3x3Stride2B32_ReLUM_SQ8
 .text.KerMatAdd_SQ8
                0x000000001c0164b6      0x234 /module/deploy/classification/BUILD/GAP8_V2/GCC_RISCV_FREERTOS//gap_sdk/tools/autotiler_v3/CNN_Libraries_SQ8/CNN_MatAlgebra_SQ8.o
                0x000000001c0164b6                KerMatAdd_SQ8
 .text.KerParMatMulB32_SQ8
                0x000000001c0166ea      0x722 /module/deploy/classification/BUILD/GAP8_V2/GCC_RISCV_FREERTOS//gap_sdk/tools/autotiler_v3/CNN_Libraries_SQ8/CNN_MatAlgebra_SQ8.o
                0x000000001c0166ea                KerParMatMulB32_SQ8
 .text.KerParMatMulB32_ReLU_SQ8
                0x000000001c016e0c      0x7e8 /module/deploy/classification/BUILD/GAP8_V2/GCC_RISCV_FREERTOS//gap_sdk/tools/autotiler_v3/CNN_Libraries_SQ8/CNN_MatAlgebra_SQ8.o
                0x000000001c016e0c                KerParMatMulB32_ReLU_SQ8
 .text.KerParMatMulB32_ReLUM_SQ8
                0x000000001c0175f4      0x7f4 /module/deploy/classification/BUILD/GAP8_V2/GCC_RISCV_FREERTOS//gap_sdk/tools/autotiler_v3/CNN_Libraries_SQ8/CNN_MatAlgebra_SQ8.o
                0x000000001c0175f4                KerParMatMulB32_ReLUM_SQ8
 .text.KerParMatMulSxSyB32_SQ8
                0x000000001c017de8      0x23a /module/deploy/classification/BUILD/GAP8_V2/GCC_RISCV_FREERTOS//gap_sdk/tools/autotiler_v3/CNN_Libraries_SQ8/CNN_MatAlgebra_SQ8.o
                0x000000001c017de8                KerParMatMulSxSyB32_SQ8
 .text.KerParMatMulB32_SF_SQ8
                0x000000001c018022      0x614 /module/deploy/classification/BUILD/GAP8_V2/GCC_RISCV_FREERTOS//gap_sdk/tools/autotiler_v3/CNN_Libraries_SQ8/CNN_MatAlgebra_SQ8.o
                0x000000001c018022                KerParMatMulB32_SF_SQ8
 .text.KerParMatMulB32_ReLU_SF_SQ8
                0x000000001c018636      0x6de /module/deploy/classification/BUILD/GAP8_V2/GCC_RISCV_FREERTOS//gap_sdk/tools/autotiler_v3/CNN_Libraries_SQ8/CNN_MatAlgebra_SQ8.o
                0x000000001c018636                KerParMatMulB32_ReLU_SF_SQ8
 .text.Exp_fp_17_15.part.0
                0x000000001c018d14       0xaa /module/deploy/classification/BUILD/GAP8_V2/GCC_RISCV_FREERTOS//gap_sdk/tools/autotiler_v3/CNN_Libraries_SQ8/CNN_SoftMax_SQ8.o
 .text.KerParSoftMax_SQ8
                0x000000001c018dbe      0x184 /module/deploy/classification/BUILD/GAP8_V2/GCC_RISCV_FREERTOS//gap_sdk/tools/autotiler_v3/CNN_Libraries_SQ8/CNN_SoftMax_SQ8.o
                0x000000001c018dbe                KerParSoftMax_SQ8
 .text.system_init
                0x000000001c018f42       0x5e /module/deploy/classification/BUILD/GAP8_V2/GCC_RISCV_FREERTOS//gap_sdk/rtos/freeRTOS/vendors/gwt/gap8/src/device/system_gap8.o
                0x000000001c018f42                system_init
 .text.system_setup_systick
                0x000000001c018fa0       0x38 /module/deploy/classification/BUILD/GAP8_V2/GCC_RISCV_FREERTOS//gap_sdk/rtos/freeRTOS/vendors/gwt/gap8/src/device/system_gap8.o
                0x000000001c018fa0                system_setup_systick
 .text.system_core_clock_update
                0x000000001c018fd8       0x52 /module/deploy/classification/BUILD/GAP8_V2/GCC_RISCV_FREERTOS//gap_sdk/rtos/freeRTOS/vendors/gwt/gap8/src/device/system_gap8.o
                0x000000001c018fd8                system_core_clock_update
 .text.system_setup_timer
                0x000000001c01902a        0xc /module/deploy/classification/BUILD/GAP8_V2/GCC_RISCV_FREERTOS//gap_sdk/rtos/freeRTOS/vendors/gwt/gap8/src/device/system_gap8.o
                0x000000001c01902a                system_setup_timer
 .text.system_core_clock_get
                0x000000001c019036        0xa /module/deploy/classification/BUILD/GAP8_V2/GCC_RISCV_FREERTOS//gap_sdk/rtos/freeRTOS/vendors/gwt/gap8/src/device/system_gap8.o
                0x000000001c019036                system_core_clock_get
 .text.system_exit
                0x000000001c019040       0x6e /module/deploy/classification/BUILD/GAP8_V2/GCC_RISCV_FREERTOS//gap_sdk/rtos/freeRTOS/vendors/gwt/gap8/src/device/system_gap8.o
                0x000000001c019040                system_exit
 .text._procid  0x000000001c0190ae        0xa /module/deploy/classification/BUILD/GAP8_V2/GCC_RISCV_FREERTOS//gap_sdk/rtos/freeRTOS/vendors/gwt/gap8/src/device/gap8_it.o
                0x000000001c0190ae                _procid
 .text._clusterid
                0x000000001c0190b8        0x8 /module/deploy/classification/BUILD/GAP8_V2/GCC_RISCV_FREERTOS//gap_sdk/rtos/freeRTOS/vendors/gwt/gap8/src/device/gap8_it.o
                0x000000001c0190b8                _clusterid
 .text._isr_default
                0x000000001c0190c0        0xe /module/deploy/classification/BUILD/GAP8_V2/GCC_RISCV_FREERTOS//gap_sdk/rtos/freeRTOS/vendors/gwt/gap8/src/device/gap8_it.o
                0x000000001c0190c0                _isr_default
 .text.vSetPendSV
                0x000000001c0190ce        0xa /module/deploy/classification/BUILD/GAP8_V2/GCC_RISCV_FREERTOS//gap_sdk/rtos/freeRTOS/vendors/gwt/gap8/src/device/gap8_it.o
                0x000000001c0190ce                vSetPendSV
 .text._ill_insn_print
                0x000000001c0190d8        0xa /module/deploy/classification/BUILD/GAP8_V2/GCC_RISCV_FREERTOS//gap_sdk/rtos/freeRTOS/vendors/gwt/gap8/src/device/gap8_it.o
                0x000000001c0190d8                _ill_insn_print
 .text.__uart_write_exec
                0x000000001c0190e2       0x46 /module/deploy/classification/BUILD/GAP8_V2/GCC_RISCV_FREERTOS//gap_sdk/rtos/freeRTOS/vendors/gwt/gap8/src/driver/gap_io.o
 .text.__uart_putc_cluster_req
                0x000000001c019128        0x8 /module/deploy/classification/BUILD/GAP8_V2/GCC_RISCV_FREERTOS//gap_sdk/rtos/freeRTOS/vendors/gwt/gap8/src/driver/gap_io.o
 .text.tfp_putc.isra.2
                0x000000001c019130       0xee /module/deploy/classification/BUILD/GAP8_V2/GCC_RISCV_FREERTOS//gap_sdk/rtos/freeRTOS/vendors/gwt/gap8/src/driver/gap_io.o
 .text.printf_uart_init
                0x000000001c01921e       0x5a /module/deploy/classification/BUILD/GAP8_V2/GCC_RISCV_FREERTOS//gap_sdk/rtos/freeRTOS/vendors/gwt/gap8/src/driver/gap_io.o
                0x000000001c01921e                printf_uart_init
 .text._putchar
                0x000000001c019278        0x4 /module/deploy/classification/BUILD/GAP8_V2/GCC_RISCV_FREERTOS//gap_sdk/rtos/freeRTOS/vendors/gwt/gap8/src/driver/gap_io.o
                0x000000001c019278                _putchar
 .text.system_exit_printf_flush
                0x000000001c01927c       0x5a /module/deploy/classification/BUILD/GAP8_V2/GCC_RISCV_FREERTOS//gap_sdk/rtos/freeRTOS/vendors/gwt/gap8/src/driver/gap_io.o
                0x000000001c01927c                system_exit_printf_flush
 .text.exit     0x000000001c0192d6        0xa /module/deploy/classification/BUILD/GAP8_V2/GCC_RISCV_FREERTOS//gap_sdk/rtos/freeRTOS/vendors/gwt/libs/src/stdlib.o
                0x000000001c0192d6                exit
 .text.memcpy   0x000000001c0192e0       0x14 /module/deploy/classification/BUILD/GAP8_V2/GCC_RISCV_FREERTOS//gap_sdk/rtos/freeRTOS/vendors/gwt/libs/src/string.o
                0x000000001c0192e0                memcpy
 .text.memset   0x000000001c0192f4       0x10 /module/deploy/classification/BUILD/GAP8_V2/GCC_RISCV_FREERTOS//gap_sdk/rtos/freeRTOS/vendors/gwt/libs/src/string.o
                0x000000001c0192f4                memset
 .text.strcmp   0x000000001c019304       0x14 /module/deploy/classification/BUILD/GAP8_V2/GCC_RISCV_FREERTOS//gap_sdk/rtos/freeRTOS/vendors/gwt/libs/src/string.o
                0x000000001c019304                strcmp
 .text.strncmp  0x000000001c019318       0x1e /module/deploy/classification/BUILD/GAP8_V2/GCC_RISCV_FREERTOS//gap_sdk/rtos/freeRTOS/vendors/gwt/libs/src/string.o
                0x000000001c019318                strncmp
 .text.strlen   0x000000001c019336       0x10 /module/deploy/classification/BUILD/GAP8_V2/GCC_RISCV_FREERTOS//gap_sdk/rtos/freeRTOS/vendors/gwt/libs/src/string.o
                0x000000001c019336                strlen
 .text.cl_notify_fc_event_handler
                0x000000001c019346       0x94 /module/deploy/classification/BUILD/GAP8_V2/GCC_RISCV_FREERTOS//gap_sdk/rtos/freeRTOS/vendors/gwt/gap8/pmsis/cluster/drivers/cluster_synchronisation/cl_to_fc_delegate.o
                0x000000001c019346                cl_notify_fc_event_handler
 .text.pi_cl_send_task_to_fc
                0x000000001c0193da       0x40 /module/deploy/classification/BUILD/GAP8_V2/GCC_RISCV_FREERTOS//gap_sdk/rtos/freeRTOS/vendors/gwt/gap8/pmsis/cluster/drivers/cluster_synchronisation/cl_to_fc_delegate.o
                0x000000001c0193da                pi_cl_send_task_to_fc
 .text.mc_fc_delegate_init
                0x000000001c01941a        0xc /module/deploy/classification/BUILD/GAP8_V2/GCC_RISCV_FREERTOS//gap_sdk/rtos/freeRTOS/vendors/gwt/gap8/pmsis/cluster/drivers/cluster_synchronisation/cl_to_fc_delegate.o
                0x000000001c01941a                mc_fc_delegate_init
 .text.cl_wait_task
                0x000000001c019426       0x20 /module/deploy/classification/BUILD/GAP8_V2/GCC_RISCV_FREERTOS//gap_sdk/rtos/freeRTOS/vendors/gwt/gap8/pmsis/cluster/drivers/cluster_synchronisation/cl_to_fc_delegate.o
                0x000000001c019426                cl_wait_task
 .text.cl_notify_task_done_clear
                0x000000001c019446       0x2c /module/deploy/classification/BUILD/GAP8_V2/GCC_RISCV_FREERTOS//gap_sdk/rtos/freeRTOS/vendors/gwt/gap8/pmsis/cluster/drivers/cluster_synchronisation/cl_to_fc_delegate.o
                0x000000001c019446                cl_notify_task_done_clear
 .text.pmsis_mutex_release
                0x000000001c019472       0x10 /module/deploy/classification/BUILD/GAP8_V2/GCC_RISCV_FREERTOS//gap_sdk/rtos/freeRTOS/vendors/gwt/gap8/pmsis/cluster/drivers/cluster_synchronisation/fc_to_cl_delegate.o
 .text.pi_cluster_close_async
                0x000000001c019482        0x4 /module/deploy/classification/BUILD/GAP8_V2/GCC_RISCV_FREERTOS//gap_sdk/rtos/freeRTOS/vendors/gwt/gap8/pmsis/cluster/drivers/cluster_synchronisation/fc_to_cl_delegate.o
                0x000000001c019482                pi_cluster_close_async
 .text.pi_cluster_ioctl
                0x000000001c019486       0x36 /module/deploy/classification/BUILD/GAP8_V2/GCC_RISCV_FREERTOS//gap_sdk/rtos/freeRTOS/vendors/gwt/gap8/pmsis/cluster/drivers/cluster_synchronisation/fc_to_cl_delegate.o
                0x000000001c019486                pi_cluster_ioctl
 .text.pi_cluster_ioctl_async
                0x000000001c0194bc       0x46 /module/deploy/classification/BUILD/GAP8_V2/GCC_RISCV_FREERTOS//gap_sdk/rtos/freeRTOS/vendors/gwt/gap8/pmsis/cluster/drivers/cluster_synchronisation/fc_to_cl_delegate.o
                0x000000001c0194bc                pi_cluster_ioctl_async
 .text.pi_cluster_open_async
                0x000000001c019502       0x76 /module/deploy/classification/BUILD/GAP8_V2/GCC_RISCV_FREERTOS//gap_sdk/rtos/freeRTOS/vendors/gwt/gap8/pmsis/cluster/drivers/cluster_synchronisation/fc_to_cl_delegate.o
                0x000000001c019502                pi_cluster_open_async
 .text.__os_native_api_mutex_lock
                0x000000001c019578        0x6 /module/deploy/classification/BUILD/GAP8_V2/GCC_RISCV_FREERTOS//gap_sdk/rtos/freeRTOS/vendors/gwt/gap8/pmsis/cluster/drivers/cluster_synchronisation/fc_to_cl_delegate.o
 .text.__os_native_api_mutex_release
                0x000000001c01957e       0x1e /module/deploy/classification/BUILD/GAP8_V2/GCC_RISCV_FREERTOS//gap_sdk/rtos/freeRTOS/vendors/gwt/gap8/pmsis/cluster/drivers/cluster_synchronisation/fc_to_cl_delegate.o
 .text.pmsis_mutex_init
                0x000000001c01959c       0x48 /module/deploy/classification/BUILD/GAP8_V2/GCC_RISCV_FREERTOS//gap_sdk/rtos/freeRTOS/vendors/gwt/gap8/pmsis/cluster/drivers/cluster_synchronisation/fc_to_cl_delegate.o
 .text.pi_cluster_open
                0x000000001c0195e4      0x204 /module/deploy/classification/BUILD/GAP8_V2/GCC_RISCV_FREERTOS//gap_sdk/rtos/freeRTOS/vendors/gwt/gap8/pmsis/cluster/drivers/cluster_synchronisation/fc_to_cl_delegate.o
                0x000000001c0195e4                pi_cluster_open
 .text.pi_cluster_close
                0x000000001c0197e8       0x9a /module/deploy/classification/BUILD/GAP8_V2/GCC_RISCV_FREERTOS//gap_sdk/rtos/freeRTOS/vendors/gwt/gap8/pmsis/cluster/drivers/cluster_synchronisation/fc_to_cl_delegate.o
                0x000000001c0197e8                pi_cluster_close
 .text.__pi_send_task_to_cl.isra.3
                0x000000001c019882       0xac /module/deploy/classification/BUILD/GAP8_V2/GCC_RISCV_FREERTOS//gap_sdk/rtos/freeRTOS/vendors/gwt/gap8/pmsis/cluster/drivers/cluster_synchronisation/fc_to_cl_delegate.o
 .text.cl_task_finish
                0x000000001c01992e       0x76 /module/deploy/classification/BUILD/GAP8_V2/GCC_RISCV_FREERTOS//gap_sdk/rtos/freeRTOS/vendors/gwt/gap8/pmsis/cluster/drivers/cluster_synchronisation/fc_to_cl_delegate.o
                0x000000001c01992e                cl_task_finish
 .text.pi_cluster_send_task_to_cl
                0x000000001c0199a4       0x3a /module/deploy/classification/BUILD/GAP8_V2/GCC_RISCV_FREERTOS//gap_sdk/rtos/freeRTOS/vendors/gwt/gap8/pmsis/cluster/drivers/cluster_synchronisation/fc_to_cl_delegate.o
                0x000000001c0199a4                pi_cluster_send_task_to_cl
 .text.pi_cluster_conf_init
                0x000000001c0199de        0xa /module/deploy/classification/BUILD/GAP8_V2/GCC_RISCV_FREERTOS//gap_sdk/rtos/freeRTOS/vendors/gwt/gap8/pmsis/cluster/drivers/cluster_synchronisation/fc_to_cl_delegate.o
                0x000000001c0199de                pi_cluster_conf_init
 .text.pi_cl_dma_2d_handler
                0x000000001c0199e8       0x7e /module/deploy/classification/BUILD/GAP8_V2/GCC_RISCV_FREERTOS//gap_sdk/rtos/freeRTOS/vendors/gwt/gap8/pmsis/cluster/drivers/dma/cl_dma_irq.o
                0x000000001c0199e8                pi_cl_dma_2d_handler
 .text.fc_event_null_event
                0x000000001c019a66        0x2 /module/deploy/classification/BUILD/GAP8_V2/GCC_RISCV_FREERTOS//gap_sdk/rtos/freeRTOS/vendors/gwt/gap8/pmsis/drivers/fc_event/fc_event.o
 .text.pi_fc_event_handler_init
                0x000000001c019a68       0x30 /module/deploy/classification/BUILD/GAP8_V2/GCC_RISCV_FREERTOS//gap_sdk/rtos/freeRTOS/vendors/gwt/gap8/pmsis/drivers/fc_event/fc_event.o
                0x000000001c019a68                pi_fc_event_handler_init
 .text.pi_fc_event_handler_set
                0x000000001c019a98       0x10 /module/deploy/classification/BUILD/GAP8_V2/GCC_RISCV_FREERTOS//gap_sdk/rtos/freeRTOS/vendors/gwt/gap8/pmsis/drivers/fc_event/fc_event.o
                0x000000001c019a98                pi_fc_event_handler_set
 .text.pi_fc_event_handler_clear
                0x000000001c019aa8       0x18 /module/deploy/classification/BUILD/GAP8_V2/GCC_RISCV_FREERTOS//gap_sdk/rtos/freeRTOS/vendors/gwt/gap8/pmsis/drivers/fc_event/fc_event.o
                0x000000001c019aa8                pi_fc_event_handler_clear
 .text.pi_fll_frequency_get
                0x000000001c019ac0       0x38 /module/deploy/classification/BUILD/GAP8_V2/GCC_RISCV_FREERTOS//gap_sdk/rtos/freeRTOS/vendors/gwt/gap8/pmsis/drivers/fll/fll.o
                0x000000001c019ac0                pi_fll_frequency_get
 .text.pi_freq_callback_add
                0x000000001c019af8       0x24 /module/deploy/classification/BUILD/GAP8_V2/GCC_RISCV_FREERTOS//gap_sdk/rtos/freeRTOS/vendors/gwt/gap8/pmsis/drivers/fll/fll.o
                0x000000001c019af8                pi_freq_callback_add
 .text.pi_freq_callback_remove
                0x000000001c019b1c       0x42 /module/deploy/classification/BUILD/GAP8_V2/GCC_RISCV_FREERTOS//gap_sdk/rtos/freeRTOS/vendors/gwt/gap8/pmsis/drivers/fll/fll.o
                0x000000001c019b1c                pi_freq_callback_remove
 .text.pi_freq_callback_exec
                0x000000001c019b5e       0x22 /module/deploy/classification/BUILD/GAP8_V2/GCC_RISCV_FREERTOS//gap_sdk/rtos/freeRTOS/vendors/gwt/gap8/pmsis/drivers/fll/fll.o
                0x000000001c019b5e                pi_freq_callback_exec
 .text.pi_fll_frequency_set
                0x000000001c019b80       0x8a /module/deploy/classification/BUILD/GAP8_V2/GCC_RISCV_FREERTOS//gap_sdk/rtos/freeRTOS/vendors/gwt/gap8/pmsis/drivers/fll/fll.o
                0x000000001c019b80                pi_fll_frequency_set
 .text.pi_fll_init
                0x000000001c019c0a       0x40 /module/deploy/classification/BUILD/GAP8_V2/GCC_RISCV_FREERTOS//gap_sdk/rtos/freeRTOS/vendors/gwt/gap8/pmsis/drivers/fll/fll.o
                0x000000001c019c0a                pi_fll_init
 .text.hal_gpio_pin_irq_set
                0x000000001c019c4a       0x1e /module/deploy/classification/BUILD/GAP8_V2/GCC_RISCV_FREERTOS//gap_sdk/rtos/freeRTOS/vendors/gwt/gap8/pmsis/drivers/gpio/gpio.o
 .text.hal_gpio_pin_irq_type_set
                0x000000001c019c68       0x2a /module/deploy/classification/BUILD/GAP8_V2/GCC_RISCV_FREERTOS//gap_sdk/rtos/freeRTOS/vendors/gwt/gap8/pmsis/drivers/gpio/gpio.o
 .text.hal_gpio_pin_config_set
                0x000000001c019c92       0x30 /module/deploy/classification/BUILD/GAP8_V2/GCC_RISCV_FREERTOS//gap_sdk/rtos/freeRTOS/vendors/gwt/gap8/pmsis/drivers/gpio/gpio.o
 .text.gpio_handler
                0x000000001c019cc2       0x82 /module/deploy/classification/BUILD/GAP8_V2/GCC_RISCV_FREERTOS//gap_sdk/rtos/freeRTOS/vendors/gwt/gap8/pmsis/drivers/gpio/gpio.o
 .text.pi_gpio_conf_init
                0x000000001c019d44        0xa /module/deploy/classification/BUILD/GAP8_V2/GCC_RISCV_FREERTOS//gap_sdk/rtos/freeRTOS/vendors/gwt/gap8/pmsis/drivers/gpio/gpio.o
                0x000000001c019d44                pi_gpio_conf_init
 .text.pi_gpio_open
                0x000000001c019d4e       0xa0 /module/deploy/classification/BUILD/GAP8_V2/GCC_RISCV_FREERTOS//gap_sdk/rtos/freeRTOS/vendors/gwt/gap8/pmsis/drivers/gpio/gpio.o
                0x000000001c019d4e                pi_gpio_open
 .text.pi_gpio_pin_configure
                0x000000001c019dee       0xc2 /module/deploy/classification/BUILD/GAP8_V2/GCC_RISCV_FREERTOS//gap_sdk/rtos/freeRTOS/vendors/gwt/gap8/pmsis/drivers/gpio/gpio.o
                0x000000001c019dee                pi_gpio_pin_configure
 .text.pi_gpio_pin_write
                0x000000001c019eb0       0x36 /module/deploy/classification/BUILD/GAP8_V2/GCC_RISCV_FREERTOS//gap_sdk/rtos/freeRTOS/vendors/gwt/gap8/pmsis/drivers/gpio/gpio.o
                0x000000001c019eb0                pi_gpio_pin_write
 .text.pi_gpio_pin_read
                0x000000001c019ee6       0x3c /module/deploy/classification/BUILD/GAP8_V2/GCC_RISCV_FREERTOS//gap_sdk/rtos/freeRTOS/vendors/gwt/gap8/pmsis/drivers/gpio/gpio.o
                0x000000001c019ee6                pi_gpio_pin_read
 .text.pi_gpio_pin_notif_configure
                0x000000001c019f22       0x56 /module/deploy/classification/BUILD/GAP8_V2/GCC_RISCV_FREERTOS//gap_sdk/rtos/freeRTOS/vendors/gwt/gap8/pmsis/drivers/gpio/gpio.o
                0x000000001c019f22                pi_gpio_pin_notif_configure
 .text.pi_gpio_callback_add
                0x000000001c019f78       0x1e /module/deploy/classification/BUILD/GAP8_V2/GCC_RISCV_FREERTOS//gap_sdk/rtos/freeRTOS/vendors/gwt/gap8/pmsis/drivers/gpio/gpio.o
                0x000000001c019f78                pi_gpio_callback_add
 .text.pi_pad_set_function
                0x000000001c019f96       0x34 /module/deploy/classification/BUILD/GAP8_V2/GCC_RISCV_FREERTOS//gap_sdk/rtos/freeRTOS/vendors/gwt/gap8/pmsis/drivers/pad/pad.o
                0x000000001c019f96                pi_pad_set_function
 .text.pi_pad_init
                0x000000001c019fca       0x26 /module/deploy/classification/BUILD/GAP8_V2/GCC_RISCV_FREERTOS//gap_sdk/rtos/freeRTOS/vendors/gwt/gap8/pmsis/drivers/pad/pad.o
                0x000000001c019fca                pi_pad_init
 .text.__pi_pmu_handler
                0x000000001c019ff0       0x1e /module/deploy/classification/BUILD/GAP8_V2/GCC_RISCV_FREERTOS//gap_sdk/rtos/freeRTOS/vendors/gwt/gap8/pmsis/drivers/pmu/pmu_internal.o
 .text.__pi_pmu_task_fifo_enqueue
                0x000000001c01a00e       0x26 /module/deploy/classification/BUILD/GAP8_V2/GCC_RISCV_FREERTOS//gap_sdk/rtos/freeRTOS/vendors/gwt/gap8/pmsis/drivers/pmu/pmu_internal.o
 .text.__pi_pmu_regulator_state_change
                0x000000001c01a034       0xac /module/deploy/classification/BUILD/GAP8_V2/GCC_RISCV_FREERTOS//gap_sdk/rtos/freeRTOS/vendors/gwt/gap8/pmsis/drivers/pmu/pmu_internal.o
 .text.__pi_pmu_init
                0x000000001c01a0e0       0xfa /module/deploy/classification/BUILD/GAP8_V2/GCC_RISCV_FREERTOS//gap_sdk/rtos/freeRTOS/vendors/gwt/gap8/pmsis/drivers/pmu/pmu_internal.o
                0x000000001c01a0e0                __pi_pmu_init
 .text.__pi_pmu_voltage_set
                0x000000001c01a1da       0x8e /module/deploy/classification/BUILD/GAP8_V2/GCC_RISCV_FREERTOS//gap_sdk/rtos/freeRTOS/vendors/gwt/gap8/pmsis/drivers/pmu/pmu_internal.o
                0x000000001c01a1da                __pi_pmu_voltage_set
 .text.__pi_pmu_cluster_power_on
                0x000000001c01a268       0xe6 /module/deploy/classification/BUILD/GAP8_V2/GCC_RISCV_FREERTOS//gap_sdk/rtos/freeRTOS/vendors/gwt/gap8/pmsis/drivers/pmu/pmu_internal.o
                0x000000001c01a268                __pi_pmu_cluster_power_on
 .text.__pi_pmu_cluster_power_off
                0x000000001c01a34e       0x9e /module/deploy/classification/BUILD/GAP8_V2/GCC_RISCV_FREERTOS//gap_sdk/rtos/freeRTOS/vendors/gwt/gap8/pmsis/drivers/pmu/pmu_internal.o
                0x000000001c01a34e                __pi_pmu_cluster_power_off
 .text.pi_timer_init
                0x000000001c01a3ec       0x32 /module/deploy/classification/BUILD/GAP8_V2/GCC_RISCV_FREERTOS//gap_sdk/rtos/freeRTOS/vendors/gwt/gap8/pmsis/drivers/timer/timer.o
                0x000000001c01a3ec                pi_timer_init
 .text.pi_timer_stop
                0x000000001c01a41e       0x26 /module/deploy/classification/BUILD/GAP8_V2/GCC_RISCV_FREERTOS//gap_sdk/rtos/freeRTOS/vendors/gwt/gap8/pmsis/drivers/timer/timer.o
                0x000000001c01a41e                pi_timer_stop
 .text.hal_soc_eu_set_fc_mask
                0x000000001c01a444       0x2e /module/deploy/classification/BUILD/GAP8_V2/GCC_RISCV_FREERTOS//gap_sdk/rtos/freeRTOS/vendors/gwt/gap8/pmsis/drivers/udma/hyperbus/hyperbus.o
 .text.hal_soc_eu_clear_fc_mask
                0x000000001c01a472       0x26 /module/deploy/classification/BUILD/GAP8_V2/GCC_RISCV_FREERTOS//gap_sdk/rtos/freeRTOS/vendors/gwt/gap8/pmsis/drivers/udma/hyperbus/hyperbus.o
 .text.pi_hyper_conf_init
                0x000000001c01a498       0x22 /module/deploy/classification/BUILD/GAP8_V2/GCC_RISCV_FREERTOS//gap_sdk/rtos/freeRTOS/vendors/gwt/gap8/pmsis/drivers/udma/hyperbus/hyperbus.o
                0x000000001c01a498                pi_hyper_conf_init
 .text.pi_hyper_open
                0x000000001c01a4ba       0xe0 /module/deploy/classification/BUILD/GAP8_V2/GCC_RISCV_FREERTOS//gap_sdk/rtos/freeRTOS/vendors/gwt/gap8/pmsis/drivers/udma/hyperbus/hyperbus.o
                0x000000001c01a4ba                pi_hyper_open
 .text.pi_hyper_close
                0x000000001c01a59a       0x90 /module/deploy/classification/BUILD/GAP8_V2/GCC_RISCV_FREERTOS//gap_sdk/rtos/freeRTOS/vendors/gwt/gap8/pmsis/drivers/udma/hyperbus/hyperbus.o
                0x000000001c01a59a                pi_hyper_close
 .text.__pi_hyper_task_fifo_enqueue.isra.4
                0x000000001c01a62a       0x22 /module/deploy/classification/BUILD/GAP8_V2/GCC_RISCV_FREERTOS//gap_sdk/rtos/freeRTOS/vendors/gwt/gap8/pmsis/drivers/udma/hyperbus/hyperbus_internal.o
 .text.__pi_hyper_copy_aligned.isra.6
                0x000000001c01a64c       0x4a /module/deploy/classification/BUILD/GAP8_V2/GCC_RISCV_FREERTOS//gap_sdk/rtos/freeRTOS/vendors/gwt/gap8/pmsis/drivers/udma/hyperbus/hyperbus_internal.o
 .text.__pi_hyper_copy_misaligned
                0x000000001c01a696      0x294 /module/deploy/classification/BUILD/GAP8_V2/GCC_RISCV_FREERTOS//gap_sdk/rtos/freeRTOS/vendors/gwt/gap8/pmsis/drivers/udma/hyperbus/hyperbus_internal.o
 .text.__pi_hyper_copy_exec
                0x000000001c01a92a       0x4a /module/deploy/classification/BUILD/GAP8_V2/GCC_RISCV_FREERTOS//gap_sdk/rtos/freeRTOS/vendors/gwt/gap8/pmsis/drivers/udma/hyperbus/hyperbus_internal.o
 .text.__pi_hyper_settings
                0x000000001c01a974      0x136 /module/deploy/classification/BUILD/GAP8_V2/GCC_RISCV_FREERTOS//gap_sdk/rtos/freeRTOS/vendors/gwt/gap8/pmsis/drivers/udma/hyperbus/hyperbus_internal.o
                0x000000001c01a974                __pi_hyper_settings
 .text.__pi_hyper_pin_settings
                0x000000001c01aaaa       0x2c /module/deploy/classification/BUILD/GAP8_V2/GCC_RISCV_FREERTOS//gap_sdk/rtos/freeRTOS/vendors/gwt/gap8/pmsis/drivers/udma/hyperbus/hyperbus_internal.o
                0x000000001c01aaaa                __pi_hyper_pin_settings
 .text.__pi_hyper_pin_reset_settings
                0x000000001c01aad6       0x2c /module/deploy/classification/BUILD/GAP8_V2/GCC_RISCV_FREERTOS//gap_sdk/rtos/freeRTOS/vendors/gwt/gap8/pmsis/drivers/udma/hyperbus/hyperbus_internal.o
                0x000000001c01aad6                __pi_hyper_pin_reset_settings
 .text.__pi_hyper_copy
                0x000000001c01ab02       0x5e /module/deploy/classification/BUILD/GAP8_V2/GCC_RISCV_FREERTOS//gap_sdk/rtos/freeRTOS/vendors/gwt/gap8/pmsis/drivers/udma/hyperbus/hyperbus_internal.o
                0x000000001c01ab02                __pi_hyper_copy
 .text.__pi_hyper_copy_2d
                0x000000001c01ab60       0x7a /module/deploy/classification/BUILD/GAP8_V2/GCC_RISCV_FREERTOS//gap_sdk/rtos/freeRTOS/vendors/gwt/gap8/pmsis/drivers/udma/hyperbus/hyperbus_internal.o
                0x000000001c01ab60                __pi_hyper_copy_2d
 .text.pi_cpi_conf_init
                0x000000001c01abda        0x2 /module/deploy/classification/BUILD/GAP8_V2/GCC_RISCV_FREERTOS//gap_sdk/rtos/freeRTOS/vendors/gwt/gap8/pmsis/drivers/udma/cpi/cpi.o
                0x000000001c01abda                pi_cpi_conf_init
 .text.pi_cpi_open
                0x000000001c01abdc        0x8 /module/deploy/classification/BUILD/GAP8_V2/GCC_RISCV_FREERTOS//gap_sdk/rtos/freeRTOS/vendors/gwt/gap8/pmsis/drivers/udma/cpi/cpi.o
                0x000000001c01abdc                pi_cpi_open
 .text.pi_cpi_close
                0x000000001c01abe4       0x1e /module/deploy/classification/BUILD/GAP8_V2/GCC_RISCV_FREERTOS//gap_sdk/rtos/freeRTOS/vendors/gwt/gap8/pmsis/drivers/udma/cpi/cpi.o
                0x000000001c01abe4                pi_cpi_close
 .text.pi_cpi_capture_async
                0x000000001c01ac02        0x4 /module/deploy/classification/BUILD/GAP8_V2/GCC_RISCV_FREERTOS//gap_sdk/rtos/freeRTOS/vendors/gwt/gap8/pmsis/drivers/udma/cpi/cpi.o
                0x000000001c01ac02                pi_cpi_capture_async
 .text.__pi_cpi_copy_exec
                0x000000001c01ac06       0x8a /module/deploy/classification/BUILD/GAP8_V2/GCC_RISCV_FREERTOS//gap_sdk/rtos/freeRTOS/vendors/gwt/gap8/pmsis/drivers/udma/cpi/cpi_internal.o
 .text.__pi_cpi_handler
                0x000000001c01ac90      0x128 /module/deploy/classification/BUILD/GAP8_V2/GCC_RISCV_FREERTOS//gap_sdk/rtos/freeRTOS/vendors/gwt/gap8/pmsis/drivers/udma/cpi/cpi_internal.o
 .text.__pi_cpi_conf_init
                0x000000001c01adb8        0xc /module/deploy/classification/BUILD/GAP8_V2/GCC_RISCV_FREERTOS//gap_sdk/rtos/freeRTOS/vendors/gwt/gap8/pmsis/drivers/udma/cpi/cpi_internal.o
                0x000000001c01adb8                __pi_cpi_conf_init
 .text.__pi_cpi_open
                0x000000001c01adc4       0xe0 /module/deploy/classification/BUILD/GAP8_V2/GCC_RISCV_FREERTOS//gap_sdk/rtos/freeRTOS/vendors/gwt/gap8/pmsis/drivers/udma/cpi/cpi_internal.o
                0x000000001c01adc4                __pi_cpi_open
 .text.__pi_cpi_close
                0x000000001c01aea4       0x84 /module/deploy/classification/BUILD/GAP8_V2/GCC_RISCV_FREERTOS//gap_sdk/rtos/freeRTOS/vendors/gwt/gap8/pmsis/drivers/udma/cpi/cpi_internal.o
                0x000000001c01aea4                __pi_cpi_close
 .text.__pi_cpi_copy
                0x000000001c01af28       0x5e /module/deploy/classification/BUILD/GAP8_V2/GCC_RISCV_FREERTOS//gap_sdk/rtos/freeRTOS/vendors/gwt/gap8/pmsis/drivers/udma/cpi/cpi_internal.o
                0x000000001c01af28                __pi_cpi_copy
 .text.pi_i2c_conf_init
                0x000000001c01af86        0x2 /module/deploy/classification/BUILD/GAP8_V2/GCC_RISCV_FREERTOS//gap_sdk/rtos/freeRTOS/vendors/gwt/gap8/pmsis/drivers/udma/i2c/i2c.o
                0x000000001c01af86                pi_i2c_conf_init
 .text.pi_i2c_open
                0x000000001c01af88        0x8 /module/deploy/classification/BUILD/GAP8_V2/GCC_RISCV_FREERTOS//gap_sdk/rtos/freeRTOS/vendors/gwt/gap8/pmsis/drivers/udma/i2c/i2c.o
                0x000000001c01af88                pi_i2c_open
 .text.pi_i2c_read_async
                0x000000001c01af90        0x8 /module/deploy/classification/BUILD/GAP8_V2/GCC_RISCV_FREERTOS//gap_sdk/rtos/freeRTOS/vendors/gwt/gap8/pmsis/drivers/udma/i2c/i2c.o
                0x000000001c01af90                pi_i2c_read_async
 .text.pi_i2c_read
                0x000000001c01af98       0x38 /module/deploy/classification/BUILD/GAP8_V2/GCC_RISCV_FREERTOS//gap_sdk/rtos/freeRTOS/vendors/gwt/gap8/pmsis/drivers/udma/i2c/i2c.o
                0x000000001c01af98                pi_i2c_read
 .text.pi_i2c_write_async
                0x000000001c01afd0        0x8 /module/deploy/classification/BUILD/GAP8_V2/GCC_RISCV_FREERTOS//gap_sdk/rtos/freeRTOS/vendors/gwt/gap8/pmsis/drivers/udma/i2c/i2c.o
                0x000000001c01afd0                pi_i2c_write_async
 .text.pi_i2c_write
                0x000000001c01afd8       0x38 /module/deploy/classification/BUILD/GAP8_V2/GCC_RISCV_FREERTOS//gap_sdk/rtos/freeRTOS/vendors/gwt/gap8/pmsis/drivers/udma/i2c/i2c.o
                0x000000001c01afd8                pi_i2c_write
 .text.hal_soc_eu_set_fc_mask
                0x000000001c01b010       0x2e /module/deploy/classification/BUILD/GAP8_V2/GCC_RISCV_FREERTOS//gap_sdk/rtos/freeRTOS/vendors/gwt/gap8/pmsis/drivers/udma/i2c/i2c_internal.o
 .text.__pi_i2c_clk_div_get
                0x000000001c01b03e       0x38 /module/deploy/classification/BUILD/GAP8_V2/GCC_RISCV_FREERTOS//gap_sdk/rtos/freeRTOS/vendors/gwt/gap8/pmsis/drivers/udma/i2c/i2c_internal.o
 .text.__pi_i2c_freq_cb
                0x000000001c01b076       0x42 /module/deploy/classification/BUILD/GAP8_V2/GCC_RISCV_FREERTOS//gap_sdk/rtos/freeRTOS/vendors/gwt/gap8/pmsis/drivers/udma/i2c/i2c_internal.o
 .text.__pi_i2c_copy_exec_write
                0x000000001c01b0b8       0xc4 /module/deploy/classification/BUILD/GAP8_V2/GCC_RISCV_FREERTOS//gap_sdk/rtos/freeRTOS/vendors/gwt/gap8/pmsis/drivers/udma/i2c/i2c_internal.o
 .text.__pi_i2c_copy_exec_read
                0x000000001c01b17c       0xce /module/deploy/classification/BUILD/GAP8_V2/GCC_RISCV_FREERTOS//gap_sdk/rtos/freeRTOS/vendors/gwt/gap8/pmsis/drivers/udma/i2c/i2c_internal.o
 .text.__pi_i2c_handler
                0x000000001c01b24a      0x114 /module/deploy/classification/BUILD/GAP8_V2/GCC_RISCV_FREERTOS//gap_sdk/rtos/freeRTOS/vendors/gwt/gap8/pmsis/drivers/udma/i2c/i2c_internal.o
 .text.__pi_i2c_conf_init
                0x000000001c01b35e       0x18 /module/deploy/classification/BUILD/GAP8_V2/GCC_RISCV_FREERTOS//gap_sdk/rtos/freeRTOS/vendors/gwt/gap8/pmsis/drivers/udma/i2c/i2c_internal.o
                0x000000001c01b35e                __pi_i2c_conf_init
 .text.__pi_i2c_open
                0x000000001c01b376      0x164 /module/deploy/classification/BUILD/GAP8_V2/GCC_RISCV_FREERTOS//gap_sdk/rtos/freeRTOS/vendors/gwt/gap8/pmsis/drivers/udma/i2c/i2c_internal.o
                0x000000001c01b376                __pi_i2c_open
 .text.__pi_i2c_copy
                0x000000001c01b4da       0x6a /module/deploy/classification/BUILD/GAP8_V2/GCC_RISCV_FREERTOS//gap_sdk/rtos/freeRTOS/vendors/gwt/gap8/pmsis/drivers/udma/i2c/i2c_internal.o
                0x000000001c01b4da                __pi_i2c_copy
 .text.pi_task_block
                0x000000001c01b544        0x4 /module/deploy/classification/BUILD/GAP8_V2/GCC_RISCV_FREERTOS//gap_sdk/rtos/freeRTOS/vendors/gwt/gap8/pmsis/drivers/udma/spi/spi.o
 .text.pi_spi_open
                0x000000001c01b548       0x1c /module/deploy/classification/BUILD/GAP8_V2/GCC_RISCV_FREERTOS//gap_sdk/rtos/freeRTOS/vendors/gwt/gap8/pmsis/drivers/udma/spi/spi.o
                0x000000001c01b548                pi_spi_open
 .text.pi_spi_transfer_async
                0x000000001c01b564        0x4 /module/deploy/classification/BUILD/GAP8_V2/GCC_RISCV_FREERTOS//gap_sdk/rtos/freeRTOS/vendors/gwt/gap8/pmsis/drivers/udma/spi/spi.o
                0x000000001c01b564                pi_spi_transfer_async
 .text.pi_spi_transfer
                0x000000001c01b568       0x3a /module/deploy/classification/BUILD/GAP8_V2/GCC_RISCV_FREERTOS//gap_sdk/rtos/freeRTOS/vendors/gwt/gap8/pmsis/drivers/udma/spi/spi.o
                0x000000001c01b568                pi_spi_transfer
 .text.hal_soc_eu_set_fc_mask
                0x000000001c01b5a2       0x2e /module/deploy/classification/BUILD/GAP8_V2/GCC_RISCV_FREERTOS//gap_sdk/rtos/freeRTOS/vendors/gwt/gap8/pmsis/drivers/udma/spi/spi_internal.o
 .text.hal_soc_eu_clear_fc_mask
                0x000000001c01b5d0       0x26 /module/deploy/classification/BUILD/GAP8_V2/GCC_RISCV_FREERTOS//gap_sdk/rtos/freeRTOS/vendors/gwt/gap8/pmsis/drivers/udma/spi/spi_internal.o
 .text.__pi_spim_drv_fifo_enqueue
                0x000000001c01b5f6       0x36 /module/deploy/classification/BUILD/GAP8_V2/GCC_RISCV_FREERTOS//gap_sdk/rtos/freeRTOS/vendors/gwt/gap8/pmsis/drivers/udma/spi/spi_internal.o
 .text.__pi_spim_drv_fifo_enqueue_task.isra.0
                0x000000001c01b62c       0x1c /module/deploy/classification/BUILD/GAP8_V2/GCC_RISCV_FREERTOS//gap_sdk/rtos/freeRTOS/vendors/gwt/gap8/pmsis/drivers/udma/spi/spi_internal.o
 .text.__pi_spi_clk_div_get
                0x000000001c01b648       0x34 /module/deploy/classification/BUILD/GAP8_V2/GCC_RISCV_FREERTOS//gap_sdk/rtos/freeRTOS/vendors/gwt/gap8/pmsis/drivers/udma/spi/spi_internal.o
 .text.__pi_spi_freq_cb
                0x000000001c01b67c       0x64 /module/deploy/classification/BUILD/GAP8_V2/GCC_RISCV_FREERTOS//gap_sdk/rtos/freeRTOS/vendors/gwt/gap8/pmsis/drivers/udma/spi/spi_internal.o
                0x000000001c01b67c                __pi_spi_freq_cb
 .text.pi_spi_conf_init
                0x000000001c01b6e0       0x26 /module/deploy/classification/BUILD/GAP8_V2/GCC_RISCV_FREERTOS//gap_sdk/rtos/freeRTOS/vendors/gwt/gap8/pmsis/drivers/udma/spi/spi_internal.o
                0x000000001c01b6e0                pi_spi_conf_init
 .text.__pi_spi_open
                0x000000001c01b706      0x254 /module/deploy/classification/BUILD/GAP8_V2/GCC_RISCV_FREERTOS//gap_sdk/rtos/freeRTOS/vendors/gwt/gap8/pmsis/drivers/udma/spi/spi_internal.o
                0x000000001c01b706                __pi_spi_open
 .text.__pi_spi_receive_async
                0x000000001c01b95a       0xda /module/deploy/classification/BUILD/GAP8_V2/GCC_RISCV_FREERTOS//gap_sdk/rtos/freeRTOS/vendors/gwt/gap8/pmsis/drivers/udma/spi/spi_internal.o
                0x000000001c01b95a                __pi_spi_receive_async
 .text.__pi_spi_send_async
                0x000000001c01ba34      0x108 /module/deploy/classification/BUILD/GAP8_V2/GCC_RISCV_FREERTOS//gap_sdk/rtos/freeRTOS/vendors/gwt/gap8/pmsis/drivers/udma/spi/spi_internal.o
                0x000000001c01ba34                __pi_spi_send_async
 .text.__pi_spi_xfer_async
                0x000000001c01bb3c       0xfe /module/deploy/classification/BUILD/GAP8_V2/GCC_RISCV_FREERTOS//gap_sdk/rtos/freeRTOS/vendors/gwt/gap8/pmsis/drivers/udma/spi/spi_internal.o
                0x000000001c01bb3c                __pi_spi_xfer_async
 .text.__ucode_patch
                0x000000001c01bc3a       0x2e /module/deploy/classification/BUILD/GAP8_V2/GCC_RISCV_FREERTOS//gap_sdk/rtos/freeRTOS/vendors/gwt/gap8/pmsis/drivers/udma/spi/spi_internal.o
                0x000000001c01bc3a                __ucode_patch
 .text.__spi_cpy_read_aligned
                0x000000001c01bc68      0x176 /module/deploy/classification/BUILD/GAP8_V2/GCC_RISCV_FREERTOS//gap_sdk/rtos/freeRTOS/vendors/gwt/gap8/pmsis/drivers/udma/spi/spi_internal.o
 .text.__spi_cpy_send_aligned
                0x000000001c01bdde      0x166 /module/deploy/classification/BUILD/GAP8_V2/GCC_RISCV_FREERTOS//gap_sdk/rtos/freeRTOS/vendors/gwt/gap8/pmsis/drivers/udma/spi/spi_internal.o
 .text.__pi_spim_exec_post_transfer
                0x000000001c01bf44       0x1c /module/deploy/classification/BUILD/GAP8_V2/GCC_RISCV_FREERTOS//gap_sdk/rtos/freeRTOS/vendors/gwt/gap8/pmsis/drivers/udma/spi/spi_internal.o
 .text.__pi_spi_copy_async
                0x000000001c01bf60      0x418 /module/deploy/classification/BUILD/GAP8_V2/GCC_RISCV_FREERTOS//gap_sdk/rtos/freeRTOS/vendors/gwt/gap8/pmsis/drivers/udma/spi/spi_internal.o
                0x000000001c01bf60                __pi_spi_copy_async
 .text.__pi_spi_copy_async_2d
                0x000000001c01c378       0xb0 /module/deploy/classification/BUILD/GAP8_V2/GCC_RISCV_FREERTOS//gap_sdk/rtos/freeRTOS/vendors/gwt/gap8/pmsis/drivers/udma/spi/spi_internal.o
                0x000000001c01c378                __pi_spi_copy_async_2d
 .text.spim_eot_handler
                0x000000001c01c428      0x20c /module/deploy/classification/BUILD/GAP8_V2/GCC_RISCV_FREERTOS//gap_sdk/rtos/freeRTOS/vendors/gwt/gap8/pmsis/drivers/udma/spi/spi_internal.o
                0x000000001c01c428                spim_eot_handler
 .text.spim_tx_handler
                0x000000001c01c634       0x20 /module/deploy/classification/BUILD/GAP8_V2/GCC_RISCV_FREERTOS//gap_sdk/rtos/freeRTOS/vendors/gwt/gap8/pmsis/drivers/udma/spi/spi_internal.o
                0x000000001c01c634                spim_tx_handler
 .text.spim_rx_handler
                0x000000001c01c654       0x20 /module/deploy/classification/BUILD/GAP8_V2/GCC_RISCV_FREERTOS//gap_sdk/rtos/freeRTOS/vendors/gwt/gap8/pmsis/drivers/udma/spi/spi_internal.o
                0x000000001c01c654                spim_rx_handler
 .text.pi_uart_conf_init
                0x000000001c01c674        0x2 /module/deploy/classification/BUILD/GAP8_V2/GCC_RISCV_FREERTOS//gap_sdk/rtos/freeRTOS/vendors/gwt/gap8/pmsis/drivers/udma/uart/uart.o
                0x000000001c01c674                pi_uart_conf_init
 .text.pi_uart_open
                0x000000001c01c676        0x6 /module/deploy/classification/BUILD/GAP8_V2/GCC_RISCV_FREERTOS//gap_sdk/rtos/freeRTOS/vendors/gwt/gap8/pmsis/drivers/udma/uart/uart.o
                0x000000001c01c676                pi_uart_open
 .text.pi_uart_close
                0x000000001c01c67c       0x1e /module/deploy/classification/BUILD/GAP8_V2/GCC_RISCV_FREERTOS//gap_sdk/rtos/freeRTOS/vendors/gwt/gap8/pmsis/drivers/udma/uart/uart.o
                0x000000001c01c67c                pi_uart_close
 .text.pi_uart_write_async
                0x000000001c01c69a        0x8 /module/deploy/classification/BUILD/GAP8_V2/GCC_RISCV_FREERTOS//gap_sdk/rtos/freeRTOS/vendors/gwt/gap8/pmsis/drivers/udma/uart/uart.o
                0x000000001c01c69a                pi_uart_write_async
 .text.pi_uart_write
                0x000000001c01c6a2       0x4a /module/deploy/classification/BUILD/GAP8_V2/GCC_RISCV_FREERTOS//gap_sdk/rtos/freeRTOS/vendors/gwt/gap8/pmsis/drivers/udma/uart/uart.o
                0x000000001c01c6a2                pi_uart_write
 .text.hal_soc_eu_set_fc_mask
                0x000000001c01c6ec       0x2e /module/deploy/classification/BUILD/GAP8_V2/GCC_RISCV_FREERTOS//gap_sdk/rtos/freeRTOS/vendors/gwt/gap8/pmsis/drivers/udma/uart/uart_internal.o
 .text.hal_soc_eu_clear_fc_mask
                0x000000001c01c71a       0x26 /module/deploy/classification/BUILD/GAP8_V2/GCC_RISCV_FREERTOS//gap_sdk/rtos/freeRTOS/vendors/gwt/gap8/pmsis/drivers/udma/uart/uart_internal.o
 .text.__pi_uart_copy_exec.isra.3
                0x000000001c01c740       0x44 /module/deploy/classification/BUILD/GAP8_V2/GCC_RISCV_FREERTOS//gap_sdk/rtos/freeRTOS/vendors/gwt/gap8/pmsis/drivers/udma/uart/uart_internal.o
 .text.__pi_uart_handler
                0x000000001c01c784       0x84 /module/deploy/classification/BUILD/GAP8_V2/GCC_RISCV_FREERTOS//gap_sdk/rtos/freeRTOS/vendors/gwt/gap8/pmsis/drivers/udma/uart/uart_internal.o
 .text.hal_uart_tx_enable
                0x000000001c01c808       0x14 /module/deploy/classification/BUILD/GAP8_V2/GCC_RISCV_FREERTOS//gap_sdk/rtos/freeRTOS/vendors/gwt/gap8/pmsis/drivers/udma/uart/uart_internal.o
 .text.hal_uart_tx_disable
                0x000000001c01c81c       0x14 /module/deploy/classification/BUILD/GAP8_V2/GCC_RISCV_FREERTOS//gap_sdk/rtos/freeRTOS/vendors/gwt/gap8/pmsis/drivers/udma/uart/uart_internal.o
 .text.hal_uart_rx_enable
                0x000000001c01c830       0x14 /module/deploy/classification/BUILD/GAP8_V2/GCC_RISCV_FREERTOS//gap_sdk/rtos/freeRTOS/vendors/gwt/gap8/pmsis/drivers/udma/uart/uart_internal.o
 .text.hal_uart_rx_disable
                0x000000001c01c844       0x14 /module/deploy/classification/BUILD/GAP8_V2/GCC_RISCV_FREERTOS//gap_sdk/rtos/freeRTOS/vendors/gwt/gap8/pmsis/drivers/udma/uart/uart_internal.o
 .text.__pi_uart_freq_cb
                0x000000001c01c858       0x7e /module/deploy/classification/BUILD/GAP8_V2/GCC_RISCV_FREERTOS//gap_sdk/rtos/freeRTOS/vendors/gwt/gap8/pmsis/drivers/udma/uart/uart_internal.o
 .text.__pi_uart_conf_set
                0x000000001c01c8d6       0x7a /module/deploy/classification/BUILD/GAP8_V2/GCC_RISCV_FREERTOS//gap_sdk/rtos/freeRTOS/vendors/gwt/gap8/pmsis/drivers/udma/uart/uart_internal.o
 .text.__pi_uart_conf_init
                0x000000001c01c950       0x18 /module/deploy/classification/BUILD/GAP8_V2/GCC_RISCV_FREERTOS//gap_sdk/rtos/freeRTOS/vendors/gwt/gap8/pmsis/drivers/udma/uart/uart_internal.o
                0x000000001c01c950                __pi_uart_conf_init
 .text.__pi_uart_open
                0x000000001c01c968       0xf0 /module/deploy/classification/BUILD/GAP8_V2/GCC_RISCV_FREERTOS//gap_sdk/rtos/freeRTOS/vendors/gwt/gap8/pmsis/drivers/udma/uart/uart_internal.o
                0x000000001c01c968                __pi_uart_open
 .text.__pi_uart_close
                0x000000001c01ca58       0xe4 /module/deploy/classification/BUILD/GAP8_V2/GCC_RISCV_FREERTOS//gap_sdk/rtos/freeRTOS/vendors/gwt/gap8/pmsis/drivers/udma/uart/uart_internal.o
                0x000000001c01ca58                __pi_uart_close
 .text.__pi_uart_copy
                0x000000001c01cb3c       0x7a /module/deploy/classification/BUILD/GAP8_V2/GCC_RISCV_FREERTOS//gap_sdk/rtos/freeRTOS/vendors/gwt/gap8/pmsis/drivers/udma/uart/uart_internal.o
                0x000000001c01cb3c                __pi_uart_copy
 .text.pi_flash_open
                0x000000001c01cbb6        0xc /module/deploy/classification/BUILD/GAP8_V2/GCC_RISCV_FREERTOS//gap_sdk/rtos/pmsis/bsp/flash/flash.o
                0x000000001c01cbb6                pi_flash_open
 .text.__flash_conf_init
                0x000000001c01cbc2        0x2 /module/deploy/classification/BUILD/GAP8_V2/GCC_RISCV_FREERTOS//gap_sdk/rtos/pmsis/bsp/flash/flash.o
                0x000000001c01cbc2                __flash_conf_init
 .text.pi_partition_get_flash_offset
                0x000000001c01cbc4        0xa /module/deploy/classification/BUILD/GAP8_V2/GCC_RISCV_FREERTOS//gap_sdk/rtos/pmsis/bsp/partition/partition.o
                0x000000001c01cbc4                pi_partition_get_flash_offset
 .text.pi_partition_table_free
                0x000000001c01cbce        0x2 /module/deploy/classification/BUILD/GAP8_V2/GCC_RISCV_FREERTOS//gap_sdk/rtos/pmsis/bsp/partition/partition.o
                0x000000001c01cbce                pi_partition_table_free
 .text.pi_partition_table_load
                0x000000001c01cbd0        0x4 /module/deploy/classification/BUILD/GAP8_V2/GCC_RISCV_FREERTOS//gap_sdk/rtos/pmsis/bsp/partition/partition.o
                0x000000001c01cbd0                pi_partition_table_load
 .text.pi_partition_find_first
                0x000000001c01cbd4       0x5e /module/deploy/classification/BUILD/GAP8_V2/GCC_RISCV_FREERTOS//gap_sdk/rtos/pmsis/bsp/partition/partition.o
                0x000000001c01cbd4                pi_partition_find_first
 .text.flash_partition_table_verify
                0x000000001c01cc32       0x74 /module/deploy/classification/BUILD/GAP8_V2/GCC_RISCV_FREERTOS//gap_sdk/rtos/pmsis/bsp/partition/flash_partition.o
                0x000000001c01cc32                flash_partition_table_verify
 .text.flash_partition_table_load
                0x000000001c01cca6      0x130 /module/deploy/classification/BUILD/GAP8_V2/GCC_RISCV_FREERTOS//gap_sdk/rtos/pmsis/bsp/partition/flash_partition.o
                0x000000001c01cca6                flash_partition_table_load
 .text.flash_partition_table_free
                0x000000001c01cdd6       0x24 /module/deploy/classification/BUILD/GAP8_V2/GCC_RISCV_FREERTOS//gap_sdk/rtos/pmsis/bsp/partition/flash_partition.o
                0x000000001c01cdd6                flash_partition_table_free
 .text.flash_partition_find_first
                0x000000001c01cdfa       0x6c /module/deploy/classification/BUILD/GAP8_V2/GCC_RISCV_FREERTOS//gap_sdk/rtos/pmsis/bsp/partition/flash_partition.o
                0x000000001c01cdfa                flash_partition_find_first
 .text.body     0x000000001c01ce66      0x8d6 /module/deploy/classification/BUILD/GAP8_V2/GCC_RISCV_FREERTOS//gap_sdk/rtos/pmsis/bsp/crc/md5.o
 .text.MD5_Init
                0x000000001c01d73c       0x32 /module/deploy/classification/BUILD/GAP8_V2/GCC_RISCV_FREERTOS//gap_sdk/rtos/pmsis/bsp/crc/md5.o
                0x000000001c01d73c                MD5_Init
 .text.MD5_Update
                0x000000001c01d76e       0x9c /module/deploy/classification/BUILD/GAP8_V2/GCC_RISCV_FREERTOS//gap_sdk/rtos/pmsis/bsp/crc/md5.o
                0x000000001c01d76e                MD5_Update
 .text.MD5_Final
                0x000000001c01d80a      0x138 /module/deploy/classification/BUILD/GAP8_V2/GCC_RISCV_FREERTOS//gap_sdk/rtos/pmsis/bsp/crc/md5.o
                0x000000001c01d80a                MD5_Final
 .text.pi_fs_conf_init
                0x000000001c01d942       0x12 /module/deploy/classification/BUILD/GAP8_V2/GCC_RISCV_FREERTOS//gap_sdk/rtos/pmsis/bsp/fs/fs.o
                0x000000001c01d942                pi_fs_conf_init
 .text.pi_fs_mount
                0x000000001c01d954       0x2c /module/deploy/classification/BUILD/GAP8_V2/GCC_RISCV_FREERTOS//gap_sdk/rtos/pmsis/bsp/fs/fs.o
                0x000000001c01d954                pi_fs_mount
 .text.pi_fs_unmount
                0x000000001c01d980        0x8 /module/deploy/classification/BUILD/GAP8_V2/GCC_RISCV_FREERTOS//gap_sdk/rtos/pmsis/bsp/fs/fs.o
                0x000000001c01d980                pi_fs_unmount
 .text.pi_fs_open
                0x000000001c01d988        0x8 /module/deploy/classification/BUILD/GAP8_V2/GCC_RISCV_FREERTOS//gap_sdk/rtos/pmsis/bsp/fs/fs.o
                0x000000001c01d988                pi_fs_open
 .text.pi_fs_read_async
                0x000000001c01d990        0x8 /module/deploy/classification/BUILD/GAP8_V2/GCC_RISCV_FREERTOS//gap_sdk/rtos/pmsis/bsp/fs/fs.o
                0x000000001c01d990                pi_fs_read_async
 .text.pi_fs_read
                0x000000001c01d998       0x30 /module/deploy/classification/BUILD/GAP8_V2/GCC_RISCV_FREERTOS//gap_sdk/rtos/pmsis/bsp/fs/fs.o
                0x000000001c01d998                pi_fs_read
 .text.pi_fs_write_async
                0x000000001c01d9c8        0x8 /module/deploy/classification/BUILD/GAP8_V2/GCC_RISCV_FREERTOS//gap_sdk/rtos/pmsis/bsp/fs/fs.o
                0x000000001c01d9c8                pi_fs_write_async
 .text.pi_fs_write
                0x000000001c01d9d0       0x30 /module/deploy/classification/BUILD/GAP8_V2/GCC_RISCV_FREERTOS//gap_sdk/rtos/pmsis/bsp/fs/fs.o
                0x000000001c01d9d0                pi_fs_write
 .text.pi_fs_copy_async
                0x000000001c01da00        0xa /module/deploy/classification/BUILD/GAP8_V2/GCC_RISCV_FREERTOS//gap_sdk/rtos/pmsis/bsp/fs/fs.o
                0x000000001c01da00                pi_fs_copy_async
 .text.pi_flash_read_async