Archive member included to satisfy reference by file (symbol)

/usr/lib/gap_riscv_toolchain/bin/../lib/gcc/riscv32-unknown-elf/7.1.1/rv32imcxgap8/ilp32/libgcc.a(_bswapsi2.o)
                              /module/deploy/classification/BUILD/GAP8_V2/GCC_RISCV_FREERTOS//gap_sdk/rtos/pmsis/bsp/fs/lfs/lfs.o (__bswapsi2)
/usr/lib/gap_riscv_toolchain/bin/../lib/gcc/riscv32-unknown-elf/7.1.1/rv32imcxgap8/ilp32/libgcc.a(_divdi3.o)
                              /module/deploy/classification/BUILD/GAP8_V2/GCC_RISCV_FREERTOS//gap_sdk/rtos/freeRTOS/vendors/gwt/pmsis/backend/pmsis_backend_native_task_api.o (__divdi3)
/usr/lib/gap_riscv_toolchain/bin/../lib/gcc/riscv32-unknown-elf/7.1.1/rv32imcxgap8/ilp32/libgcc.a(_udivdi3.o)
                              /module/deploy/classification/BUILD/GAP8_V2/GCC_RISCV_FREERTOS//gap_sdk/rtos/freeRTOS/vendors/gwt/pmsis/backend/pmsis_backend_native_task_api.o (__udivdi3)
/usr/lib/gap_riscv_toolchain/bin/../lib/gcc/riscv32-unknown-elf/7.1.1/rv32imcxgap8/ilp32/libgcc.a(adddf3.o)
                              /module/deploy/classification/BUILD/GAP8_V2/GCC_RISCV_FREERTOS//gap_sdk/rtos/freeRTOS/vendors/gwt/libs/printf/printf.o (__adddf3)
/usr/lib/gap_riscv_toolchain/bin/../lib/gcc/riscv32-unknown-elf/7.1.1/rv32imcxgap8/ilp32/libgcc.a(divdf3.o)
                              /module/deploy/classification/BUILD/GAP8_V2/GCC_RISCV_FREERTOS//gap_sdk/tools/autotiler_v3/DSP_Libraries/FFT_Library.o (__divdf3)
/usr/lib/gap_riscv_toolchain/bin/../lib/gcc/riscv32-unknown-elf/7.1.1/rv32imcxgap8/ilp32/libgcc.a(eqdf2.o)
                              /module/deploy/classification/BUILD/GAP8_V2/GCC_RISCV_FREERTOS//gap_sdk/rtos/freeRTOS/vendors/gwt/libs/printf/printf.o (__nedf2)
/usr/lib/gap_riscv_toolchain/bin/../lib/gcc/riscv32-unknown-elf/7.1.1/rv32imcxgap8/ilp32/libgcc.a(gedf2.o)
                              /module/deploy/classification/BUILD/GAP8_V2/GCC_RISCV_FREERTOS//gap_sdk/rtos/freeRTOS/vendors/gwt/libs/printf/printf.o (__gedf2)
/usr/lib/gap_riscv_toolchain/bin/../lib/gcc/riscv32-unknown-elf/7.1.1/rv32imcxgap8/ilp32/libgcc.a(ledf2.o)
                              /module/deploy/classification/BUILD/GAP8_V2/GCC_RISCV_FREERTOS//gap_sdk/rtos/freeRTOS/vendors/gwt/libs/printf/printf.o (__ledf2)
/usr/lib/gap_riscv_toolchain/bin/../lib/gcc/riscv32-unknown-elf/7.1.1/rv32imcxgap8/ilp32/libgcc.a(muldf3.o)
                              /module/deploy/classification/BUILD/GAP8_V2/GCC_RISCV_FREERTOS//gap_sdk/rtos/freeRTOS/vendors/gwt/libs/printf/printf.o (__muldf3)
/usr/lib/gap_riscv_toolchain/bin/../lib/gcc/riscv32-unknown-elf/7.1.1/rv32imcxgap8/ilp32/libgcc.a(subdf3.o)
                              /module/deploy/classification/BUILD/GAP8_V2/GCC_RISCV_FREERTOS//gap_sdk/rtos/freeRTOS/vendors/gwt/libs/printf/printf.o (__subdf3)
/usr/lib/gap_riscv_toolchain/bin/../lib/gcc/riscv32-unknown-elf/7.1.1/rv32imcxgap8/ilp32/libgcc.a(fixdfsi.o)
                              /module/deploy/classification/BUILD/GAP8_V2/GCC_RISCV_FREERTOS//gap_sdk/tools/autotiler_v3/DSP_Libraries/CmplxFunctions.o (__fixdfsi)
/usr/lib/gap_riscv_toolchain/bin/../lib/gcc/riscv32-unknown-elf/7.1.1/rv32imcxgap8/ilp32/libgcc.a(fixunsdfsi.o)
                              /module/deploy/classification/BUILD/GAP8_V2/GCC_RISCV_FREERTOS//gap_sdk/rtos/freeRTOS/vendors/gwt/libs/printf/printf.o (__fixunsdfsi)
/usr/lib/gap_riscv_toolchain/bin/../lib/gcc/riscv32-unknown-elf/7.1.1/rv32imcxgap8/ilp32/libgcc.a(floatsidf.o)
                              /module/deploy/classification/BUILD/GAP8_V2/GCC_RISCV_FREERTOS//gap_sdk/tools/autotiler_v3/DSP_Libraries/CmplxFunctions.o (__floatsidf)
/usr/lib/gap_riscv_toolchain/bin/../lib/gcc/riscv32-unknown-elf/7.1.1/rv32imcxgap8/ilp32/libgcc.a(floatunsidf.o)
                              /module/deploy/classification/BUILD/GAP8_V2/GCC_RISCV_FREERTOS//gap_sdk/rtos/freeRTOS/vendors/gwt/libs/printf/printf.o (__floatunsidf)
/usr/lib/gap_riscv_toolchain/bin/../lib/gcc/riscv32-unknown-elf/7.1.1/rv32imcxgap8/ilp32/libgcc.a(addsf3.o)
                              /module/deploy/classification/BUILD/GAP8_V2/GCC_RISCV_FREERTOS//gap_sdk/tools/autotiler_v3/CNN_Libraries/CNN_Copy.o (__addsf3)
/usr/lib/gap_riscv_toolchain/bin/../lib/gcc/riscv32-unknown-elf/7.1.1/rv32imcxgap8/ilp32/libgcc.a(divsf3.o)
                              /module/deploy/classification/BUILD/GAP8_V2/GCC_RISCV_FREERTOS//gap_sdk/tools/autotiler_v3/DSP_Libraries/FFT_Library.o (__divsf3)
/usr/lib/gap_riscv_toolchain/bin/../lib/gcc/riscv32-unknown-elf/7.1.1/rv32imcxgap8/ilp32/libgcc.a(eqsf2.o)
                              /module/deploy/classification/BUILD/GAP8_V2/GCC_RISCV_FREERTOS//gap_sdk/tools/autotiler_v3/DSP_Libraries/MfccBasicKernels.o (__nesf2)
/usr/lib/gap_riscv_toolchain/bin/../lib/gcc/riscv32-unknown-elf/7.1.1/rv32imcxgap8/ilp32/libgcc.a(gesf2.o)
                              /module/deploy/classification/BUILD/GAP8_V2/GCC_RISCV_FREERTOS//gap_sdk/tools/autotiler_v3/CNN_Libraries/CNN_Copy.o (__gtsf2)
[...]
Memory Configuration

Name             Origin             Length             Attributes
FC_tcdm          0x000000001b000000 0x0000000000004000
fc_tcdm_aliased  0x0000000000000004 0x0000000000003ffc
L2               0x000000001c000000 0x0000000000080000
L1_sram          0x0000000010000000 0x0000000000010000
*default*        0x0000000000000000 0xffffffffffffffff

Linker script and memory map

LOAD /module/deploy/classification/BUILD/GAP8_V2/GCC_RISCV_FREERTOS/classification.o
LOAD /module/deploy/classification/BUILD/GAP8_V2/GCC_RISCV_FREERTOS/../lib/cpx/src/com.o
LOAD /module/deploy/classification/BUILD/GAP8_V2/GCC_RISCV_FREERTOS/../lib/cpx/src/cpx.o
LOAD /module/deploy/classification/BUILD/GAP8_V2/GCC_RISCV_FREERTOS/BUILD_MODEL_SQ8BIT/classificationKernels.o
LOAD /module/deploy/classification/BUILD/GAP8_V2/GCC_RISCV_FREERTOS//gap_sdk/libs/gap_lib/img_io/ImgIO.o
LOAD /module/deploy/classification/BUILD/GAP8_V2/GCC_RISCV_FREERTOS//gap_sdk/tools/autotiler_v3/CNN_Libraries/SSD_BasicKernels.o
LOAD /module/deploy/classification/BUILD/GAP8_V2/GCC_RISCV_FREERTOS//gap_sdk/tools/autotiler_v3/Generators/BilinearResizes/ResizeBasicKernels.o
LOAD /module/deploy/classification/BUILD/GAP8_V2/GCC_RISCV_FREERTOS//gap_sdk/tools/autotiler_v3/CNN_Libraries/CNN_Copy.o
LOAD /module/deploy/classification/BUILD/GAP8_V2/GCC_RISCV_FREERTOS//gap_sdk/tools/autotiler_v3/CNN_Libraries_SQ8/CNN_AT_Misc.o
LOAD /module/deploy/classification/BUILD/GAP8_V2/GCC_RISCV_FREERTOS//gap_sdk/tools/autotiler_v3/DSP_Libraries/CmplxFunctions.o
LOAD /module/deploy/classification/BUILD/GAP8_V2/GCC_RISCV_FREERTOS//gap_sdk/tools/autotiler_v3/DSP_Libraries/MatMulDSP.o
LOAD /module/deploy/classification/BUILD/GAP8_V2/GCC_RISCV_FREERTOS//gap_sdk/tools/autotiler_v3/DSP_Libraries/FFT_Library.o
LOAD /module/deploy/classification/BUILD/GAP8_V2/GCC_RISCV_FREERTOS//gap_sdk/tools/autotiler_v3/DSP_Libraries/MfccBasicKernels.o
LOAD /module/deploy/classification/BUILD/GAP8_V2/GCC_RISCV_FREERTOS//gap_sdk/tools/autotiler_v3/DSP_Libraries/PreProcessing.o
LOAD /module/deploy/classification/BUILD/GAP8_V2/GCC_RISCV_FREERTOS//gap_sdk/tools/autotiler_v3/DSP_Libraries/math_funcs.o
LOAD /module/deploy/classification/BUILD/GAP8_V2/GCC_RISCV_FREERTOS//gap_sdk/tools/autotiler_v3/DSP_Libraries/pulp_dsp/plp_cos_f32s_xpulpv2.o
LOAD /module/deploy/classification/BUILD/GAP8_V2/GCC_RISCV_FREERTOS//gap_sdk/tools/autotiler_v3/DSP_Libraries/pulp_dsp/plp_sin_f32s_xpulpv2.o
LOAD /module/deploy/classification/BUILD/GAP8_V2/GCC_RISCV_FREERTOS//gap_sdk/tools/autotiler_v3/DSP_Libraries/pulp_dsp/plp_common_tables.o
LOAD /module/deploy/classification/BUILD/GAP8_V2/GCC_RISCV_FREERTOS//gap_sdk/tools/autotiler_v3/CNN_Libraries_SQ8/CNN_Activation_SQ8.o
LOAD /module/deploy/classification/BUILD/GAP8_V2/GCC_RISCV_FREERTOS//gap_sdk/tools/autotiler_v3/CNN_Libraries_SQ8/CNN_Activation_HWC_SQ8.o
LOAD /module/deploy/classification/BUILD/GAP8_V2/GCC_RISCV_FREERTOS//gap_sdk/tools/autotiler_v3/CNN_Libraries_SQ8/CNN_Bias_Linear_SQ8.o
LOAD /module/deploy/classification/BUILD/GAP8_V2/GCC_RISCV_FREERTOS//gap_sdk/tools/autotiler_v3/CNN_Libraries_SQ8/CNN_Conv_SQ8.o
LOAD /module/deploy/classification/BUILD/GAP8_V2/GCC_RISCV_FREERTOS//gap_sdk/tools/autotiler_v3/CNN_Libraries_SQ8/CNN_MatMul_Conv_SQ8.o
LOAD /module/deploy/classification/BUILD/GAP8_V2/GCC_RISCV_FREERTOS//gap_sdk/tools/autotiler_v3/CNN_Libraries_SQ8/CNN_Pooling_SQ8.o
LOAD /module/deploy/classification/BUILD/GAP8_V2/GCC_RISCV_FREERTOS//gap_sdk/tools/autotiler_v3/CNN_Libraries_SQ8/CNN_Conv_DW_SQ8.o
LOAD /module/deploy/classification/BUILD/GAP8_V2/GCC_RISCV_FREERTOS//gap_sdk/tools/autotiler_v3/CNN_Libraries_SQ8/CNN_Conv_DW_Red_SQ8.o
LOAD /module/deploy/classification/BUILD/GAP8_V2/GCC_RISCV_FREERTOS//gap_sdk/tools/autotiler_v3/CNN_Libraries_SQ8/CNN_MatAlgebra_SQ8.o
LOAD /module/deploy/classification/BUILD/GAP8_V2/GCC_RISCV_FREERTOS//gap_sdk/tools/autotiler_v3/CNN_Libraries_SQ8/CNN_SoftMax_SQ8.o
LOAD /module/deploy/classification/BUILD/GAP8_V2/GCC_RISCV_FREERTOS//gap_sdk/tools/autotiler_v3/CNN_Libraries_SQ8/RNN_SQ8.o
LOAD /module/deploy/classification/BUILD/GAP8_V2/GCC_RISCV_FREERTOS//gap_sdk/rtos/freeRTOS/vendors/gwt/gap8/src/device/startup_gap8.o
LOAD /module/deploy/classification/BUILD/GAP8_V2/GCC_RISCV_FREERTOS//gap_sdk/rtos/freeRTOS/vendors/gwt/gap8/src/device/gap8_iet.o
LOAD /module/deploy/classification/BUILD/GAP8_V2/GCC_RISCV_FREERTOS//gap_sdk/rtos/freeRTOS/vendors/gwt/gap8/pmsis/cluster/drivers/cluster_synchronisation/cluster_core.o
LOAD /module/deploy/classification/BUILD/GAP8_V2/GCC_RISCV_FREERTOS//gap_sdk/rtos/freeRTOS/vendors/gwt/gap8/pmsis/util/asm_util.o
LOAD /module/deploy/classification/BUILD/GAP8_V2/GCC_RISCV_FREERTOS//gap_sdk/rtos/freeRTOS/freertos_kernel/portable/GCC/RI5CY-GAP8/port_asm.o
LOAD /module/deploy/classification/BUILD/GAP8_V2/GCC_RISCV_FREERTOS//gap_sdk/rtos/freeRTOS/vendors/gwt/gap8/src/device/system_gap8.o
LOAD /module/deploy/classification/BUILD/GAP8_V2/GCC_RISCV_FREERTOS//gap_sdk/rtos/freeRTOS/vendors/gwt/gap8/src/device/gap8_it.o
LOAD /module/deploy/classification/BUILD/GAP8_V2/GCC_RISCV_FREERTOS//gap_sdk/rtos/freeRTOS/vendors/gwt/gap8/src/driver/gap_io.o
LOAD /module/deploy/classification/BUILD/GAP8_V2/GCC_RISCV_FREERTOS//gap_sdk/rtos/freeRTOS/vendors/gwt/libs/src/errno.o
LOAD /module/deploy/classification/BUILD/GAP8_V2/GCC_RISCV_FREERTOS//gap_sdk/rtos/freeRTOS/vendors/gwt/libs/src/stdlib.o
LOAD /module/deploy/classification/BUILD/GAP8_V2/GCC_RISCV_FREERTOS//gap_sdk/rtos/freeRTOS/vendors/gwt/libs/src/string.o
LOAD /module/deploy/classification/BUILD/GAP8_V2/GCC_RISCV_FREERTOS//gap_sdk/rtos/freeRTOS/vendors/gwt/gap8/pmsis/cluster/malloc/cl_malloc.o
LOAD /module/deploy/classification/BUILD/GAP8_V2/GCC_RISCV_FREERTOS//gap_sdk/rtos/freeRTOS/vendors/gwt/gap8/pmsis/cluster/drivers/cluster_synchronisation/cl_to_fc_delegate.o
LOAD /module/deploy/classification/BUILD/GAP8_V2/GCC_RISCV_FREERTOS//gap_sdk/rtos/freeRTOS/vendors/gwt/gap8/pmsis/cluster/drivers/cluster_synchronisation/fc_to_cl_delegate.o
LOAD /module/deploy/classification/BUILD/GAP8_V2/GCC_RISCV_FREERTOS//gap_sdk/rtos/freeRTOS/vendors/gwt/gap8/pmsis/cluster/drivers/cluster_team/cl_team.o
LOAD /module/deploy/classification/BUILD/GAP8_V2/GCC_RISCV_FREERTOS//gap_sdk/rtos/freeRTOS/vendors/gwt/gap8/pmsis/cluster/drivers/delegate/hyperbus/hyperbus_cl_internal.o
LOAD /module/deploy/classification/BUILD/GAP8_V2/GCC_RISCV_FREERTOS//gap_sdk/rtos/freeRTOS/vendors/gwt/gap8/pmsis/cluster/drivers/delegate/uart/uart_cl_internal.o
LOAD /module/deploy/classification/BUILD/GAP8_V2/GCC_RISCV_FREERTOS//gap_sdk/rtos/freeRTOS/vendors/gwt/gap8/pmsis/cluster/drivers/dma/cl_dma_irq.o
LOAD /module/deploy/classification/BUILD/GAP8_V2/GCC_RISCV_FREERTOS//gap_sdk/rtos/freeRTOS/vendors/gwt/gap8/pmsis/drivers/fc_event/fc_event.o
LOAD /module/deploy/classification/BUILD/GAP8_V2/GCC_RISCV_FREERTOS//gap_sdk/rtos/freeRTOS/vendors/gwt/gap8/pmsis/drivers/fll/fll.o
LOAD /module/deploy/classification/BUILD/GAP8_V2/GCC_RISCV_FREERTOS//gap_sdk/rtos/freeRTOS/vendors/gwt/gap8/pmsis/drivers/gpio/gpio.o
LOAD /module/deploy/classification/BUILD/GAP8_V2/GCC_RISCV_FREERTOS//gap_sdk/rtos/freeRTOS/vendors/gwt/gap8/pmsis/drivers/pad/pad.o
LOAD /module/deploy/classification/BUILD/GAP8_V2/GCC_RISCV_FREERTOS//gap_sdk/rtos/freeRTOS/vendors/gwt/gap8/pmsis/drivers/pmu/pmu.o
LOAD /module/deploy/classification/BUILD/GAP8_V2/GCC_RISCV_FREERTOS//gap_sdk/rtos/freeRTOS/vendors/gwt/gap8/pmsis/drivers/pmu/pmu_internal.o
LOAD /module/deploy/classification/BUILD/GAP8_V2/GCC_RISCV_FREERTOS//gap_sdk/rtos/freeRTOS/vendors/gwt/gap8/pmsis/drivers/pwm/pwm.o
LOAD /module/deploy/classification/BUILD/GAP8_V2/GCC_RISCV_FREERTOS//gap_sdk/rtos/freeRTOS/vendors/gwt/gap8/pmsis/drivers/pwm/pwm_internal.o
LOAD /module/deploy/classification/BUILD/GAP8_V2/GCC_RISCV_FREERTOS//gap_sdk/rtos/freeRTOS/vendors/gwt/gap8/pmsis/drivers/rtc/rtc.o
LOAD /module/deploy/classification/BUILD/GAP8_V2/GCC_RISCV_FREERTOS//gap_sdk/rtos/freeRTOS/vendors/gwt/gap8/pmsis/drivers/rtc/rtc_internal.o
LOAD /module/deploy/classification/BUILD/GAP8_V2/GCC_RISCV_FREERTOS//gap_sdk/rtos/freeRTOS/vendors/gwt/gap8/pmsis/drivers/timer/timer.o
LOAD /module/deploy/classification/BUILD/GAP8_V2/GCC_RISCV_FREERTOS//gap_sdk/rtos/freeRTOS/vendors/gwt/gap8/pmsis/drivers/udma/hyperbus/hyperbus.o
LOAD /module/deploy/classification/BUILD/GAP8_V2/GCC_RISCV_FREERTOS//gap_sdk/rtos/freeRTOS/vendors/gwt/gap8/pmsis/drivers/udma/hyperbus/hyperbus_internal.o
LOAD /module/deploy/classification/BUILD/GAP8_V2/GCC_RISCV_FREERTOS//gap_sdk/rtos/freeRTOS/vendors/gwt/gap8/pmsis/drivers/udma/cpi/cpi.o
LOAD /module/deploy/classification/BUILD/GAP8_V2/GCC_RISCV_FREERTOS//gap_sdk/rtos/freeRTOS/vendors/gwt/gap8/pmsis/drivers/udma/cpi/cpi_internal.o
LOAD /module/deploy/classification/BUILD/GAP8_V2/GCC_RISCV_FREERTOS//gap_sdk/rtos/freeRTOS/vendors/gwt/gap8/pmsis/drivers/udma/dmacpy/dmacpy.o
LOAD /module/deploy/classification/BUILD/GAP8_V2/GCC_RISCV_FREERTOS//gap_sdk/rtos/freeRTOS/vendors/gwt/gap8/pmsis/drivers/udma/dmacpy/dmacpy_internal.o
LOAD /module/deploy/classification/BUILD/GAP8_V2/GCC_RISCV_FREERTOS//gap_sdk/rtos/freeRTOS/vendors/gwt/gap8/pmsis/drivers/udma/i2c/i2c.o
LOAD /module/deploy/classification/BUILD/GAP8_V2/GCC_RISCV_FREERTOS//gap_sdk/rtos/freeRTOS/vendors/gwt/gap8/pmsis/drivers/udma/i2c/i2c_internal.o
LOAD /module/deploy/classification/BUILD/GAP8_V2/GCC_RISCV_FREERTOS//gap_sdk/rtos/freeRTOS/vendors/gwt/gap8/pmsis/drivers/udma/i2s/i2s.o
LOAD /module/deploy/classification/BUILD/GAP8_V2/GCC_RISCV_FREERTOS//gap_sdk/rtos/freeRTOS/vendors/gwt/gap8/pmsis/drivers/udma/i2s/i2s_internal.o
LOAD /module/deploy/classification/BUILD/GAP8_V2/GCC_RISCV_FREERTOS//gap_sdk/rtos/freeRTOS/vendors/gwt/gap8/pmsis/drivers/udma/spi/spi.o
LOAD /module/deploy/classification/BUILD/GAP8_V2/GCC_RISCV_FREERTOS//gap_sdk/rtos/freeRTOS/vendors/gwt/gap8/pmsis/drivers/udma/spi/spi_internal.o
LOAD /module/deploy/classification/BUILD/GAP8_V2/GCC_RISCV_FREERTOS//gap_sdk/rtos/freeRTOS/vendors/gwt/gap8/pmsis/drivers/udma/uart/uart.o
LOAD /module/deploy/classification/BUILD/GAP8_V2/GCC_RISCV_FREERTOS//gap_sdk/rtos/freeRTOS/vendors/gwt/gap8/pmsis/drivers/udma/uart/uart_internal.o
LOAD /module/deploy/classification/BUILD/GAP8_V2/GCC_RISCV_FREERTOS//gap_sdk/rtos/pmsis/bsp/flash/flash.o
LOAD /module/deploy/classification/BUILD/GAP8_V2/GCC_RISCV_FREERTOS//gap_sdk/rtos/pmsis/bsp/partition/partition.o
LOAD /module/deploy/classification/BUILD/GAP8_V2/GCC_RISCV_FREERTOS//gap_sdk/rtos/pmsis/bsp/partition/flash_partition.o
LOAD /module/deploy/classification/BUILD/GAP8_V2/GCC_RISCV_FREERTOS//gap_sdk/rtos/pmsis/bsp/crc/md5.o
LOAD /module/deploy/classification/BUILD/GAP8_V2/GCC_RISCV_FREERTOS//gap_sdk/rtos/pmsis/bsp/fs/fs.o
LOAD /module/deploy/classification/BUILD/GAP8_V2/GCC_RISCV_FREERTOS//gap_sdk/rtos/pmsis/bsp/fs/lfs/lfs.o
LOAD /module/deploy/classification/BUILD/GAP8_V2/GCC_RISCV_FREERTOS//gap_sdk/rtos/pmsis/bsp/fs/lfs/lfs_util.o
LOAD /module/deploy/classification/BUILD/GAP8_V2/GCC_RISCV_FREERTOS//gap_sdk/rtos/pmsis/bsp/fs/lfs/pi_lfs.o
LOAD /module/deploy/classification/BUILD/GAP8_V2/GCC_RISCV_FREERTOS//gap_sdk/rtos/pmsis/bsp/fs/read_fs/read_fs.o
LOAD /module/deploy/classification/BUILD/GAP8_V2/GCC_RISCV_FREERTOS//gap_sdk/rtos/pmsis/bsp/fs/host_fs/host_fs.o
LOAD /module/deploy/classification/BUILD/GAP8_V2/GCC_RISCV_FREERTOS//gap_sdk/rtos/pmsis/bsp/ota/ota.o
LOAD /module/deploy/classification/BUILD/GAP8_V2/GCC_RISCV_FREERTOS//gap_sdk/rtos/pmsis/bsp/ota/ota_utility.o
LOAD /module/deploy/classification/BUILD/GAP8_V2/GCC_RISCV_FREERTOS//gap_sdk/rtos/pmsis/bsp/ota/updater.o
LOAD /module/deploy/classification/BUILD/GAP8_V2/GCC_RISCV_FREERTOS//gap_sdk/rtos/pmsis/bsp/bootloader/bootloader_utility.o
LOAD /module/deploy/classification/BUILD/GAP8_V2/GCC_RISCV_FREERTOS//gap_sdk/rtos/pmsis/bsp/bsp/ai_deck.o
LOAD /module/deploy/classification/BUILD/GAP8_V2/GCC_RISCV_FREERTOS//gap_sdk/rtos/pmsis/bsp/camera/camera.o
LOAD /module/deploy/classification/BUILD/GAP8_V2/GCC_RISCV_FREERTOS//gap_sdk/rtos/pmsis/bsp/camera/himax/himax.o
LOAD /module/deploy/classification/BUILD/GAP8_V2/GCC_RISCV_FREERTOS//gap_sdk/rtos/pmsis/bsp/flash/hyperflash/hyperflash.o
LOAD /module/deploy/classification/BUILD/GAP8_V2/GCC_RISCV_FREERTOS//gap_sdk/rtos/pmsis/bsp/ram/hyperram/hyperram.o
LOAD /module/deploy/classification/BUILD/GAP8_V2/GCC_RISCV_FREERTOS//gap_sdk/rtos/pmsis/bsp/ram/spiram/spiram.o
LOAD /module/deploy/classification/BUILD/GAP8_V2/GCC_RISCV_FREERTOS//gap_sdk/rtos/pmsis/bsp/flash/spiflash/spiflash.o
LOAD /module/deploy/classification/BUILD/GAP8_V2/GCC_RISCV_FREERTOS//gap_sdk/rtos/pmsis/bsp/ram/ram.o
LOAD /module/deploy/classification/BUILD/GAP8_V2/GCC_RISCV_FREERTOS//gap_sdk/rtos/pmsis/bsp/ram/alloc_extern.o
LOAD /module/deploy/classification/BUILD/GAP8_V2/GCC_RISCV_FREERTOS//gap_sdk/rtos/freeRTOS/vendors/gwt/pmsis/rtos/pi_log.o
LOAD /module/deploy/classification/BUILD/GAP8_V2/GCC_RISCV_FREERTOS//gap_sdk/rtos/freeRTOS/vendors/gwt/pmsis/rtos/event_kernel/event_kernel.o
LOAD /module/deploy/classification/BUILD/GAP8_V2/GCC_RISCV_FREERTOS//gap_sdk/rtos/freeRTOS/vendors/gwt/pmsis/rtos/mem_slab/mem_slab.o
LOAD /module/deploy/classification/BUILD/GAP8_V2/GCC_RISCV_FREERTOS//gap_sdk/rtos/freeRTOS/vendors/gwt/pmsis/rtos/malloc/cl_l1_malloc.o
LOAD /module/deploy/classification/BUILD/GAP8_V2/GCC_RISCV_FREERTOS//gap_sdk/rtos/freeRTOS/vendors/gwt/pmsis/rtos/malloc/fc_l1_malloc.o
LOAD /module/deploy/classification/BUILD/GAP8_V2/GCC_RISCV_FREERTOS//gap_sdk/rtos/freeRTOS/vendors/gwt/pmsis/rtos/malloc/l2_malloc.o
LOAD /module/deploy/classification/BUILD/GAP8_V2/GCC_RISCV_FREERTOS//gap_sdk/rtos/freeRTOS/vendors/gwt/pmsis/rtos/malloc/malloc_external.o
LOAD /module/deploy/classification/BUILD/GAP8_V2/GCC_RISCV_FREERTOS//gap_sdk/rtos/freeRTOS/vendors/gwt/pmsis/rtos/malloc/malloc_internal.o
LOAD /module/deploy/classification/BUILD/GAP8_V2/GCC_RISCV_FREERTOS//gap_sdk/rtos/freeRTOS/vendors/gwt/pmsis/rtos/malloc/pi_malloc.o
LOAD /module/deploy/classification/BUILD/GAP8_V2/GCC_RISCV_FREERTOS//gap_sdk/rtos/freeRTOS/vendors/gwt/pmsis/rtos/os/device.o
LOAD /module/deploy/classification/BUILD/GAP8_V2/GCC_RISCV_FREERTOS//gap_sdk/rtos/freeRTOS/vendors/gwt/pmsis/rtos/os/pmsis_task.o
LOAD /module/deploy/classification/BUILD/GAP8_V2/GCC_RISCV_FREERTOS//gap_sdk/rtos/freeRTOS/vendors/gwt/pmsis/backend/pmsis_backend_native_task_api.o
LOAD /module/deploy/classification/BUILD/GAP8_V2/GCC_RISCV_FREERTOS//gap_sdk/rtos/freeRTOS/freertos_kernel/portable/GCC/RI5CY-GAP8/port.o
LOAD /module/deploy/classification/BUILD/GAP8_V2/GCC_RISCV_FREERTOS//gap_sdk/rtos/freeRTOS/vendors/gwt/libs/printf/printf.o
LOAD /module/deploy/classification/BUILD/GAP8_V2/GCC_RISCV_FREERTOS//gap_sdk/rtos/freeRTOS/freertos_kernel/list.o
LOAD /module/deploy/classification/BUILD/GAP8_V2/GCC_RISCV_FREERTOS//gap_sdk/rtos/freeRTOS/freertos_kernel/queue.o
LOAD /module/deploy/classification/BUILD/GAP8_V2/GCC_RISCV_FREERTOS//gap_sdk/rtos/freeRTOS/freertos_kernel/tasks.o
LOAD /module/deploy/classification/BUILD/GAP8_V2/GCC_RISCV_FREERTOS//gap_sdk/rtos/freeRTOS/freertos_kernel/timers.o
LOAD /module/deploy/classification/BUILD/GAP8_V2/GCC_RISCV_FREERTOS//gap_sdk/rtos/freeRTOS/freertos_kernel/event_groups.o
LOAD /module/deploy/classification/BUILD/GAP8_V2/GCC_RISCV_FREERTOS//gap_sdk/rtos/freeRTOS/freertos_kernel/stream_buffer.o
LOAD /module/deploy/classification/BUILD/GAP8_V2/GCC_RISCV_FREERTOS//gap_sdk/rtos/freeRTOS/demos/gwt/config/gap8/FreeRTOS_util.o
LOAD /usr/lib/gap_riscv_toolchain/bin/../lib/gcc/riscv32-unknown-elf/7.1.1/rv32imcxgap8/ilp32/libgcc.a
                0x0000000000000000                __DYNAMIC = 0x0
                0x0000000000001000                __STACK_FC_SIZE = 0x1000
                0x0000000000000400                __STACK_IRQ_SIZE = 0x400

.l1FcTiny       0x000000001b000000        0x0
                0x000000001b000000                . = ALIGN (0x4)
                0x000000001b000000                __l1FcShared_start = .
 *(.l1FcTiny)
 *(.l1FcTiny.*)
                0x000000001b000000                . = ALIGN (0x4)
                0x000000001b000000                __l1FcShared_end = .
                0x0000000000000000                __l1FcShared_size = (__l1FcShared_end - __l1FcShared_start)

.fcTcdmTiny     0x0000000000000004        0xc load address 0x000000001b000000
 *(.fcTcdmTiny)
 .fcTcdmTiny    0x0000000000000004        0xc /module/deploy/classification/BUILD/GAP8_V2/GCC_RISCV_FREERTOS//gap_sdk/rtos/freeRTOS/vendors/gwt/gap8/pmsis/drivers/udma/hyperbus/hyperbus_internal.o
                0x0000000000000004                __global_hyper_fifo_head
                0x0000000000000008                __global_hyper_fifo_tail
                0x000000000000000c                __global_hyper_driver_fifo
 *(.fcTcdmTiny.*)

.fcTcdm
 *(.fcTcdm)
 *(.fcTcdm.*)

.fcTcdm_g       0x000000001b00000c      0x5bc
                0x000000001b000010                . = ALIGN (0x8)
 *fill*         0x000000001b00000c        0x4 
                0x000000001b000010                __fc_tcdm_g_start = .
 *(.fcTcdm_g)
 .fcTcdm_g      0x000000001b000010      0x264 /module/deploy/classification/BUILD/GAP8_V2/GCC_RISCV_FREERTOS//gap_sdk/rtos/freeRTOS/vendors/gwt/gap8/pmsis/cluster/drivers/cluster_synchronisation/cl_to_fc_delegate.o
                0x000000001b000010                delegate_task_mask
                0x000000001b000014                delegate_task
 .fcTcdm_g      0x000000001b000274       0xe4 /module/deploy/classification/BUILD/GAP8_V2/GCC_RISCV_FREERTOS//gap_sdk/rtos/freeRTOS/vendors/gwt/gap8/pmsis/drivers/fc_event/fc_event.o
 .fcTcdm_g      0x000000001b000358        0x4 /module/deploy/classification/BUILD/GAP8_V2/GCC_RISCV_FREERTOS//gap_sdk/rtos/freeRTOS/vendors/gwt/pmsis/rtos/event_kernel/event_kernel.o
                0x000000001b000358                default_sched
 .fcTcdm_g      0x000000001b00035c       0x10 /module/deploy/classification/BUILD/GAP8_V2/GCC_RISCV_FREERTOS//gap_sdk/rtos/freeRTOS/vendors/gwt/pmsis/backend/pmsis_backend_native_task_api.o
                0x000000001b00035c                delayed_task
                0x000000001b000364                timer_task
 .fcTcdm_g      0x000000001b00036c      0x258 /module/deploy/classification/BUILD/GAP8_V2/GCC_RISCV_FREERTOS//gap_sdk/rtos/freeRTOS/demos/gwt/config/gap8/FreeRTOS_util.o
 *(.fcTcdm_g.*)
                0x000000001b0005c8                . = ALIGN (0x8)
 *fill*         0x000000001b0005c4        0x4 
                0x000000001b0005c8                __fc_tcdm_g_end = .

.stack_irq      0x000000001b0005c8      0x400
                0x000000001b0005c8                . = ALIGN (0x4)
                0x000000001b0005c8                __stack_irq_end__ = .
                0x000000001b0009c8                . = (. + __STACK_IRQ_SIZE)
 *fill*         0x000000001b0005c8      0x400 
                0x000000001b0009c8                __stack_irq_start__ = .

.heapfcram      0x000000001b0009c8     0x1000
                0x000000001b0009c8                . = ALIGN (0x8)
 *(.heapfcram)
 *(.heapfcram.*)
                0x000000001b0009c8                . = ALIGN (0x8)
                0x000000001b0009c8                __heapfcram_start = .
                0x000000001b0009c8                __stack_fc_end__ = .
                0x000000001b0019c8                . = (. + __STACK_FC_SIZE)
 *fill*         0x000000001b0009c8     0x1000 
                0x000000001b0019c8                __stack_fc_start__ = .
                0x0000000000003638                __heapfcram_size = ((ORIGIN (FC_tcdm) + LENGTH (FC_tcdm)) - __heapfcram_start)

.vectors_irq    0x000000001c000000       0x94
                0x000000001c000000                . = ALIGN (0x100)
                0x000000001c000000                __irq_vector_base_m__ = .
 *(.vectors_irq)
 .vectors_irq   0x000000001c000000       0x94 /module/deploy/classification/BUILD/GAP8_V2/GCC_RISCV_FREERTOS//gap_sdk/rtos/freeRTOS/vendors/gwt/gap8/src/device/startup_gap8.o
                0x000000001c000090                __rt_debug_struct_ptr

.text           0x000000001c000094     0xf45c
                0x000000001c000094                . = ALIGN (0x4)
                0x000000001c000094                _stext = .
 *(.text.reset)
 .text.reset    0x000000001c000094       0x7e /module/deploy/classification/BUILD/GAP8_V2/GCC_RISCV_FREERTOS//gap_sdk/rtos/freeRTOS/vendors/gwt/gap8/src/device/startup_gap8.o
                0x000000001c000094                reset_handler
 *(.text)
 .text          0x000000001c000112      0x2c8 /module/deploy/classification/BUILD/GAP8_V2/GCC_RISCV_FREERTOS//gap_sdk/rtos/freeRTOS/vendors/gwt/gap8/src/device/gap8_iet.o
                0x000000001c000112                default_handler
                0x000000001c000116                cluster_notify_fc_handler
                0x000000001c00014e                pendSV_handler
                0x000000001c0001be                systick_handler
                0x000000001c00023a                hi_res_timer_handler
                0x000000001c000272                fc_event_handler
                0x000000001c0002aa                fc_hyper_handler
                0x000000001c000358                dma_irq_handler
                0x000000001c000380                ecall_handler
                0x000000001c0003d2                ill_ins_handler
 .text          0x000000001c0003da      0x126 /module/deploy/classification/BUILD/GAP8_V2/GCC_RISCV_FREERTOS//gap_sdk/rtos/freeRTOS/vendors/gwt/gap8/pmsis/cluster/drivers/cluster_synchronisation/cluster_core.o
                0x000000001c0003da                cluster_exec_loop
                0x000000001c0004f2                cl_slave_stack_setup
 .text          0x000000001c000500       0xd8 /module/deploy/classification/BUILD/GAP8_V2/GCC_RISCV_FREERTOS//gap_sdk/rtos/freeRTOS/vendors/gwt/gap8/pmsis/util/asm_util.o
                0x000000001c000500                ASM_FUNC_SAVE_MINIMAL_CONTEXT
                0x000000001c000544                ASM_FUNC_RESTORE_MINIMAL_CONTEXT
                0x000000001c000588                ASM_FUNC_SAVE_SAVE_CONTEXT
                0x000000001c0005a2                ASM_FUNC_RESTORE_SAVE_CONTEXT
                0x000000001c0005bc                ASM_FUNC_SAVE_CSR_CONTEXT
                0x000000001c0005ca                ASM_FUNC_RESTORE_CSR_CONTEXT
 .text          0x000000001c0005d8       0x8e /module/deploy/classification/BUILD/GAP8_V2/GCC_RISCV_FREERTOS//gap_sdk/rtos/freeRTOS/freertos_kernel/portable/GCC/RI5CY-GAP8/port_asm.o
                0x000000001c0005d8                xPortStartScheduler
 .text          0x000000001c000666       0x4e /module/deploy/classification/BUILD/GAP8_V2/GCC_RISCV_FREERTOS//gap_sdk/rtos/freeRTOS/vendors/gwt/gap8/pmsis/drivers/fc_event/fc_event.o
                0x000000001c000666                fc_soc_event_handler
 .text          0x000000001c0006b4      0x110 /module/deploy/classification/BUILD/GAP8_V2/GCC_RISCV_FREERTOS//gap_sdk/rtos/freeRTOS/vendors/gwt/gap8/pmsis/drivers/udma/hyperbus/hyperbus_internal.o
                0x000000001c0006b4                hyper_handler
 .text          0x000000001c0007c4      0x5fe /usr/lib/gap_riscv_toolchain/bin/../lib/gcc/riscv32-unknown-elf/7.1.1/rv32imcxgap8/ilp32/libgcc.a(adddf3.o)
                0x000000001c0007c4                __adddf3
 .text          0x000000001c000dc2      0x4d2 /usr/lib/gap_riscv_toolchain/bin/../lib/gcc/riscv32-unknown-elf/7.1.1/rv32imcxgap8/ilp32/libgcc.a(divdf3.o)
                0x000000001c000dc2                __divdf3
 .text          0x000000001c001294       0x60 /usr/lib/gap_riscv_toolchain/bin/../lib/gcc/riscv32-unknown-elf/7.1.1/rv32imcxgap8/ilp32/libgcc.a(eqdf2.o)
                0x000000001c001294                __eqdf2
                0x000000001c001294                __nedf2
 .text          0x000000001c0012f4       0xae /usr/lib/gap_riscv_toolchain/bin/../lib/gcc/riscv32-unknown-elf/7.1.1/rv32imcxgap8/ilp32/libgcc.a(gedf2.o)
                0x000000001c0012f4                __gtdf2
                0x000000001c0012f4                __gedf2
 .text          0x000000001c0013a2       0xae /usr/lib/gap_riscv_toolchain/bin/../lib/gcc/riscv32-unknown-elf/7.1.1/rv32imcxgap8/ilp32/libgcc.a(ledf2.o)
                0x000000001c0013a2                __ltdf2
                0x000000001c0013a2                __ledf2
 .text          0x000000001c001450      0x43a /usr/lib/gap_riscv_toolchain/bin/../lib/gcc/riscv32-unknown-elf/7.1.1/rv32imcxgap8/ilp32/libgcc.a(muldf3.o)
                0x000000001c001450                __muldf3
 .text          0x000000001c00188a      0x612 /usr/lib/gap_riscv_toolchain/bin/../lib/gcc/riscv32-unknown-elf/7.1.1/rv32imcxgap8/ilp32/libgcc.a(subdf3.o)
                0x000000001c00188a                __subdf3
 .text          0x000000001c001e9c       0x5c /usr/lib/gap_riscv_toolchain/bin/../lib/gcc/riscv32-unknown-elf/7.1.1/rv32imcxgap8/ilp32/libgcc.a(fixdfsi.o)
                0x000000001c001e9c                __fixdfsi
 .text          0x000000001c001ef8       0x52 /usr/lib/gap_riscv_toolchain/bin/../lib/gcc/riscv32-unknown-elf/7.1.1/rv32imcxgap8/ilp32/libgcc.a(fixunsdfsi.o)
                0x000000001c001ef8                __fixunsdfsi
 .text          0x000000001c001f4a       0x58 /usr/lib/gap_riscv_toolchain/bin/../lib/gcc/riscv32-unknown-elf/7.1.1/rv32imcxgap8/ilp32/libgcc.a(floatsidf.o)
                0x000000001c001f4a                __floatsidf
 .text          0x000000001c001fa2       0x4c /usr/lib/gap_riscv_toolchain/bin/../lib/gcc/riscv32-unknown-elf/7.1.1/rv32imcxgap8/ilp32/libgcc.a(floatunsidf.o)
                0x000000001c001fa2                __floatunsidf
 *(.text.*)
 .text.hb_task  0x000000001c001fee       0x46 /module/deploy/classification/BUILD/GAP8_V2/GCC_RISCV_FREERTOS/classification.o
                0x000000001c001fee                hb_task
 .text.RunNetwork
                0x000000001c002034       0x14 /module/deploy/classification/BUILD/GAP8_V2/GCC_RISCV_FREERTOS/classification.o
 .text.pi_camera_control.constprop.4
                0x000000001c002048       0x16 /module/deploy/classification/BUILD/GAP8_V2/GCC_RISCV_FREERTOS/classification.o
 .text.classification
                0x000000001c00205e      0x2ac /module/deploy/classification/BUILD/GAP8_V2/GCC_RISCV_FREERTOS/classification.o
                0x000000001c00205e                classification
 .text.cam_handler
                0x000000001c00230a       0xa6 /module/deploy/classification/BUILD/GAP8_V2/GCC_RISCV_FREERTOS/classification.o
 .text.startup.main
                0x000000001c0023b0       0x18 /module/deploy/classification/BUILD/GAP8_V2/GCC_RISCV_FREERTOS/classification.o
                0x000000001c0023b0                main
 .text.vDataReadyISR
                0x000000001c0023c8       0x2c /module/deploy/classification/BUILD/GAP8_V2/GCC_RISCV_FREERTOS/../lib/cpx/src/com.o
                0x000000001c0023c8                vDataReadyISR
 .text.set_gap8_rtt_pin
                0x000000001c0023f4       0x1a /module/deploy/classification/BUILD/GAP8_V2/GCC_RISCV_FREERTOS/../lib/cpx/src/com.o
                0x000000001c0023f4                set_gap8_rtt_pin
 .text.com_task
                0x000000001c00240e      0x15a /module/deploy/classification/BUILD/GAP8_V2/GCC_RISCV_FREERTOS/../lib/cpx/src/com.o
                0x000000001c00240e                com_task
 .text.com_init
                0x000000001c002568      0x16e /module/deploy/classification/BUILD/GAP8_V2/GCC_RISCV_FREERTOS/../lib/cpx/src/com.o
                0x000000001c002568                com_init
 .text.com_read
                0x000000001c0026d6       0x10 /module/deploy/classification/BUILD/GAP8_V2/GCC_RISCV_FREERTOS/../lib/cpx/src/com.o
                0x000000001c0026d6                com_read
 .text.com_write
                0x000000001c0026e6       0x2e /module/deploy/classification/BUILD/GAP8_V2/GCC_RISCV_FREERTOS/../lib/cpx/src/com.o
                0x000000001c0026e6                com_write
 .text.cpx_rx_task
                0x000000001c002714       0x9e /module/deploy/classification/BUILD/GAP8_V2/GCC_RISCV_FREERTOS/../lib/cpx/src/cpx.o
 .text.cpxEnableFunction
                0x000000001c0027b2       0x2a /module/deploy/classification/BUILD/GAP8_V2/GCC_RISCV_FREERTOS/../lib/cpx/src/cpx.o
                0x000000001c0027b2                cpxEnableFunction
 .text.cpxSendPacketBlocking
                0x000000001c0027dc       0x68 /module/deploy/classification/BUILD/GAP8_V2/GCC_RISCV_FREERTOS/../lib/cpx/src/cpx.o
                0x000000001c0027dc                cpxSendPacketBlocking
 .text.cpxPrintToConsole
                0x000000001c002844       0x80 /module/deploy/classification/BUILD/GAP8_V2/GCC_RISCV_FREERTOS/../lib/cpx/src/cpx.o
                0x000000001c002844                cpxPrintToConsole
 .text.cpxInit  0x000000001c0028c4       0x66 /module/deploy/classification/BUILD/GAP8_V2/GCC_RISCV_FREERTOS/../lib/cpx/src/cpx.o
                0x000000001c0028c4                cpxInit
 .text.pi_flash_close.constprop.8
                0x000000001c00292a       0x12 /module/deploy/classification/BUILD/GAP8_V2/GCC_RISCV_FREERTOS/BUILD_MODEL_SQ8BIT/classificationKernels.o
 .text.pi_cl_team_fork.constprop.11
                0x000000001c00293c       0x4a /module/deploy/classification/BUILD/GAP8_V2/GCC_RISCV_FREERTOS/BUILD_MODEL_SQ8BIT/classificationKernels.o
 .text.__pi_cl_dma_wait
                0x000000001c002986       0x5a /module/deploy/classification/BUILD/GAP8_V2/GCC_RISCV_FREERTOS/BUILD_MODEL_SQ8BIT/classificationKernels.o
 .text.pi_cl_dma_cmd
                0x000000001c0029e0       0xbe /module/deploy/classification/BUILD/GAP8_V2/GCC_RISCV_FREERTOS/BUILD_MODEL_SQ8BIT/classificationKernels.o
 .text.S3_Conv2d_16x1x3x3_MaxPool_2x2_Relu
                0x000000001c002a9e      0x3d4 /module/deploy/classification/BUILD/GAP8_V2/GCC_RISCV_FREERTOS/BUILD_MODEL_SQ8BIT/classificationKernels.o
                0x000000001c002a9e                S3_Conv2d_16x1x3x3_MaxPool_2x2_Relu
 .text.S6_Conv2d_32x16x3x3_MaxPool_2x2_Relu
                0x000000001c002e72      0x47a /module/deploy/classification/BUILD/GAP8_V2/GCC_RISCV_FREERTOS/BUILD_MODEL_SQ8BIT/classificationKernels.o
                0x000000001c002e72                S6_Conv2d_32x16x3x3_MaxPool_2x2_Relu
 .text.S9_Conv2d_64x32x3x3_MaxPool_2x2_Relu
                0x000000001c0032ec      0x5c0 /module/deploy/classification/BUILD/GAP8_V2/GCC_RISCV_FREERTOS/BUILD_MODEL_SQ8BIT/classificationKernels.o
                0x000000001c0032ec                S9_Conv2d_64x32x3x3_MaxPool_2x2_Relu
 .text.S12_Op_FULLY_CONNECTED_0_23_fusion
                0x000000001c0038ac      0x310 /module/deploy/classification/BUILD/GAP8_V2/GCC_RISCV_FREERTOS/BUILD_MODEL_SQ8BIT/classificationKernels.o
                0x000000001c0038ac                S12_Op_FULLY_CONNECTED_0_23_fusion
 .text.classificationCNN_Construct
                0x000000001c003bbc      0x604 /module/deploy/classification/BUILD/GAP8_V2/GCC_RISCV_FREERTOS/BUILD_MODEL_SQ8BIT/classificationKernels.o
                0x000000001c003bbc                classificationCNN_Construct
 .text.classificationCNN
                0x000000001c0041c0      0x114 /module/deploy/classification/BUILD/GAP8_V2/GCC_RISCV_FREERTOS/BUILD_MODEL_SQ8BIT/classificationKernels.o
                0x000000001c0041c0                classificationCNN
 .text.KerReductIO_Compact_SQ8_1
                0x000000001c0042d4       0xe2 /module/deploy/classification/BUILD/GAP8_V2/GCC_RISCV_FREERTOS//gap_sdk/tools/autotiler_v3/CNN_Libraries_SQ8/CNN_Activation_SQ8.o
 .text.SigmoidTable
                0x000000001c0043b6       0x32 /module/deploy/classification/BUILD/GAP8_V2/GCC_RISCV_FREERTOS//gap_sdk/tools/autotiler_v3/CNN_Libraries_SQ8/CNN_Activation_SQ8.o
                0x000000001c0043b6                SigmoidTable
 .text.KerParReduct_CC_ReLU_SQ8
                0x000000001c0043e8       0xda /module/deploy/classification/BUILD/GAP8_V2/GCC_RISCV_FREERTOS//gap_sdk/tools/autotiler_v3/CNN_Libraries_SQ8/CNN_Activation_SQ8.o
                0x000000001c0043e8                KerParReduct_CC_ReLU_SQ8
 .text.KerParReductIO_CC_SQ8
                0x000000001c0044c2       0xd0 /module/deploy/classification/BUILD/GAP8_V2/GCC_RISCV_FREERTOS//gap_sdk/tools/autotiler_v3/CNN_Libraries_SQ8/CNN_Activation_SQ8.o
                0x000000001c0044c2                KerParReductIO_CC_SQ8
 .text.KerParSetBiasB32_SQ8
                0x000000001c004592       0x98 /module/deploy/classification/BUILD/GAP8_V2/GCC_RISCV_FREERTOS//gap_sdk/tools/autotiler_v3/CNN_Libraries_SQ8/CNN_Bias_Linear_SQ8.o
                0x000000001c004592                KerParSetBiasB32_SQ8
 .text.KerParLinearLayer_SQ8
                0x000000001c00462a      0x10e /module/deploy/classification/BUILD/GAP8_V2/GCC_RISCV_FREERTOS//gap_sdk/tools/autotiler_v3/CNN_Libraries_SQ8/CNN_Bias_Linear_SQ8.o
                0x000000001c00462a                KerParLinearLayer_SQ8
 .text.KerConv2x3from3x3Stride1_V_2Out_SQ8
                0x000000001c004738       0xee /module/deploy/classification/BUILD/GAP8_V2/GCC_RISCV_FREERTOS//gap_sdk/tools/autotiler_v3/CNN_Libraries_SQ8/CNN_Conv_SQ8.o
 .text.KerConv3x2from3x3Stride1_H_2Out_SQ8
                0x000000001c004826       0x8e /module/deploy/classification/BUILD/GAP8_V2/GCC_RISCV_FREERTOS//gap_sdk/tools/autotiler_v3/CNN_Libraries_SQ8/CNN_Conv_SQ8.o
 .text.KerConv2x3from3x3Stride1_V_SQ8
                0x000000001c0048b4       0x92 /module/deploy/classification/BUILD/GAP8_V2/GCC_RISCV_FREERTOS//gap_sdk/tools/autotiler_v3/CNN_Libraries_SQ8/CNN_Conv_SQ8.o
 .text.KerConv3x3Stride1_Body_2Out_SQ8.isra.17
                0x000000001c004946       0xfa /module/deploy/classification/BUILD/GAP8_V2/GCC_RISCV_FREERTOS//gap_sdk/tools/autotiler_v3/CNN_Libraries_SQ8/CNN_Conv_SQ8.o
 .text.KerConv3x3BorderStride1_2Out_SQ8.isra.18
                0x000000001c004a40      0x126 /module/deploy/classification/BUILD/GAP8_V2/GCC_RISCV_FREERTOS//gap_sdk/tools/autotiler_v3/CNN_Libraries_SQ8/CNN_Conv_SQ8.o
 .text.KerConv3x3Stride1_Body_SQ8.isra.19
                0x000000001c004b66       0xa2 /module/deploy/classification/BUILD/GAP8_V2/GCC_RISCV_FREERTOS//gap_sdk/tools/autotiler_v3/CNN_Libraries_SQ8/CNN_Conv_SQ8.o
 .text.KerConv3x2from3x3Stride1_H_SQ8.isra.20
                0x000000001c004c08       0x50 /module/deploy/classification/BUILD/GAP8_V2/GCC_RISCV_FREERTOS//gap_sdk/tools/autotiler_v3/CNN_Libraries_SQ8/CNN_Conv_SQ8.o
 .text.KerConv3x3BorderStride1_SQ8.isra.21
                0x000000001c004c58      0x110 /module/deploy/classification/BUILD/GAP8_V2/GCC_RISCV_FREERTOS//gap_sdk/tools/autotiler_v3/CNN_Libraries_SQ8/CNN_Conv_SQ8.o
 .text.KerParConv3x3Stride1_SQ8
                0x000000001c004d68      0x218 /module/deploy/classification/BUILD/GAP8_V2/GCC_RISCV_FREERTOS//gap_sdk/tools/autotiler_v3/CNN_Libraries_SQ8/CNN_Conv_SQ8.o
                0x000000001c004d68                KerParConv3x3Stride1_SQ8
 .text.KerMaxPool2x2Stride2_SQ8
                0x000000001c004f80      0x340 /module/deploy/classification/BUILD/GAP8_V2/GCC_RISCV_FREERTOS//gap_sdk/tools/autotiler_v3/CNN_Libraries_SQ8/CNN_Pooling_SQ8.o
 .text.KerAvgPool2x2Stride2_SQ8
                0x000000001c0052c0      0x24a /module/deploy/classification/BUILD/GAP8_V2/GCC_RISCV_FREERTOS//gap_sdk/tools/autotiler_v3/CNN_Libraries_SQ8/CNN_Pooling_SQ8.o
 .text.Ker_ActivationScale1_SQ8
                0x000000001c00550a       0xa4 /module/deploy/classification/BUILD/GAP8_V2/GCC_RISCV_FREERTOS//gap_sdk/tools/autotiler_v3/CNN_Libraries_SQ8/CNN_Pooling_SQ8.o
 .text.Ker_Activation_SQ8
                0x000000001c0055ae      0x274 /module/deploy/classification/BUILD/GAP8_V2/GCC_RISCV_FREERTOS//gap_sdk/tools/autotiler_v3/CNN_Libraries_SQ8/CNN_Pooling_SQ8.o
 .text.KerParPoolActivation
                0x000000001c005822       0xdc /module/deploy/classification/BUILD/GAP8_V2/GCC_RISCV_FREERTOS//gap_sdk/tools/autotiler_v3/CNN_Libraries_SQ8/CNN_Pooling_SQ8.o
 .text.KerParPool2x2Stride2_ReLU_SQ8
                0x000000001c0058fe      0x17a /module/deploy/classification/BUILD/GAP8_V2/GCC_RISCV_FREERTOS//gap_sdk/tools/autotiler_v3/CNN_Libraries_SQ8/CNN_Pooling_SQ8.o
                0x000000001c0058fe                KerParPool2x2Stride2_ReLU_SQ8
 .text.KerParPool2x2Stride2_ReLUM_SQ8
                0x000000001c005a78      0x17c /module/deploy/classification/BUILD/GAP8_V2/GCC_RISCV_FREERTOS//gap_sdk/tools/autotiler_v3/CNN_Libraries_SQ8/CNN_Pooling_SQ8.o
                0x000000001c005a78                KerParPool2x2Stride2_ReLUM_SQ8
 .text.system_init
                0x000000001c005bf4       0x5e /module/deploy/classification/BUILD/GAP8_V2/GCC_RISCV_FREERTOS//gap_sdk/rtos/freeRTOS/vendors/gwt/gap8/src/device/system_gap8.o
                0x000000001c005bf4                system_init
 .text.system_setup_systick
                0x000000001c005c52       0x38 /module/deploy/classification/BUILD/GAP8_V2/GCC_RISCV_FREERTOS//gap_sdk/rtos/freeRTOS/vendors/gwt/gap8/src/device/system_gap8.o
                0x000000001c005c52                system_setup_systick
 .text.system_core_clock_update
                0x000000001c005c8a       0x52 /module/deploy/classification/BUILD/GAP8_V2/GCC_RISCV_FREERTOS//gap_sdk/rtos/freeRTOS/vendors/gwt/gap8/src/device/system_gap8.o
                0x000000001c005c8a                system_core_clock_update
 .text.system_setup_timer
                0x000000001c005cdc        0xc /module/deploy/classification/BUILD/GAP8_V2/GCC_RISCV_FREERTOS//gap_sdk/rtos/freeRTOS/vendors/gwt/gap8/src/device/system_gap8.o
                0x000000001c005cdc                system_setup_timer
 .text.system_core_clock_get
                0x000000001c005ce8        0xa /module/deploy/classification/BUILD/GAP8_V2/GCC_RISCV_FREERTOS//gap_sdk/rtos/freeRTOS/vendors/gwt/gap8/src/device/system_gap8.o
                0x000000001c005ce8                system_core_clock_get
 .text.system_exit
                0x000000001c005cf2       0x6e /module/deploy/classification/BUILD/GAP8_V2/GCC_RISCV_FREERTOS//gap_sdk/rtos/freeRTOS/vendors/gwt/gap8/src/device/system_gap8.o
                0x000000001c005cf2                system_exit
 .text._procid  0x000000001c005d60        0xa /module/deploy/classification/BUILD/GAP8_V2/GCC_RISCV_FREERTOS//gap_sdk/rtos/freeRTOS/vendors/gwt/gap8/src/device/gap8_it.o
                0x000000001c005d60                _procid
 .text._clusterid
                0x000000001c005d6a        0x8 /module/deploy/classification/BUILD/GAP8_V2/GCC_RISCV_FREERTOS//gap_sdk/rtos/freeRTOS/vendors/gwt/gap8/src/device/gap8_it.o
                0x000000001c005d6a                _clusterid
 .text._isr_default
                0x000000001c005d72        0xe /module/deploy/classification/BUILD/GAP8_V2/GCC_RISCV_FREERTOS//gap_sdk/rtos/freeRTOS/vendors/gwt/gap8/src/device/gap8_it.o
                0x000000001c005d72                _isr_default
 .text.vSetPendSV
                0x000000001c005d80        0xa /module/deploy/classification/BUILD/GAP8_V2/GCC_RISCV_FREERTOS//gap_sdk/rtos/freeRTOS/vendors/gwt/gap8/src/device/gap8_it.o
                0x000000001c005d80                vSetPendSV
 .text._ill_insn_print
                0x000000001c005d8a        0xa /module/deploy/classification/BUILD/GAP8_V2/GCC_RISCV_FREERTOS//gap_sdk/rtos/freeRTOS/vendors/gwt/gap8/src/device/gap8_it.o
                0x000000001c005d8a                _ill_insn_print
 .text.__uart_write_exec
                0x000000001c005d94       0x46 /module/deploy/classification/BUILD/GAP8_V2/GCC_RISCV_FREERTOS//gap_sdk/rtos/freeRTOS/vendors/gwt/gap8/src/driver/gap_io.o
 .text.__uart_putc_cluster_req
                0x000000001c005dda        0x6 /module/deploy/classification/BUILD/GAP8_V2/GCC_RISCV_FREERTOS//gap_sdk/rtos/freeRTOS/vendors/gwt/gap8/src/driver/gap_io.o
 .text.tfp_putc.isra.2
                0x000000001c005de0       0xec /module/deploy/classification/BUILD/GAP8_V2/GCC_RISCV_FREERTOS//gap_sdk/rtos/freeRTOS/vendors/gwt/gap8/src/driver/gap_io.o
 .text.printf_uart_init
                0x000000001c005ecc       0x5a /module/deploy/classification/BUILD/GAP8_V2/GCC_RISCV_FREERTOS//gap_sdk/rtos/freeRTOS/vendors/gwt/gap8/src/driver/gap_io.o
                0x000000001c005ecc                printf_uart_init
 .text._putchar
                0x000000001c005f26        0x2 /module/deploy/classification/BUILD/GAP8_V2/GCC_RISCV_FREERTOS//gap_sdk/rtos/freeRTOS/vendors/gwt/gap8/src/driver/gap_io.o
                0x000000001c005f26                _putchar
 .text.system_exit_printf_flush
                0x000000001c005f28       0x58 /module/deploy/classification/BUILD/GAP8_V2/GCC_RISCV_FREERTOS//gap_sdk/rtos/freeRTOS/vendors/gwt/gap8/src/driver/gap_io.o
                0x000000001c005f28                system_exit_printf_flush
 .text.exit     0x000000001c005f80        0xa /module/deploy/classification/BUILD/GAP8_V2/GCC_RISCV_FREERTOS//gap_sdk/rtos/freeRTOS/vendors/gwt/libs/src/stdlib.o
                0x000000001c005f80                exit
 .text.memcpy   0x000000001c005f8a       0x14 /module/deploy/classification/BUILD/GAP8_V2/GCC_RISCV_FREERTOS//gap_sdk/rtos/freeRTOS/vendors/gwt/libs/src/string.o
                0x000000001c005f8a                memcpy
 .text.memset   0x000000001c005f9e       0x10 /module/deploy/classification/BUILD/GAP8_V2/GCC_RISCV_FREERTOS//gap_sdk/rtos/freeRTOS/vendors/gwt/libs/src/string.o
                0x000000001c005f9e                memset
 .text.strcmp   0x000000001c005fae       0x14 /module/deploy/classification/BUILD/GAP8_V2/GCC_RISCV_FREERTOS//gap_sdk/rtos/freeRTOS/vendors/gwt/libs/src/string.o
                0x000000001c005fae                strcmp
 .text.strncmp  0x000000001c005fc2       0x1e /module/deploy/classification/BUILD/GAP8_V2/GCC_RISCV_FREERTOS//gap_sdk/rtos/freeRTOS/vendors/gwt/libs/src/string.o
                0x000000001c005fc2                strncmp
 .text.strlen   0x000000001c005fe0       0x10 /module/deploy/classification/BUILD/GAP8_V2/GCC_RISCV_FREERTOS//gap_sdk/rtos/freeRTOS/vendors/gwt/libs/src/string.o
                0x000000001c005fe0                strlen
 .text.cl_notify_fc_event_handler
                0x000000001c005ff0       0x94 /module/deploy/classification/BUILD/GAP8_V2/GCC_RISCV_FREERTOS//gap_sdk/rtos/freeRTOS/vendors/gwt/gap8/pmsis/cluster/drivers/cluster_synchronisation/cl_to_fc_delegate.o
                0x000000001c005ff0                cl_notify_fc_event_handler
 .text.pi_cl_send_task_to_fc
                0x000000001c006084       0x40 /module/deploy/classification/BUILD/GAP8_V2/GCC_RISCV_FREERTOS//gap_sdk/rtos/freeRTOS/vendors/gwt/gap8/pmsis/cluster/drivers/cluster_synchronisation/cl_to_fc_delegate.o
                0x000000001c006084                pi_cl_send_task_to_fc
 .text.mc_fc_delegate_init
                0x000000001c0060c4        0xc /module/deploy/classification/BUILD/GAP8_V2/GCC_RISCV_FREERTOS//gap_sdk/rtos/freeRTOS/vendors/gwt/gap8/pmsis/cluster/drivers/cluster_synchronisation/cl_to_fc_delegate.o
                0x000000001c0060c4                mc_fc_delegate_init
 .text.cl_wait_task
                0x000000001c0060d0       0x20 /module/deploy/classification/BUILD/GAP8_V2/GCC_RISCV_FREERTOS//gap_sdk/rtos/freeRTOS/vendors/gwt/gap8/pmsis/cluster/drivers/cluster_synchronisation/cl_to_fc_delegate.o
                0x000000001c0060d0                cl_wait_task
 .text.cl_notify_task_done_clear
                0x000000001c0060f0       0x2c /module/deploy/classification/BUILD/GAP8_V2/GCC_RISCV_FREERTOS//gap_sdk/rtos/freeRTOS/vendors/gwt/gap8/pmsis/cluster/drivers/cluster_synchronisation/cl_to_fc_delegate.o
                0x000000001c0060f0                cl_notify_task_done_clear
 .text.pmsis_mutex_release
                0x000000001c00611c       0x10 /module/deploy/classification/BUILD/GAP8_V2/GCC_RISCV_FREERTOS//gap_sdk/rtos/freeRTOS/vendors/gwt/gap8/pmsis/cluster/drivers/cluster_synchronisation/fc_to_cl_delegate.o
 .text.pi_cluster_close_async
                0x000000001c00612c        0x4 /module/deploy/classification/BUILD/GAP8_V2/GCC_RISCV_FREERTOS//gap_sdk/rtos/freeRTOS/vendors/gwt/gap8/pmsis/cluster/drivers/cluster_synchronisation/fc_to_cl_delegate.o
                0x000000001c00612c                pi_cluster_close_async
 .text.pi_cluster_ioctl
                0x000000001c006130       0x36 /module/deploy/classification/BUILD/GAP8_V2/GCC_RISCV_FREERTOS//gap_sdk/rtos/freeRTOS/vendors/gwt/gap8/pmsis/cluster/drivers/cluster_synchronisation/fc_to_cl_delegate.o
                0x000000001c006130                pi_cluster_ioctl
 .text.pi_cluster_ioctl_async
                0x000000001c006166       0x46 /module/deploy/classification/BUILD/GAP8_V2/GCC_RISCV_FREERTOS//gap_sdk/rtos/freeRTOS/vendors/gwt/gap8/pmsis/cluster/drivers/cluster_synchronisation/fc_to_cl_delegate.o
                0x000000001c006166                pi_cluster_ioctl_async
 .text.pi_cluster_open_async
                0x000000001c0061ac       0x76 /module/deploy/classification/BUILD/GAP8_V2/GCC_RISCV_FREERTOS//gap_sdk/rtos/freeRTOS/vendors/gwt/gap8/pmsis/cluster/drivers/cluster_synchronisation/fc_to_cl_delegate.o
                0x000000001c0061ac                pi_cluster_open_async
 .text.__os_native_api_mutex_lock
                0x000000001c006222        0x6 /module/deploy/classification/BUILD/GAP8_V2/GCC_RISCV_FREERTOS//gap_sdk/rtos/freeRTOS/vendors/gwt/gap8/pmsis/cluster/drivers/cluster_synchronisation/fc_to_cl_delegate.o
 .text.__os_native_api_mutex_release
                0x000000001c006228       0x1e /module/deploy/classification/BUILD/GAP8_V2/GCC_RISCV_FREERTOS//gap_sdk/rtos/freeRTOS/vendors/gwt/gap8/pmsis/cluster/drivers/cluster_synchronisation/fc_to_cl_delegate.o
 .text.pmsis_mutex_init
                0x000000001c006246       0x46 /module/deploy/classification/BUILD/GAP8_V2/GCC_RISCV_FREERTOS//gap_sdk/rtos/freeRTOS/vendors/gwt/gap8/pmsis/cluster/drivers/cluster_synchronisation/fc_to_cl_delegate.o
 .text.pi_cluster_open
                0x000000001c00628c      0x200 /module/deploy/classification/BUILD/GAP8_V2/GCC_RISCV_FREERTOS//gap_sdk/rtos/freeRTOS/vendors/gwt/gap8/pmsis/cluster/drivers/cluster_synchronisation/fc_to_cl_delegate.o
                0x000000001c00628c                pi_cluster_open
 .text.pi_cluster_close
                0x000000001c00648c       0x9a /module/deploy/classification/BUILD/GAP8_V2/GCC_RISCV_FREERTOS//gap_sdk/rtos/freeRTOS/vendors/gwt/gap8/pmsis/cluster/drivers/cluster_synchronisation/fc_to_cl_delegate.o
                0x000000001c00648c                pi_cluster_close
 .text.__pi_send_task_to_cl.isra.3
                0x000000001c006526       0xac /module/deploy/classification/BUILD/GAP8_V2/GCC_RISCV_FREERTOS//gap_sdk/rtos/freeRTOS/vendors/gwt/gap8/pmsis/cluster/drivers/cluster_synchronisation/fc_to_cl_delegate.o
 .text.cl_task_finish
                0x000000001c0065d2       0x76 /module/deploy/classification/BUILD/GAP8_V2/GCC_RISCV_FREERTOS//gap_sdk/rtos/freeRTOS/vendors/gwt/gap8/pmsis/cluster/drivers/cluster_synchronisation/fc_to_cl_delegate.o
                0x000000001c0065d2                cl_task_finish
 .text.pi_cluster_send_task_to_cl
                0x000000001c006648       0x38 /module/deploy/classification/BUILD/GAP8_V2/GCC_RISCV_FREERTOS//gap_sdk/rtos/freeRTOS/vendors/gwt/gap8/pmsis/cluster/drivers/cluster_synchronisation/fc_to_cl_delegate.o
                0x000000001c006648                pi_cluster_send_task_to_cl
 .text.pi_cluster_conf_init
                0x000000001c006680        0xa /module/deploy/classification/BUILD/GAP8_V2/GCC_RISCV_FREERTOS//gap_sdk/rtos/freeRTOS/vendors/gwt/gap8/pmsis/cluster/drivers/cluster_synchronisation/fc_to_cl_delegate.o
                0x000000001c006680                pi_cluster_conf_init
 .text.pi_cl_dma_2d_handler
                0x000000001c00668a       0x7e /module/deploy/classification/BUILD/GAP8_V2/GCC_RISCV_FREERTOS//gap_sdk/rtos/freeRTOS/vendors/gwt/gap8/pmsis/cluster/drivers/dma/cl_dma_irq.o
                0x000000001c00668a                pi_cl_dma_2d_handler
 .text.fc_event_null_event
                0x000000001c006708        0x2 /module/deploy/classification/BUILD/GAP8_V2/GCC_RISCV_FREERTOS//gap_sdk/rtos/freeRTOS/vendors/gwt/gap8/pmsis/drivers/fc_event/fc_event.o
 .text.pi_fc_event_handler_init
                0x000000001c00670a       0x30 /module/deploy/classification/BUILD/GAP8_V2/GCC_RISCV_FREERTOS//gap_sdk/rtos/freeRTOS/vendors/gwt/gap8/pmsis/drivers/fc_event/fc_event.o
                0x000000001c00670a                pi_fc_event_handler_init
 .text.pi_fc_event_handler_set
                0x000000001c00673a       0x10 /module/deploy/classification/BUILD/GAP8_V2/GCC_RISCV_FREERTOS//gap_sdk/rtos/freeRTOS/vendors/gwt/gap8/pmsis/drivers/fc_event/fc_event.o
                0x000000001c00673a                pi_fc_event_handler_set
 .text.pi_fc_event_handler_clear
                0x000000001c00674a       0x18 /module/deploy/classification/BUILD/GAP8_V2/GCC_RISCV_FREERTOS//gap_sdk/rtos/freeRTOS/vendors/gwt/gap8/pmsis/drivers/fc_event/fc_event.o
                0x000000001c00674a                pi_fc_event_handler_clear
 .text.pi_fll_frequency_get
                0x000000001c006762       0x38 /module/deploy/classification/BUILD/GAP8_V2/GCC_RISCV_FREERTOS//gap_sdk/rtos/freeRTOS/vendors/gwt/gap8/pmsis/drivers/fll/fll.o
                0x000000001c006762                pi_fll_frequency_get
 .text.pi_freq_callback_add
                0x000000001c00679a       0x24 /module/deploy/classification/BUILD/GAP8_V2/GCC_RISCV_FREERTOS//gap_sdk/rtos/freeRTOS/vendors/gwt/gap8/pmsis/drivers/fll/fll.o
                0x000000001c00679a                pi_freq_callback_add
 .text.pi_freq_callback_remove
                0x000000001c0067be       0x42 /module/deploy/classification/BUILD/GAP8_V2/GCC_RISCV_FREERTOS//gap_sdk/rtos/freeRTOS/vendors/gwt/gap8/pmsis/drivers/fll/fll.o
                0x000000001c0067be                pi_freq_callback_remove
 .text.pi_freq_callback_exec
                0x000000001c006800       0x22 /module/deploy/classification/BUILD/GAP8_V2/GCC_RISCV_FREERTOS//gap_sdk/rtos/freeRTOS/vendors/gwt/gap8/pmsis/drivers/fll/fll.o
                0x000000001c006800                pi_freq_callback_exec
 .text.pi_fll_frequency_set
                0x000000001c006822       0x88 /module/deploy/classification/BUILD/GAP8_V2/GCC_RISCV_FREERTOS//gap_sdk/rtos/freeRTOS/vendors/gwt/gap8/pmsis/drivers/fll/fll.o
                0x000000001c006822                pi_fll_frequency_set
 .text.pi_fll_init
                0x000000001c0068aa       0x3e /module/deploy/classification/BUILD/GAP8_V2/GCC_RISCV_FREERTOS//gap_sdk/rtos/freeRTOS/vendors/gwt/gap8/pmsis/drivers/fll/fll.o
                0x000000001c0068aa                pi_fll_init
 .text.hal_gpio_pin_irq_set
                0x000000001c0068e8       0x1e /module/deploy/classification/BUILD/GAP8_V2/GCC_RISCV_FREERTOS//gap_sdk/rtos/freeRTOS/vendors/gwt/gap8/pmsis/drivers/gpio/gpio.o
 .text.hal_gpio_pin_irq_type_set
                0x000000001c006906       0x2a /module/deploy/classification/BUILD/GAP8_V2/GCC_RISCV_FREERTOS//gap_sdk/rtos/freeRTOS/vendors/gwt/gap8/pmsis/drivers/gpio/gpio.o
 .text.hal_gpio_pin_config_set
                0x000000001c006930       0x30 /module/deploy/classification/BUILD/GAP8_V2/GCC_RISCV_FREERTOS//gap_sdk/rtos/freeRTOS/vendors/gwt/gap8/pmsis/drivers/gpio/gpio.o
 .text.gpio_handler
                0x000000001c006960       0x82 /module/deploy/classification/BUILD/GAP8_V2/GCC_RISCV_FREERTOS//gap_sdk/rtos/freeRTOS/vendors/gwt/gap8/pmsis/drivers/gpio/gpio.o
 .text.pi_gpio_conf_init
                0x000000001c0069e2        0xa /module/deploy/classification/BUILD/GAP8_V2/GCC_RISCV_FREERTOS//gap_sdk/rtos/freeRTOS/vendors/gwt/gap8/pmsis/drivers/gpio/gpio.o
                0x000000001c0069e2                pi_gpio_conf_init
 .text.pi_gpio_open
                0x000000001c0069ec       0xa0 /module/deploy/classification/BUILD/GAP8_V2/GCC_RISCV_FREERTOS//gap_sdk/rtos/freeRTOS/vendors/gwt/gap8/pmsis/drivers/gpio/gpio.o
                0x000000001c0069ec                pi_gpio_open
 .text.pi_gpio_pin_configure
                0x000000001c006a8c       0xc2 /module/deploy/classification/BUILD/GAP8_V2/GCC_RISCV_FREERTOS//gap_sdk/rtos/freeRTOS/vendors/gwt/gap8/pmsis/drivers/gpio/gpio.o
                0x000000001c006a8c                pi_gpio_pin_configure
 .text.pi_gpio_pin_write
                0x000000001c006b4e       0x36 /module/deploy/classification/BUILD/GAP8_V2/GCC_RISCV_FREERTOS//gap_sdk/rtos/freeRTOS/vendors/gwt/gap8/pmsis/drivers/gpio/gpio.o
                0x000000001c006b4e                pi_gpio_pin_write
 .text.pi_gpio_pin_read
                0x000000001c006b84       0x3c /module/deploy/classification/BUILD/GAP8_V2/GCC_RISCV_FREERTOS//gap_sdk/rtos/freeRTOS/vendors/gwt/gap8/pmsis/drivers/gpio/gpio.o
                0x000000001c006b84                pi_gpio_pin_read
 .text.pi_gpio_pin_notif_configure
                0x000000001c006bc0       0x56 /module/deploy/classification/BUILD/GAP8_V2/GCC_RISCV_FREERTOS//gap_sdk/rtos/freeRTOS/vendors/gwt/gap8/pmsis/drivers/gpio/gpio.o
                0x000000001c006bc0                pi_gpio_pin_notif_configure
 .text.pi_gpio_callback_add
                0x000000001c006c16       0x1e /module/deploy/classification/BUILD/GAP8_V2/GCC_RISCV_FREERTOS//gap_sdk/rtos/freeRTOS/vendors/gwt/gap8/pmsis/drivers/gpio/gpio.o
                0x000000001c006c16                pi_gpio_callback_add
 .text.pi_pad_set_function
                0x000000001c006c34       0x34 /module/deploy/classification/BUILD/GAP8_V2/GCC_RISCV_FREERTOS//gap_sdk/rtos/freeRTOS/vendors/gwt/gap8/pmsis/drivers/pad/pad.o
                0x000000001c006c34                pi_pad_set_function
 .text.pi_pad_init
                0x000000001c006c68       0x26 /module/deploy/classification/BUILD/GAP8_V2/GCC_RISCV_FREERTOS//gap_sdk/rtos/freeRTOS/vendors/gwt/gap8/pmsis/drivers/pad/pad.o
                0x000000001c006c68                pi_pad_init
 .text.__pi_pmu_handler
                0x000000001c006c8e       0x1e /module/deploy/classification/BUILD/GAP8_V2/GCC_RISCV_FREERTOS//gap_sdk/rtos/freeRTOS/vendors/gwt/gap8/pmsis/drivers/pmu/pmu_internal.o
 .text.__pi_pmu_task_fifo_enqueue
                0x000000001c006cac       0x26 /module/deploy/classification/BUILD/GAP8_V2/GCC_RISCV_FREERTOS//gap_sdk/rtos/freeRTOS/vendors/gwt/gap8/pmsis/drivers/pmu/pmu_internal.o
 .text.__pi_pmu_regulator_state_change
                0x000000001c006cd2       0xaa /module/deploy/classification/BUILD/GAP8_V2/GCC_RISCV_FREERTOS//gap_sdk/rtos/freeRTOS/vendors/gwt/gap8/pmsis/drivers/pmu/pmu_internal.o
 .text.__pi_pmu_init
                0x000000001c006d7c       0xfa /module/deploy/classification/BUILD/GAP8_V2/GCC_RISCV_FREERTOS//gap_sdk/rtos/freeRTOS/vendors/gwt/gap8/pmsis/drivers/pmu/pmu_internal.o
                0x000000001c006d7c                __pi_pmu_init
 .text.__pi_pmu_voltage_set
                0x000000001c006e76       0x8e /module/deploy/classification/BUILD/GAP8_V2/GCC_RISCV_FREERTOS//gap_sdk/rtos/freeRTOS/vendors/gwt/gap8/pmsis/drivers/pmu/pmu_internal.o
                0x000000001c006e76                __pi_pmu_voltage_set
 .text.__pi_pmu_cluster_power_on
                0x000000001c006f04       0xe6 /module/deploy/classification/BUILD/GAP8_V2/GCC_RISCV_FREERTOS//gap_sdk/rtos/freeRTOS/vendors/gwt/gap8/pmsis/drivers/pmu/pmu_internal.o
                0x000000001c006f04                __pi_pmu_cluster_power_on
 .text.__pi_pmu_cluster_power_off
                0x000000001c006fea       0x9e /module/deploy/classification/BUILD/GAP8_V2/GCC_RISCV_FREERTOS//gap_sdk/rtos/freeRTOS/vendors/gwt/gap8/pmsis/drivers/pmu/pmu_internal.o
                0x000000001c006fea                __pi_pmu_cluster_power_off
 .text.pi_timer_init
                0x000000001c007088       0x32 /module/deploy/classification/BUILD/GAP8_V2/GCC_RISCV_FREERTOS//gap_sdk/rtos/freeRTOS/vendors/gwt/gap8/pmsis/drivers/timer/timer.o
                0x000000001c007088                pi_timer_init
 .text.pi_timer_stop
                0x000000001c0070ba       0x26 /module/deploy/classification/BUILD/GAP8_V2/GCC_RISCV_FREERTOS//gap_sdk/rtos/freeRTOS/vendors/gwt/gap8/pmsis/drivers/timer/timer.o
                0x000000001c0070ba                pi_timer_stop
 .text.hal_soc_eu_set_fc_mask
                0x000000001c0070e0       0x2e /module/deploy/classification/BUILD/GAP8_V2/GCC_RISCV_FREERTOS//gap_sdk/rtos/freeRTOS/vendors/gwt/gap8/pmsis/drivers/udma/hyperbus/hyperbus.o
 .text.hal_soc_eu_clear_fc_mask
                0x000000001c00710e       0x26 /module/deploy/classification/BUILD/GAP8_V2/GCC_RISCV_FREERTOS//gap_sdk/rtos/freeRTOS/vendors/gwt/gap8/pmsis/drivers/udma/hyperbus/hyperbus.o
 .text.pi_hyper_conf_init
                0x000000001c007134       0x22 /module/deploy/classification/BUILD/GAP8_V2/GCC_RISCV_FREERTOS//gap_sdk/rtos/freeRTOS/vendors/gwt/gap8/pmsis/drivers/udma/hyperbus/hyperbus.o
                0x000000001c007134                pi_hyper_conf_init
 .text.pi_hyper_open
                0x000000001c007156       0xe0 /module/deploy/classification/BUILD/GAP8_V2/GCC_RISCV_FREERTOS//gap_sdk/rtos/freeRTOS/vendors/gwt/gap8/pmsis/drivers/udma/hyperbus/hyperbus.o
                0x000000001c007156                pi_hyper_open
 .text.pi_hyper_close
                0x000000001c007236       0x90 /module/deploy/classification/BUILD/GAP8_V2/GCC_RISCV_FREERTOS//gap_sdk/rtos/freeRTOS/vendors/gwt/gap8/pmsis/drivers/udma/hyperbus/hyperbus.o
                0x000000001c007236                pi_hyper_close
 .text.__pi_hyper_task_fifo_enqueue.isra.4
                0x000000001c0072c6       0x22 /module/deploy/classification/BUILD/GAP8_V2/GCC_RISCV_FREERTOS//gap_sdk/rtos/freeRTOS/vendors/gwt/gap8/pmsis/drivers/udma/hyperbus/hyperbus_internal.o
 .text.__pi_hyper_copy_aligned.isra.6
                0x000000001c0072e8       0x4a /module/deploy/classification/BUILD/GAP8_V2/GCC_RISCV_FREERTOS//gap_sdk/rtos/freeRTOS/vendors/gwt/gap8/pmsis/drivers/udma/hyperbus/hyperbus_internal.o
 .text.__pi_hyper_copy_misaligned
                0x000000001c007332      0x294 /module/deploy/classification/BUILD/GAP8_V2/GCC_RISCV_FREERTOS//gap_sdk/rtos/freeRTOS/vendors/gwt/gap8/pmsis/drivers/udma/hyperbus/hyperbus_internal.o
 .text.__pi_hyper_copy_exec
                0x000000001c0075c6       0x4a /module/deploy/classification/BUILD/GAP8_V2/GCC_RISCV_FREERTOS//gap_sdk/rtos/freeRTOS/vendors/gwt/gap8/pmsis/drivers/udma/hyperbus/hyperbus_internal.o
 .text.__pi_hyper_settings
                0x000000001c007610      0x136 /module/deploy/classification/BUILD/GAP8_V2/GCC_RISCV_FREERTOS//gap_sdk/rtos/freeRTOS/vendors/gwt/gap8/pmsis/drivers/udma/hyperbus/hyperbus_internal.o
                0x000000001c007610                __pi_hyper_settings
 .text.__pi_hyper_pin_settings
                0x000000001c007746       0x2c /module/deploy/classification/BUILD/GAP8_V2/GCC_RISCV_FREERTOS//gap_sdk/rtos/freeRTOS/vendors/gwt/gap8/pmsis/drivers/udma/hyperbus/hyperbus_internal.o
                0x000000001c007746                __pi_hyper_pin_settings
 .text.__pi_hyper_pin_reset_settings
                0x000000001c007772       0x2c /module/deploy/classification/BUILD/GAP8_V2/GCC_RISCV_FREERTOS//gap_sdk/rtos/freeRTOS/vendors/gwt/gap8/pmsis/drivers/udma/hyperbus/hyperbus_internal.o
                0x000000001c007772                __pi_hyper_pin_reset_settings
 .text.__pi_hyper_copy
                0x000000001c00779e       0x5e /module/deploy/classification/BUILD/GAP8_V2/GCC_RISCV_FREERTOS//gap_sdk/rtos/freeRTOS/vendors/gwt/gap8/pmsis/drivers/udma/hyperbus/hyperbus_internal.o
                0x000000001c00779e                __pi_hyper_copy
 .text.__pi_hyper_copy_2d
                0x000000001c0077fc       0x7a /module/deploy/classification/BUILD/GAP8_V2/GCC_RISCV_FREERTOS//gap_sdk/rtos/freeRTOS/vendors/gwt/gap8/pmsis/drivers/udma/hyperbus/hyperbus_internal.o
                0x000000001c0077fc                __pi_hyper_copy_2d
 .text.pi_cpi_conf_init
                0x000000001c007876        0x2 /module/deploy/classification/BUILD/GAP8_V2/GCC_RISCV_FREERTOS//gap_sdk/rtos/freeRTOS/vendors/gwt/gap8/pmsis/drivers/udma/cpi/cpi.o
                0x000000001c007876                pi_cpi_conf_init
 .text.pi_cpi_open
                0x000000001c007878        0x8 /module/deploy/classification/BUILD/GAP8_V2/GCC_RISCV_FREERTOS//gap_sdk/rtos/freeRTOS/vendors/gwt/gap8/pmsis/drivers/udma/cpi/cpi.o
                0x000000001c007878                pi_cpi_open
 .text.pi_cpi_close
                0x000000001c007880       0x1e /module/deploy/classification/BUILD/GAP8_V2/GCC_RISCV_FREERTOS//gap_sdk/rtos/freeRTOS/vendors/gwt/gap8/pmsis/drivers/udma/cpi/cpi.o
                0x000000001c007880                pi_cpi_close
 .text.pi_cpi_capture_async
                0x000000001c00789e        0x4 /module/deploy/classification/BUILD/GAP8_V2/GCC_RISCV_FREERTOS//gap_sdk/rtos/freeRTOS/vendors/gwt/gap8/pmsis/drivers/udma/cpi/cpi.o
                0x000000001c00789e                pi_cpi_capture_async
 .text.__pi_cpi_copy_exec
                0x000000001c0078a2       0x8a /module/deploy/classification/BUILD/GAP8_V2/GCC_RISCV_FREERTOS//gap_sdk/rtos/freeRTOS/vendors/gwt/gap8/pmsis/drivers/udma/cpi/cpi_internal.o
 .text.__pi_cpi_handler
                0x000000001c00792c      0x128 /module/deploy/classification/BUILD/GAP8_V2/GCC_RISCV_FREERTOS//gap_sdk/rtos/freeRTOS/vendors/gwt/gap8/pmsis/drivers/udma/cpi/cpi_internal.o
 .text.__pi_cpi_conf_init
                0x000000001c007a54        0xc /module/deploy/classification/BUILD/GAP8_V2/GCC_RISCV_FREERTOS//gap_sdk/rtos/freeRTOS/vendors/gwt/gap8/pmsis/drivers/udma/cpi/cpi_internal.o
                0x000000001c007a54                __pi_cpi_conf_init
 .text.__pi_cpi_open
                0x000000001c007a60       0xe0 /module/deploy/classification/BUILD/GAP8_V2/GCC_RISCV_FREERTOS//gap_sdk/rtos/freeRTOS/vendors/gwt/gap8/pmsis/drivers/udma/cpi/cpi_internal.o
                0x000000001c007a60                __pi_cpi_open
 .text.__pi_cpi_close
                0x000000001c007b40       0x84 /module/deploy/classification/BUILD/GAP8_V2/GCC_RISCV_FREERTOS//gap_sdk/rtos/freeRTOS/vendors/gwt/gap8/pmsis/drivers/udma/cpi/cpi_internal.o
                0x000000001c007b40                __pi_cpi_close
 .text.__pi_cpi_copy
                0x000000001c007bc4       0x5e /module/deploy/classification/BUILD/GAP8_V2/GCC_RISCV_FREERTOS//gap_sdk/rtos/freeRTOS/vendors/gwt/gap8/pmsis/drivers/udma/cpi/cpi_internal.o
                0x000000001c007bc4                __pi_cpi_copy
 .text.pi_i2c_conf_init
                0x000000001c007c22        0x2 /module/deploy/classification/BUILD/GAP8_V2/GCC_RISCV_FREERTOS//gap_sdk/rtos/freeRTOS/vendors/gwt/gap8/pmsis/drivers/udma/i2c/i2c.o
                0x000000001c007c22                pi_i2c_conf_init
 .text.pi_i2c_open
                0x000000001c007c24        0x8 /module/deploy/classification/BUILD/GAP8_V2/GCC_RISCV_FREERTOS//gap_sdk/rtos/freeRTOS/vendors/gwt/gap8/pmsis/drivers/udma/i2c/i2c.o
                0x000000001c007c24                pi_i2c_open
 .text.pi_i2c_read_async
                0x000000001c007c2c        0x8 /module/deploy/classification/BUILD/GAP8_V2/GCC_RISCV_FREERTOS//gap_sdk/rtos/freeRTOS/vendors/gwt/gap8/pmsis/drivers/udma/i2c/i2c.o
                0x000000001c007c2c                pi_i2c_read_async
 .text.pi_i2c_read
                0x000000001c007c34       0x38 /module/deploy/classification/BUILD/GAP8_V2/GCC_RISCV_FREERTOS//gap_sdk/rtos/freeRTOS/vendors/gwt/gap8/pmsis/drivers/udma/i2c/i2c.o
                0x000000001c007c34                pi_i2c_read
 .text.pi_i2c_write_async
                0x000000001c007c6c        0x8 /module/deploy/classification/BUILD/GAP8_V2/GCC_RISCV_FREERTOS//gap_sdk/rtos/freeRTOS/vendors/gwt/gap8/pmsis/drivers/udma/i2c/i2c.o
                0x000000001c007c6c                pi_i2c_write_async
 .text.pi_i2c_write
                0x000000001c007c74       0x38 /module/deploy/classification/BUILD/GAP8_V2/GCC_RISCV_FREERTOS//gap_sdk/rtos/freeRTOS/vendors/gwt/gap8/pmsis/drivers/udma/i2c/i2c.o
                0x000000001c007c74                pi_i2c_write
 .text.hal_soc_eu_set_fc_mask
                0x000000001c007cac       0x2e /module/deploy/classification/BUILD/GAP8_V2/GCC_RISCV_FREERTOS//gap_sdk/rtos/freeRTOS/vendors/gwt/gap8/pmsis/drivers/udma/i2c/i2c_internal.o
 .text.__pi_i2c_clk_div_get
                0x000000001c007cda       0x38 /module/deploy/classification/BUILD/GAP8_V2/GCC_RISCV_FREERTOS//gap_sdk/rtos/freeRTOS/vendors/gwt/gap8/pmsis/drivers/udma/i2c/i2c_internal.o
 .text.__pi_i2c_freq_cb
                0x000000001c007d12       0x42 /module/deploy/classification/BUILD/GAP8_V2/GCC_RISCV_FREERTOS//gap_sdk/rtos/freeRTOS/vendors/gwt/gap8/pmsis/drivers/udma/i2c/i2c_internal.o
 .text.__pi_i2c_copy_exec_write
                0x000000001c007d54       0xc4 /module/deploy/classification/BUILD/GAP8_V2/GCC_RISCV_FREERTOS//gap_sdk/rtos/freeRTOS/vendors/gwt/gap8/pmsis/drivers/udma/i2c/i2c_internal.o
 .text.__pi_i2c_copy_exec_read
                0x000000001c007e18       0xce /module/deploy/classification/BUILD/GAP8_V2/GCC_RISCV_FREERTOS//gap_sdk/rtos/freeRTOS/vendors/gwt/gap8/pmsis/drivers/udma/i2c/i2c_internal.o
 .text.__pi_i2c_handler
                0x000000001c007ee6      0x114 /module/deploy/classification/BUILD/GAP8_V2/GCC_RISCV_FREERTOS//gap_sdk/rtos/freeRTOS/vendors/gwt/gap8/pmsis/drivers/udma/i2c/i2c_internal.o
 .text.__pi_i2c_conf_init
                0x000000001c007ffa       0x18 /module/deploy/classification/BUILD/GAP8_V2/GCC_RISCV_FREERTOS//gap_sdk/rtos/freeRTOS/vendors/gwt/gap8/pmsis/drivers/udma/i2c/i2c_internal.o
                0x000000001c007ffa                __pi_i2c_conf_init
 .text.__pi_i2c_open
                0x000000001c008012      0x164 /module/deploy/classification/BUILD/GAP8_V2/GCC_RISCV_FREERTOS//gap_sdk/rtos/freeRTOS/vendors/gwt/gap8/pmsis/drivers/udma/i2c/i2c_internal.o
                0x000000001c008012                __pi_i2c_open
 .text.__pi_i2c_copy
                0x000000001c008176       0x6a /module/deploy/classification/BUILD/GAP8_V2/GCC_RISCV_FREERTOS//gap_sdk/rtos/freeRTOS/vendors/gwt/gap8/pmsis/drivers/udma/i2c/i2c_internal.o
                0x000000001c008176                __pi_i2c_copy
 .text.pi_task_block
                0x000000001c0081e0        0x4 /module/deploy/classification/BUILD/GAP8_V2/GCC_RISCV_FREERTOS//gap_sdk/rtos/freeRTOS/vendors/gwt/gap8/pmsis/drivers/udma/spi/spi.o
 .text.pi_spi_open
                0x000000001c0081e4       0x1c /module/deploy/classification/BUILD/GAP8_V2/GCC_RISCV_FREERTOS//gap_sdk/rtos/freeRTOS/vendors/gwt/gap8/pmsis/drivers/udma/spi/spi.o
                0x000000001c0081e4                pi_spi_open
 .text.pi_spi_transfer_async
                0x000000001c008200        0x4 /module/deploy/classification/BUILD/GAP8_V2/GCC_RISCV_FREERTOS//gap_sdk/rtos/freeRTOS/vendors/gwt/gap8/pmsis/drivers/udma/spi/spi.o
                0x000000001c008200                pi_spi_transfer_async
 .text.pi_spi_transfer
                0x000000001c008204       0x3a /module/deploy/classification/BUILD/GAP8_V2/GCC_RISCV_FREERTOS//gap_sdk/rtos/freeRTOS/vendors/gwt/gap8/pmsis/drivers/udma/spi/spi.o
                0x000000001c008204                pi_spi_transfer
 .text.hal_soc_eu_set_fc_mask
                0x000000001c00823e       0x2e /module/deploy/classification/BUILD/GAP8_V2/GCC_RISCV_FREERTOS//gap_sdk/rtos/freeRTOS/vendors/gwt/gap8/pmsis/drivers/udma/spi/spi_internal.o
 .text.hal_soc_eu_clear_fc_mask
                0x000000001c00826c       0x26 /module/deploy/classification/BUILD/GAP8_V2/GCC_RISCV_FREERTOS//gap_sdk/rtos/freeRTOS/vendors/gwt/gap8/pmsis/drivers/udma/spi/spi_internal.o
 .text.__pi_spim_drv_fifo_enqueue
                0x000000001c008292       0x36 /module/deploy/classification/BUILD/GAP8_V2/GCC_RISCV_FREERTOS//gap_sdk/rtos/freeRTOS/vendors/gwt/gap8/pmsis/drivers/udma/spi/spi_internal.o
 .text.__pi_spim_drv_fifo_enqueue_task.isra.0
                0x000000001c0082c8       0x1c /module/deploy/classification/BUILD/GAP8_V2/GCC_RISCV_FREERTOS//gap_sdk/rtos/freeRTOS/vendors/gwt/gap8/pmsis/drivers/udma/spi/spi_internal.o
 .text.__pi_spi_clk_div_get
                0x000000001c0082e4       0x34 /module/deploy/classification/BUILD/GAP8_V2/GCC_RISCV_FREERTOS//gap_sdk/rtos/freeRTOS/vendors/gwt/gap8/pmsis/drivers/udma/spi/spi_internal.o
 .text.__pi_spi_freq_cb
                0x000000001c008318       0x64 /module/deploy/classification/BUILD/GAP8_V2/GCC_RISCV_FREERTOS//gap_sdk/rtos/freeRTOS/vendors/gwt/gap8/pmsis/drivers/udma/spi/spi_internal.o
                0x000000001c008318                __pi_spi_freq_cb
 .text.pi_spi_conf_init
                0x000000001c00837c       0x26 /module/deploy/classification/BUILD/GAP8_V2/GCC_RISCV_FREERTOS//gap_sdk/rtos/freeRTOS/vendors/gwt/gap8/pmsis/drivers/udma/spi/spi_internal.o
                0x000000001c00837c                pi_spi_conf_init
 .text.__pi_spi_open
                0x000000001c0083a2      0x254 /module/deploy/classification/BUILD/GAP8_V2/GCC_RISCV_FREERTOS//gap_sdk/rtos/freeRTOS/vendors/gwt/gap8/pmsis/drivers/udma/spi/spi_internal.o
                0x000000001c0083a2                __pi_spi_open
 .text.__pi_spi_receive_async
                0x000000001c0085f6       0xda /module/deploy/classification/BUILD/GAP8_V2/GCC_RISCV_FREERTOS//gap_sdk/rtos/freeRTOS/vendors/gwt/gap8/pmsis/drivers/udma/spi/spi_internal.o
                0x000000001c0085f6                __pi_spi_receive_async
 .text.__pi_spi_send_async
                0x000000001c0086d0      0x108 /module/deploy/classification/BUILD/GAP8_V2/GCC_RISCV_FREERTOS//gap_sdk/rtos/freeRTOS/vendors/gwt/gap8/pmsis/drivers/udma/spi/spi_internal.o
                0x000000001c0086d0                __pi_spi_send_async
 .text.__pi_spi_xfer_async
                0x000000001c0087d8       0xfe /module/deploy/classification/BUILD/GAP8_V2/GCC_RISCV_FREERTOS//gap_sdk/rtos/freeRTOS/vendors/gwt/gap8/pmsis/drivers/udma/spi/spi_internal.o
                0x000000001c0087d8                __pi_spi_xfer_async
 .text.__ucode_patch
                0x000000001c0088d6       0x2e /module/deploy/classification/BUILD/GAP8_V2/GCC_RISCV_FREERTOS//gap_sdk/rtos/freeRTOS/vendors/gwt/gap8/pmsis/drivers/udma/spi/spi_internal.o
                0x000000001c0088d6                __ucode_patch
 .text.__spi_cpy_read_aligned
                0x000000001c008904      0x176 /module/deploy/classification/BUILD/GAP8_V2/GCC_RISCV_FREERTOS//gap_sdk/rtos/freeRTOS/vendors/gwt/gap8/pmsis/drivers/udma/spi/spi_internal.o
 .text.__spi_cpy_send_aligned
                0x000000001c008a7a      0x166 /module/deploy/classification/BUILD/GAP8_V2/GCC_RISCV_FREERTOS//gap_sdk/rtos/freeRTOS/vendors/gwt/gap8/pmsis/drivers/udma/spi/spi_internal.o
 .text.__pi_spim_exec_post_transfer
                0x000000001c008be0       0x1c /module/deploy/classification/BUILD/GAP8_V2/GCC_RISCV_FREERTOS//gap_sdk/rtos/freeRTOS/vendors/gwt/gap8/pmsis/drivers/udma/spi/spi_internal.o
 .text.__pi_spi_copy_async
                0x000000001c008bfc      0x418 /module/deploy/classification/BUILD/GAP8_V2/GCC_RISCV_FREERTOS//gap_sdk/rtos/freeRTOS/vendors/gwt/gap8/pmsis/drivers/udma/spi/spi_internal.o
                0x000000001c008bfc                __pi_spi_copy_async
 .text.__pi_spi_copy_async_2d
                0x000000001c009014       0xb0 /module/deploy/classification/BUILD/GAP8_V2/GCC_RISCV_FREERTOS//gap_sdk/rtos/freeRTOS/vendors/gwt/gap8/pmsis/drivers/udma/spi/spi_internal.o
                0x000000001c009014                __pi_spi_copy_async_2d
 .text.spim_eot_handler
                0x000000001c0090c4      0x20c /module/deploy/classification/BUILD/GAP8_V2/GCC_RISCV_FREERTOS//gap_sdk/rtos/freeRTOS/vendors/gwt/gap8/pmsis/drivers/udma/spi/spi_internal.o
                0x000000001c0090c4                spim_eot_handler
 .text.spim_tx_handler
                0x000000001c0092d0       0x20 /module/deploy/classification/BUILD/GAP8_V2/GCC_RISCV_FREERTOS//gap_sdk/rtos/freeRTOS/vendors/gwt/gap8/pmsis/drivers/udma/spi/spi_internal.o
                0x000000001c0092d0                spim_tx_handler
 .text.spim_rx_handler
                0x000000001c0092f0       0x20 /module/deploy/classification/BUILD/GAP8_V2/GCC_RISCV_FREERTOS//gap_sdk/rtos/freeRTOS/vendors/gwt/gap8/pmsis/drivers/udma/spi/spi_internal.o
                0x000000001c0092f0                spim_rx_handler
 .text.pi_uart_conf_init
                0x000000001c009310        0x2 /module/deploy/classification/BUILD/GAP8_V2/GCC_RISCV_FREERTOS//gap_sdk/rtos/freeRTOS/vendors/gwt/gap8/pmsis/drivers/udma/uart/uart.o
                0x000000001c009310                pi_uart_conf_init
 .text.pi_uart_open
                0x000000001c009312        0x6 /module/deploy/classification/BUILD/GAP8_V2/GCC_RISCV_FREERTOS//gap_sdk/rtos/freeRTOS/vendors/gwt/gap8/pmsis/drivers/udma/uart/uart.o
                0x000000001c009312                pi_uart_open
 .text.pi_uart_close
                0x000000001c009318       0x1e /module/deploy/classification/BUILD/GAP8_V2/GCC_RISCV_FREERTOS//gap_sdk/rtos/freeRTOS/vendors/gwt/gap8/pmsis/drivers/udma/uart/uart.o
                0x000000001c009318                pi_uart_close
 .text.pi_uart_write_async
                0x000000001c009336        0x8 /module/deploy/classification/BUILD/GAP8_V2/GCC_RISCV_FREERTOS//gap_sdk/rtos/freeRTOS/vendors/gwt/gap8/pmsis/drivers/udma/uart/uart.o
                0x000000001c009336                pi_uart_write_async
 .text.pi_uart_write
                0x000000001c00933e       0x4a /module/deploy/classification/BUILD/GAP8_V2/GCC_RISCV_FREERTOS//gap_sdk/rtos/freeRTOS/vendors/gwt/gap8/pmsis/drivers/udma/uart/uart.o
                0x000000001c00933e                pi_uart_write
 .text.hal_soc_eu_set_fc_mask
                0x000000001c009388       0x2e /module/deploy/classification/BUILD/GAP8_V2/GCC_RISCV_FREERTOS//gap_sdk/rtos/freeRTOS/vendors/gwt/gap8/pmsis/drivers/udma/uart/uart_internal.o
 .text.hal_soc_eu_clear_fc_mask
                0x000000001c0093b6       0x26 /module/deploy/classification/BUILD/GAP8_V2/GCC_RISCV_FREERTOS//gap_sdk/rtos/freeRTOS/vendors/gwt/gap8/pmsis/drivers/udma/uart/uart_internal.o
 .text.__pi_uart_copy_exec.isra.3
                0x000000001c0093dc       0x44 /module/deploy/classification/BUILD/GAP8_V2/GCC_RISCV_FREERTOS//gap_sdk/rtos/freeRTOS/vendors/gwt/gap8/pmsis/drivers/udma/uart/uart_internal.o
 .text.__pi_uart_handler
                0x000000001c009420       0x84 /module/deploy/classification/BUILD/GAP8_V2/GCC_RISCV_FREERTOS//gap_sdk/rtos/freeRTOS/vendors/gwt/gap8/pmsis/drivers/udma/uart/uart_internal.o
 .text.hal_uart_tx_enable
                0x000000001c0094a4       0x14 /module/deploy/classification/BUILD/GAP8_V2/GCC_RISCV_FREERTOS//gap_sdk/rtos/freeRTOS/vendors/gwt/gap8/pmsis/drivers/udma/uart/uart_internal.o
 .text.hal_uart_tx_disable
                0x000000001c0094b8       0x14 /module/deploy/classification/BUILD/GAP8_V2/GCC_RISCV_FREERTOS//gap_sdk/rtos/freeRTOS/vendors/gwt/gap8/pmsis/drivers/udma/uart/uart_internal.o
 .text.hal_uart_rx_enable
                0x000000001c0094cc       0x14 /module/deploy/classification/BUILD/GAP8_V2/GCC_RISCV_FREERTOS//gap_sdk/rtos/freeRTOS/vendors/gwt/gap8/pmsis/drivers/udma/uart/uart_internal.o
 .text.hal_uart_rx_disable
                0x000000001c0094e0       0x14 /module/deploy/classification/BUILD/GAP8_V2/GCC_RISCV_FREERTOS//gap_sdk/rtos/freeRTOS/vendors/gwt/gap8/pmsis/drivers/udma/uart/uart_internal.o
 .text.__pi_uart_freq_cb
                0x000000001c0094f4       0x7e /module/deploy/classification/BUILD/GAP8_V2/GCC_RISCV_FREERTOS//gap_sdk/rtos/freeRTOS/vendors/gwt/gap8/pmsis/drivers/udma/uart/uart_internal.o
 .text.__pi_uart_conf_set
                0x000000001c009572       0x7a /module/deploy/classification/BUILD/GAP8_V2/GCC_RISCV_FREERTOS//gap_sdk/rtos/freeRTOS/vendors/gwt/gap8/pmsis/drivers/udma/uart/uart_internal.o
 .text.__pi_uart_conf_init
                0x000000001c0095ec       0x18 /module/deploy/classification/BUILD/GAP8_V2/GCC_RISCV_FREERTOS//gap_sdk/rtos/freeRTOS/vendors/gwt/gap8/pmsis/drivers/udma/uart/uart_internal.o
                0x000000001c0095ec                __pi_uart_conf_init
 .text.__pi_uart_open
                0x000000001c009604       0xf0 /module/deploy/classification/BUILD/GAP8_V2/GCC_RISCV_FREERTOS//gap_sdk/rtos/freeRTOS/vendors/gwt/gap8/pmsis/drivers/udma/uart/uart_internal.o
                0x000000001c009604                __pi_uart_open
 .text.__pi_uart_close
                0x000000001c0096f4       0xe4 /module/deploy/classification/BUILD/GAP8_V2/GCC_RISCV_FREERTOS//gap_sdk/rtos/freeRTOS/vendors/gwt/gap8/pmsis/drivers/udma/uart/uart_internal.o
                0x000000001c0096f4                __pi_uart_close
 .text.__pi_uart_copy
                0x000000001c0097d8       0x7a /module/deploy/classification/BUILD/GAP8_V2/GCC_RISCV_FREERTOS//gap_sdk/rtos/freeRTOS/vendors/gwt/gap8/pmsis/drivers/udma/uart/uart_internal.o
                0x000000001c0097d8                __pi_uart_copy
 .text.pi_flash_open
                0x000000001c009852        0xc /module/deploy/classification/BUILD/GAP8_V2/GCC_RISCV_FREERTOS//gap_sdk/rtos/pmsis/bsp/flash/flash.o
                0x000000001c009852                pi_flash_open
 .text.__flash_conf_init
                0x000000001c00985e        0x2 /module/deploy/classification/BUILD/GAP8_V2/GCC_RISCV_FREERTOS//gap_sdk/rtos/pmsis/bsp/flash/flash.o
                0x000000001c00985e                __flash_conf_init
 .text.pi_partition_get_flash_offset
                0x000000001c009860        0xa /module/deploy/classification/BUILD/GAP8_V2/GCC_RISCV_FREERTOS//gap_sdk/rtos/pmsis/bsp/partition/partition.o
                0x000000001c009860                pi_partition_get_flash_offset
 .text.pi_partition_table_free
                0x000000001c00986a        0x2 /module/deploy/classification/BUILD/GAP8_V2/GCC_RISCV_FREERTOS//gap_sdk/rtos/pmsis/bsp/partition/partition.o
                0x000000001c00986a                pi_partition_table_free
 .text.pi_partition_table_load
                0x000000001c00986c        0x4 /module/deploy/classification/BUILD/GAP8_V2/GCC_RISCV_FREERTOS//gap_sdk/rtos/pmsis/bsp/partition/partition.o
                0x000000001c00986c                pi_partition_table_load
 .text.pi_partition_find_first
                0x000000001c009870       0x5e /module/deploy/classification/BUILD/GAP8_V2/GCC_RISCV_FREERTOS//gap_sdk/rtos/pmsis/bsp/partition/partition.o
                0x000000001c009870                pi_partition_find_first
 .text.flash_partition_table_verify
                0x000000001c0098ce       0x74 /module/deploy/classification/BUILD/GAP8_V2/GCC_RISCV_FREERTOS//gap_sdk/rtos/pmsis/bsp/partition/flash_partition.o
                0x000000001c0098ce                flash_partition_table_verify
 .text.flash_partition_table_load
                0x000000001c009942      0x130 /module/deploy/classification/BUILD/GAP8_V2/GCC_RISCV_FREERTOS//gap_sdk/rtos/pmsis/bsp/partition/flash_partition.o
                0x000000001c009942                flash_partition_table_load
 .text.flash_partition_table_free
                0x000000001c009a72       0x24 /module/deploy/classification/BUILD/GAP8_V2/GCC_RISCV_FREERTOS//gap_sdk/rtos/pmsis/bsp/partition/flash_partition.o
                0x000000001c009a72                flash_partition_table_free
 .text.flash_partition_find_first
                0x000000001c009a96       0x6c /module/deploy/classification/BUILD/GAP8_V2/GCC_RISCV_FREERTOS//gap_sdk/rtos/pmsis/bsp/partition/flash_partition.o
                0x000000001c009a96                flash_partition_find_first
 .text.body     0x000000001c009b02      0x8d6 /module/deploy/classification/BUILD/GAP8_V2/GCC_RISCV_FREERTOS//gap_sdk/rtos/pmsis/bsp/crc/md5.o
 .text.MD5_Init
                0x000000001c00a3d8       0x32 /module/deploy/classification/BUILD/GAP8_V2/GCC_RISCV_FREERTOS//gap_sdk/rtos/pmsis/bsp/crc/md5.o
                0x000000001c00a3d8                MD5_Init
 .text.MD5_Update
                0x000000001c00a40a       0x9c /module/deploy/classification/BUILD/GAP8_V2/GCC_RISCV_FREERTOS//gap_sdk/rtos/pmsis/bsp/crc/md5.o
                0x000000001c00a40a                MD5_Update
 .text.MD5_Final
                0x000000001c00a4a6      0x138 /module/deploy/classification/BUILD/GAP8_V2/GCC_RISCV_FREERTOS//gap_sdk/rtos/pmsis/bsp/crc/md5.o
                0x000000001c00a4a6                MD5_Final
 .text.pi_fs_conf_init
                0x000000001c00a5de       0x12 /module/deploy/classification/BUILD/GAP8_V2/GCC_RISCV_FREERTOS//gap_sdk/rtos/pmsis/bsp/fs/fs.o
                0x000000001c00a5de                pi_fs_conf_init
 .text.pi_fs_mount
                0x000000001c00a5f0       0x2c /module/deploy/classification/BUILD/GAP8_V2/GCC_RISCV_FREERTOS//gap_sdk/rtos/pmsis/bsp/fs/fs.o
                0x000000001c00a5f0                pi_fs_mount
 .text.pi_fs_unmount
                0x000000001c00a61c        0x8 /module/deploy/classification/BUILD/GAP8_V2/GCC_RISCV_FREERTOS//gap_sdk/rtos/pmsis/bsp/fs/fs.o
                0x000000001c00a61c                pi_fs_unmount
 .text.pi_fs_open
                0x000000001c00a624        0x8 /module/deploy/classification/BUILD/GAP8_V2/GCC_RISCV_FREERTOS//gap_sdk/rtos/pmsis/bsp/fs/fs.o
                0x000000001c00a624                pi_fs_open
 .text.pi_fs_read_async
                0x000000001c00a62c        0x8 /module/deploy/classification/BUILD/GAP8_V2/GCC_RISCV_FREERTOS//gap_sdk/rtos/pmsis/bsp/fs/fs.o
                0x000000001c00a62c                pi_fs_read_async
 .text.pi_fs_read
                0x000000001c00a634       0x30 /module/deploy/classification/BUILD/GAP8_V2/GCC_RISCV_FREERTOS//gap_sdk/rtos/pmsis/bsp/fs/fs.o
                0x000000001c00a634                pi_fs_read
 .text.pi_fs_write_async
                0x000000001c00a664        0x8 /module/deploy/classification/BUILD/GAP8_V2/GCC_RISCV_FREERTOS//gap_sdk/rtos/pmsis/bsp/fs/fs.o
                0x000000001c00a664                pi_fs_write_async
 .text.pi_fs_write
                0x000000001c00a66c       0x30 /module/deploy/classification/BUILD/GAP8_V2/GCC_RISCV_FREERTOS//gap_sdk/rtos/pmsis/bsp/fs/fs.o
                0x000000001c00a66c                pi_fs_write
 .text.pi_fs_copy_async
                0x000000001c00a69c        0xa /module/deploy/classification/BUILD/GAP8_V2/GCC_RISCV_FREERTOS//gap_sdk/rtos/pmsis/bsp/fs/fs.o
                0x000000001c00a69c                pi_fs_copy_async
 .text.pi_flash_read_async
                0x000000001c00a6a6        0x8 /module/deploy/classification/BUILD/GAP8_V2/GCC_RISCV_FREERTOS//gap_sdk/rtos/pmsis/bsp/fs/read_fs/read_fs.o
 .text.__pi_read_fs_write
                0x000000001c00a6ae       0x3e /module/deploy/classification/BUILD/GAP8_V2/GCC_RISCV_FREERTOS//gap_sdk/rtos/pmsis/bsp/fs/read_fs/read_fs.o
 .text.__pi_read_fs_seek
                0x000000001c00a6ec       0x10 /module/deploy/classification/BUILD/GAP8_V2/GCC_RISCV_FREERTOS//gap_sdk/rtos/pmsis/bsp/fs/read_fs/read_fs.o
 .text.__pi_read_fs_copy_async
                0x000000001c00a6fc       0x18 /module/deploy/classification/BUILD/GAP8_V2/GCC_RISCV_FREERTOS//gap_sdk/rtos/pmsis/bsp/fs/read_fs/read_fs.o
 .text.__pi_read_fs_copy_2d_async
                0x000000001c00a714       0x18 /module/deploy/classification/BUILD/GAP8_V2/GCC_RISCV_FREERTOS//gap_sdk/rtos/pmsis/bsp/fs/read_fs/read_fs.o
 .text.__pi_read_fs_direct_read_async
                0x000000001c00a72c       0x4a /module/deploy/classification/BUILD/GAP8_V2/GCC_RISCV_FREERTOS//gap_sdk/rtos/pmsis/bsp/fs/read_fs/read_fs.o
 .text.pi_task_push
                0x000000001c00a776       0x1a /module/deploy/classification/BUILD/GAP8_V2/GCC_RISCV_FREERTOS//gap_sdk/rtos/pmsis/bsp/fs/read_fs/read_fs.o
 .text.__pi_fs_free
                0x000000001c00a790       0x32 /module/deploy/classification/BUILD/GAP8_V2/GCC_RISCV_FREERTOS//gap_sdk/rtos/pmsis/bsp/fs/read_fs/read_fs.o
 .text.__pi_read_fs_unmount
                0x000000001c00a7c2        0x6 /module/deploy/classification/BUILD/GAP8_V2/GCC_RISCV_FREERTOS//gap_sdk/rtos/pmsis/bsp/fs/read_fs/read_fs.o
 .text.__pi_read_fs_open
                0x000000001c00a7c8      0x11e /module/deploy/classification/BUILD/GAP8_V2/GCC_RISCV_FREERTOS//gap_sdk/rtos/pmsis/bsp/fs/read_fs/read_fs.o
 .text.__pi_fs_mount_step
                0x000000001c00a8e6      0x130 /module/deploy/classification/BUILD/GAP8_V2/GCC_RISCV_FREERTOS//gap_sdk/rtos/pmsis/bsp/fs/read_fs/read_fs.o
 .text.__pi_read_fs_mount
                0x000000001c00aa16       0x7a /module/deploy/classification/BUILD/GAP8_V2/GCC_RISCV_FREERTOS//gap_sdk/rtos/pmsis/bsp/fs/read_fs/read_fs.o
 .text.__pi_read_fs_close
                0x000000001c00aa90       0x4c /module/deploy/classification/BUILD/GAP8_V2/GCC_RISCV_FREERTOS//gap_sdk/rtos/pmsis/bsp/fs/read_fs/read_fs.o
 .text.__pi_fs_read_cached
                0x000000001c00aadc       0x6e /module/deploy/classification/BUILD/GAP8_V2/GCC_RISCV_FREERTOS//gap_sdk/rtos/pmsis/bsp/fs/read_fs/read_fs.o
 .text.__pi_fs_read
                0x000000001c00ab4a       0xe0 /module/deploy/classification/BUILD/GAP8_V2/GCC_RISCV_FREERTOS//gap_sdk/rtos/pmsis/bsp/fs/read_fs/read_fs.o
                0x000000001c00ab4a                __pi_fs_read
 .text.__pi_read_fs_try_read
                0x000000001c00ac2a       0x9e /module/deploy/classification/BUILD/GAP8_V2/GCC_RISCV_FREERTOS//gap_sdk/rtos/pmsis/bsp/fs/read_fs/read_fs.o
 .text.__pi_read_fs_read_async
                0x000000001c00acc8       0x38 /module/deploy/classification/BUILD/GAP8_V2/GCC_RISCV_FREERTOS//gap_sdk/rtos/pmsis/bsp/fs/read_fs/read_fs.o
 .text.__internal_semihost
                0x000000001c00ad00        0xe /module/deploy/classification/BUILD/GAP8_V2/GCC_RISCV_FREERTOS//gap_sdk/rtos/pmsis/bsp/fs/host_fs/host_fs.o
 .text.__pi_host_fs_mount
                0x000000001c00ad0e        0xc /module/deploy/classification/BUILD/GAP8_V2/GCC_RISCV_FREERTOS//gap_sdk/rtos/pmsis/bsp/fs/host_fs/host_fs.o
 .text.__pi_host_fs_unmount
                0x000000001c00ad1a        0x2 /module/deploy/classification/BUILD/GAP8_V2/GCC_RISCV_FREERTOS//gap_sdk/rtos/pmsis/bsp/fs/host_fs/host_fs.o
 .text.__pi_host_fs_seek
                0x000000001c00ad1c       0x18 /module/deploy/classification/BUILD/GAP8_V2/GCC_RISCV_FREERTOS//gap_sdk/rtos/pmsis/bsp/fs/host_fs/host_fs.o
 .text.pi_task_push
                0x000000001c00ad34       0x1a /module/deploy/classification/BUILD/GAP8_V2/GCC_RISCV_FREERTOS//gap_sdk/rtos/pmsis/bsp/fs/host_fs/host_fs.o
 .text.__pi_host_fs_copy_2d_async
                0x000000001c00ad4e       0x84 /module/deploy/classification/BUILD/GAP8_V2/GCC_RISCV_FREERTOS//gap_sdk/rtos/pmsis/bsp/fs/host_fs/host_fs.o
 .text.__pi_host_fs_write_async
                0x000000001c00add2       0x3a /module/deploy/classification/BUILD/GAP8_V2/GCC_RISCV_FREERTOS//gap_sdk/rtos/pmsis/bsp/fs/host_fs/host_fs.o
 .text.__pi_host_fs_read_async
                0x000000001c00ae0c       0x36 /module/deploy/classification/BUILD/GAP8_V2/GCC_RISCV_FREERTOS//gap_sdk/rtos/pmsis/bsp/fs/host_fs/host_fs.o
 .text.__pi_host_fs_copy_async
                0x000000001c00ae42       0x48 /module/deploy/classification/BUILD/GAP8_V2/GCC_RISCV_FREERTOS//gap_sdk/rtos/pmsis/bsp/fs/host_fs/host_fs.o
 .text.__pi_host_fs_direct_read_async
                0x000000001c00ae8a        0x4 /module/deploy/classification/BUILD/GAP8_V2/GCC_RISCV_FREERTOS//gap_sdk/rtos/pmsis/bsp/fs/host_fs/host_fs.o
 .text.__pi_host_fs_close
                0x000000001c00ae8e       0x1e /module/deploy/classification/BUILD/GAP8_V2/GCC_RISCV_FREERTOS//gap_sdk/rtos/pmsis/bsp/fs/host_fs/host_fs.o
 .text.__pi_host_fs_open
                0x000000001c00aeac       0x7c /module/deploy/classification/BUILD/GAP8_V2/GCC_RISCV_FREERTOS//gap_sdk/rtos/pmsis/bsp/fs/host_fs/host_fs.o
 .text.__bsp_init_pads
                0x000000001c00af28       0x3c /module/deploy/classification/BUILD/GAP8_V2/GCC_RISCV_FREERTOS//gap_sdk/rtos/pmsis/bsp/bsp/ai_deck.o
 .text.bsp_hyperram_conf_init
                0x000000001c00af64       0x18 /module/deploy/classification/BUILD/GAP8_V2/GCC_RISCV_FREERTOS//gap_sdk/rtos/pmsis/bsp/bsp/ai_deck.o
                0x000000001c00af64                bsp_hyperram_conf_init
 .text.bsp_hyperram_open
                0x000000001c00af7c       0x10 /module/deploy/classification/BUILD/GAP8_V2/GCC_RISCV_FREERTOS//gap_sdk/rtos/pmsis/bsp/bsp/ai_deck.o
                0x000000001c00af7c                bsp_hyperram_open
 .text.bsp_hyperflash_conf_init
                0x000000001c00af8c        0xa /module/deploy/classification/BUILD/GAP8_V2/GCC_RISCV_FREERTOS//gap_sdk/rtos/pmsis/bsp/bsp/ai_deck.o
                0x000000001c00af8c                bsp_hyperflash_conf_init
 .text.bsp_hyperflash_open
                0x000000001c00af96       0x10 /module/deploy/classification/BUILD/GAP8_V2/GCC_RISCV_FREERTOS//gap_sdk/rtos/pmsis/bsp/bsp/ai_deck.o
                0x000000001c00af96                bsp_hyperflash_open
 .text.bsp_himax_conf_init
                0x000000001c00afa6       0x1a /module/deploy/classification/BUILD/GAP8_V2/GCC_RISCV_FREERTOS//gap_sdk/rtos/pmsis/bsp/bsp/ai_deck.o
                0x000000001c00afa6                bsp_himax_conf_init
 .text.bsp_himax_open
                0x000000001c00afc0       0x10 /module/deploy/classification/BUILD/GAP8_V2/GCC_RISCV_FREERTOS//gap_sdk/rtos/pmsis/bsp/bsp/ai_deck.o
                0x000000001c00afc0                bsp_himax_open
 .text.pi_bsp_init
                0x000000001c00afd0        0x4 /module/deploy/classification/BUILD/GAP8_V2/GCC_RISCV_FREERTOS//gap_sdk/rtos/pmsis/bsp/bsp/ai_deck.o
                0x000000001c00afd0                pi_bsp_init
 .text.pi_camera_open
                0x000000001c00afd4        0xc /module/deploy/classification/BUILD/GAP8_V2/GCC_RISCV_FREERTOS//gap_sdk/rtos/pmsis/bsp/camera/camera.o
                0x000000001c00afd4                pi_camera_open
 .text.__camera_conf_init
                0x000000001c00afe0        0x2 /module/deploy/classification/BUILD/GAP8_V2/GCC_RISCV_FREERTOS//gap_sdk/rtos/pmsis/bsp/camera/camera.o
                0x000000001c00afe0                __camera_conf_init
 .text.__himax_reg_write
                0x000000001c00afe2       0x20 /module/deploy/classification/BUILD/GAP8_V2/GCC_RISCV_FREERTOS//gap_sdk/rtos/pmsis/bsp/camera/himax/himax.o
 .text.__himax_init_regs
                0x000000001c00b002       0x3e /module/deploy/classification/BUILD/GAP8_V2/GCC_RISCV_FREERTOS//gap_sdk/rtos/pmsis/bsp/camera/himax/himax.o
 .text.__himax_set_qqvga
                0x000000001c00b040       0x30 /module/deploy/classification/BUILD/GAP8_V2/GCC_RISCV_FREERTOS//gap_sdk/rtos/pmsis/bsp/camera/himax/himax.o
 .text.__himax_reg_set
                0x000000001c00b070       0x1a /module/deploy/classification/BUILD/GAP8_V2/GCC_RISCV_FREERTOS//gap_sdk/rtos/pmsis/bsp/camera/himax/himax.o
                0x000000001c00b070                __himax_reg_set
 .text.__himax_reg_read
                0x000000001c00b08a       0x44 /module/deploy/classification/BUILD/GAP8_V2/GCC_RISCV_FREERTOS//gap_sdk/rtos/pmsis/bsp/camera/himax/himax.o
 .text.__himax_reset
                0x000000001c00b0ce       0x3c /module/deploy/classification/BUILD/GAP8_V2/GCC_RISCV_FREERTOS//gap_sdk/rtos/pmsis/bsp/camera/himax/himax.o
 .text.__himax_reg_get
                0x000000001c00b10a       0x1e /module/deploy/classification/BUILD/GAP8_V2/GCC_RISCV_FREERTOS//gap_sdk/rtos/pmsis/bsp/camera/himax/himax.o
                0x000000001c00b10a                __himax_reg_get
 .text.__himax_capture_async
                0x000000001c00b128        0xa /module/deploy/classification/BUILD/GAP8_V2/GCC_RISCV_FREERTOS//gap_sdk/rtos/pmsis/bsp/camera/himax/himax.o
                0x000000001c00b128                __himax_capture_async
 .text.__himax_standby
                0x000000001c00b132       0x24 /module/deploy/classification/BUILD/GAP8_V2/GCC_RISCV_FREERTOS//gap_sdk/rtos/pmsis/bsp/camera/himax/himax.o
 .text.__himax_close
                0x000000001c00b156       0x26 /module/deploy/classification/BUILD/GAP8_V2/GCC_RISCV_FREERTOS//gap_sdk/rtos/pmsis/bsp/camera/himax/himax.o
 .text.cpi_format_set
                0x000000001c00b17c       0x14 /module/deploy/classification/BUILD/GAP8_V2/GCC_RISCV_FREERTOS//gap_sdk/rtos/pmsis/bsp/camera/himax/himax.o
 .text.__himax_open
                0x000000001c00b190      0x1b2 /module/deploy/classification/BUILD/GAP8_V2/GCC_RISCV_FREERTOS//gap_sdk/rtos/pmsis/bsp/camera/himax/himax.o
                0x000000001c00b190                __himax_open
 .text.__himax_reopen
                0x000000001c00b342       0xcc /module/deploy/classification/BUILD/GAP8_V2/GCC_RISCV_FREERTOS//gap_sdk/rtos/pmsis/bsp/camera/himax/himax.o
                0x000000001c00b342                __himax_reopen
 .text.__himax_control
                0x000000001c00b40e       0xb0 /module/deploy/classification/BUILD/GAP8_V2/GCC_RISCV_FREERTOS//gap_sdk/rtos/pmsis/bsp/camera/himax/himax.o
 .text.pi_himax_conf_init
                0x000000001c00b4be       0x2e /module/deploy/classification/BUILD/GAP8_V2/GCC_RISCV_FREERTOS//gap_sdk/rtos/pmsis/bsp/camera/himax/himax.o
                0x000000001c00b4be                pi_himax_conf_init
 .text.hyperflash_ioctl
                0x000000001c00b4ec        0xe /module/deploy/classification/BUILD/GAP8_V2/GCC_RISCV_FREERTOS//gap_sdk/rtos/pmsis/bsp/flash/hyperflash/hyperflash.o
 .text.hyperflash_stall_task
                0x000000001c00b4fa       0x40 /module/deploy/classification/BUILD/GAP8_V2/GCC_RISCV_FREERTOS//gap_sdk/rtos/pmsis/bsp/flash/hyperflash/hyperflash.o
 .text.hyperflash_close
                0x000000001c00b53a       0x1e /module/deploy/classification/BUILD/GAP8_V2/GCC_RISCV_FREERTOS//gap_sdk/rtos/pmsis/bsp/flash/hyperflash/hyperflash.o
 .text.hyperflash_open
                0x000000001c00b558       0x8e /module/deploy/classification/BUILD/GAP8_V2/GCC_RISCV_FREERTOS//gap_sdk/rtos/pmsis/bsp/flash/hyperflash/hyperflash.o
 .text.pi_hyper_write_async.isra.0
                0x000000001c00b5e6       0x34 /module/deploy/classification/BUILD/GAP8_V2/GCC_RISCV_FREERTOS//gap_sdk/rtos/pmsis/bsp/flash/hyperflash/hyperflash.o
 .text.hyperflash_read_async
                0x000000001c00b61a       0x92 /module/deploy/classification/BUILD/GAP8_V2/GCC_RISCV_FREERTOS//gap_sdk/rtos/pmsis/bsp/flash/hyperflash/hyperflash.o
 .text.hyperflash_read
                0x000000001c00b6ac       0x32 /module/deploy/classification/BUILD/GAP8_V2/GCC_RISCV_FREERTOS//gap_sdk/rtos/pmsis/bsp/flash/hyperflash/hyperflash.o
 .text.hyperflash_read_2d_async
                0x000000001c00b6de       0xa2 /module/deploy/classification/BUILD/GAP8_V2/GCC_RISCV_FREERTOS//gap_sdk/rtos/pmsis/bsp/flash/hyperflash/hyperflash.o
 .text.hyperflash_copy_2d_async
                0x000000001c00b780       0x1a /module/deploy/classification/BUILD/GAP8_V2/GCC_RISCV_FREERTOS//gap_sdk/rtos/pmsis/bsp/flash/hyperflash/hyperflash.o
 .text.hyperflash_copy_2d
                0x000000001c00b79a       0x46 /module/deploy/classification/BUILD/GAP8_V2/GCC_RISCV_FREERTOS//gap_sdk/rtos/pmsis/bsp/flash/hyperflash/hyperflash.o
 .text.hyperflash_set_reg_exec